09-18 15:52:34.000 1848-1938/system_process I/DropBoxManagerService: add tag=system_server_strictmode isTagEnabled=true flags=0x2
09-18 15:52:34.003 1848-1938/system_process I/DropBoxManagerService: add tag=system_server_strictmode isTagEnabled=true flags=0x2
09-18 15:52:34.004 2121-2121/com.android.systemui D/SystemUIBootTiming: StartServicescom.android.systemui.util.leak.GarbageMonitor$Service took to complete: 6ms
09-18 15:52:34.006 2121-2121/com.android.systemui D/SystemUIBootTiming: StartServicescom.android.systemui.LatencyTester took to complete: 1ms
09-18 15:52:34.007 1848-1938/system_process I/DropBoxManagerService: add tag=system_server_strictmode isTagEnabled=true flags=0x2
09-18 15:52:34.010 2121-2121/com.android.systemui D/SystemUIBootTiming: StartServicescom.android.systemui.globalactions.GlobalActionsComponent took to complete: 4ms
09-18 15:52:34.011 1848-1938/system_process I/DropBoxManagerService: add tag=system_server_strictmode isTagEnabled=true flags=0x2
09-18 15:52:34.014 1848-1938/system_process I/DropBoxManagerService: add tag=system_server_strictmode isTagEnabled=true flags=0x2
09-18 15:52:34.017 2121-2121/com.android.systemui D/SystemUIBootTiming: StartServicescom.android.systemui.ScreenDecorations took to complete: 7ms
09-18 15:52:34.017 1848-1938/system_process I/DropBoxManagerService: add tag=system_server_strictmode isTagEnabled=true flags=0x2
09-18 15:52:34.018 2121-2121/com.android.systemui D/SystemUIBootTiming: StartServicescom.android.systemui.biometrics.BiometricDialogImpl took to complete: 1ms
09-18 15:52:34.021 2121-2121/com.android.systemui D/SystemUIBootTiming: StartServicescom.android.systemui.biometrics.FODCircleViewImpl took to complete: 3ms
09-18 15:52:34.023 1848-1938/system_process I/DropBoxManagerService: add tag=system_server_strictmode isTagEnabled=true flags=0x2
09-18 15:52:34.024 2121-2121/com.android.systemui D/SystemUIBootTiming: StartServicescom.android.systemui.SliceBroadcastRelayHandler took to complete: 3ms
09-18 15:52:34.025 2121-2121/com.android.systemui D/SystemUIBootTiming: StartServicescom.android.systemui.SizeCompatModeActivityController took to complete: 1ms
09-18 15:52:34.025 1848-1938/system_process I/DropBoxManagerService: add tag=system_server_strictmode isTagEnabled=true flags=0x2
09-18 15:52:34.030 2121-2121/com.android.systemui D/SystemUIBootTiming: StartServicescom.android.systemui.statusbar.notification.InstantAppNotifier took to complete: 5ms
09-18 15:52:34.031 1848-1938/system_process I/DropBoxManagerService: add tag=system_server_strictmode isTagEnabled=true flags=0x2
09-18 15:52:34.036 1848-1938/system_process I/chatty: uid=1000(system) android.io identical 1 line
09-18 15:52:34.041 1848-1938/system_process I/DropBoxManagerService: add tag=system_server_strictmode isTagEnabled=true flags=0x2
09-18 15:52:34.043 2121-2121/com.android.systemui D/SystemUIBootTiming: StartServicescom.android.systemui.theme.ThemeOverlayController took to complete: 13ms
09-18 15:52:34.044 1848-1938/system_process I/DropBoxManagerService: add tag=system_server_strictmode isTagEnabled=true flags=0x2
09-18 15:52:34.049 1848-1938/system_process I/DropBoxManagerService: add tag=system_app_strictmode isTagEnabled=true flags=0x2
09-18 15:52:34.049 2121-2121/com.android.systemui D/InterruptionStateProvider: heads up is enabled
09-18 15:52:34.055 1848-1938/system_process I/DropBoxManagerService: add tag=system_server_strictmode isTagEnabled=true flags=0x2
09-18 15:52:34.060 2393-2393/com.android.phone W/m.android.phone: type=1400 audit(0.0:140): avc: denied { search } for name="tmp" dev="sda17" ino=7077890 scontext=u:r:radio:s0 tcontext=u:object_r:shell_data_file:s0 tclass=dir permissive=0
09-18 15:52:34.063 2393-2393/com.android.phone W/m.android.phone: type=1400 audit(0.0:142): avc: denied { search } for name="tmp" dev="sda17" ino=7077890 scontext=u:r:radio:s0 tcontext=u:object_r:shell_data_file:s0 tclass=dir permissive=0
09-18 15:52:34.060 2121-2121/com.android.systemui D/StatusBar: disable<e i a s b h r c s > disable2<q i n >
09-18 15:52:34.060 2121-2121/com.android.systemui D/SystemUIBootTiming: StartServices took to complete: 1320ms
09-18 15:52:34.061 1848-1938/system_process I/DropBoxManagerService: add tag=system_server_strictmode isTagEnabled=true flags=0x2
09-18 15:52:34.063 2393-2393/com.android.phone W/m.android.phone: type=1400 audit(0.0:143): avc: denied { search } for name="tmp" dev="sda17" ino=7077890 scontext=u:r:radio:s0 tcontext=u:object_r:shell_data_file:s0 tclass=dir permissive=0
09-18 15:52:34.066 1848-1875/system_process I/android_os_HwBinder: HwBinder: Starting thread pool for getting: vendor.lineage.trust@1.0::IUsbRestrict/default
09-18 15:52:34.063 2393-2393/com.android.phone W/m.android.phone: type=1400 audit(0.0:144): avc: denied { search } for name="tmp" dev="sda17" ino=7077890 scontext=u:r:radio:s0 tcontext=u:object_r:shell_data_file:s0 tclass=dir permissive=0
09-18 15:52:34.067 2393-2393/com.android.phone I/chatty: uid=1001(radio) com.android.phone identical 2 lines
09-18 15:52:34.067 2393-2393/com.android.phone W/m.android.phone: type=1400 audit(0.0:147): avc: denied { search } for name="tmp" dev="sda17" ino=7077890 scontext=u:r:radio:s0 tcontext=u:object_r:shell_data_file:s0 tclass=dir permissive=0
09-18 15:52:34.073 2121-2666/com.android.systemui I/Adreno: QUALCOMM build                   : 2c6a1c7, I1490fecf6e
    Build Date                       : 02/04/19
    OpenGL ES Shader Compiler Version: EV031.25.03.02
    Local Branch                     : 
    Remote Branch                    : 
    Remote Branch                    : 
    Reconstruct Branch               : 
    Build Config                     : S L 6.0.7 AArch64
09-18 15:52:34.078 1848-2795/system_process I/OMXClient: IOmx service obtained
09-18 15:52:34.078 919-919/? I/OMXMaster: makeComponentInstance(OMX.google.vorbis.decoder) in android.hardwar process
09-18 15:52:34.081 2121-2796/com.android.systemui I/OMXClient: IOmx service obtained
09-18 15:52:34.081 919-2773/? I/OMXMaster: makeComponentInstance(OMX.google.vorbis.decoder) in android.hardwar process
09-18 15:52:34.082 2121-2666/com.android.systemui I/Adreno: PFP: 0x005ff112, ME: 0x005ff066
09-18 15:52:34.083 2121-2666/com.android.systemui E/libEGL: Driver indicates EGL 1.5 support, but does not have a critical API
09-18 15:52:34.085 1848-1938/system_process I/chatty: uid=1000(system) android.io identical 5 lines
09-18 15:52:34.088 1848-1938/system_process I/DropBoxManagerService: add tag=system_server_strictmode isTagEnabled=true flags=0x2
09-18 15:52:34.089 2393-2393/com.android.phone E/SystemConfig: SystemConfig is being accessed by a process other than system_server.
09-18 15:52:34.091 1848-1938/system_process I/DropBoxManagerService: add tag=system_app_strictmode isTagEnabled=true flags=0x2
09-18 15:52:34.096 1848-1938/system_process I/DropBoxManagerService: add tag=system_server_strictmode isTagEnabled=true flags=0x2
09-18 15:52:34.101 1848-2802/system_process I/DropBoxManagerService: add tag=system_app_wtf isTagEnabled=true flags=0x2
09-18 15:52:34.101 1848-1938/system_process I/DropBoxManagerService: add tag=system_app_strictmode isTagEnabled=true flags=0x2
09-18 15:52:34.111 1848-1938/system_process I/DropBoxManagerService: add tag=system_server_strictmode isTagEnabled=true flags=0x2
09-18 15:52:34.113 2393-2393/com.android.phone W/SystemConfig: No directory /product_services/etc/sysconfig, skipping
    No directory /product_services/etc/permissions, skipping
09-18 15:52:34.114 2393-2393/com.android.phone I/ImsResolver: Initializing cache and binding.
09-18 15:52:34.115 1848-1938/system_process I/DropBoxManagerService: add tag=system_server_strictmode isTagEnabled=true flags=0x2
09-18 15:52:34.116 2393-2393/com.android.phone D/ImsExternalCallTracker: Registering: Handler (com.android.internal.telephony.imsphone.ImsPhone) {4b6c71c}
09-18 15:52:34.119 2393-2393/com.android.phone D/ImsExternalCallTracker: Registering: Handler (com.android.internal.telephony.imsphone.ImsPhone) {f237eab}
09-18 15:52:34.123 588-588/? I/hwservicemanager: getTransport: Cannot find entry android.hardware.graphics.mapper@3.0::IMapper/default in either framework or device manifest.
09-18 15:52:34.123 2121-2666/com.android.systemui W/Gralloc3: mapper 3.x is not supported
09-18 15:52:34.127 2393-2393/com.android.phone D/PhoneSwitcherNetworkRequstListener: Registering NetworkFactory
09-18 15:52:34.119 1848-1938/system_process I/chatty: uid=1000(system) android.io identical 1 line
09-18 15:52:34.123 1848-1938/system_process I/DropBoxManagerService: add tag=system_server_strictmode isTagEnabled=true flags=0x2
09-18 15:52:34.127 1848-2076/system_process D/ConnectivityService: Got NetworkFactory Messenger for PhoneSwitcherNetworkRequstListener
09-18 15:52:34.131 1848-1938/system_process I/DropBoxManagerService: add tag=system_server_strictmode isTagEnabled=true flags=0x2
09-18 15:52:34.138 1848-1938/system_process I/DropBoxManagerService: add tag=system_server_strictmode isTagEnabled=true flags=0x2
09-18 15:52:34.141 1848-2076/system_process D/ConnectivityService: Got NetworkFactory Messenger for TelephonyNetworkFactory[0]
09-18 15:52:34.141 1848-1938/system_process I/DropBoxManagerService: add tag=system_app_strictmode isTagEnabled=true flags=0x2
09-18 15:52:34.141 1848-2076/system_process D/ConnectivityService: Got NetworkFactory Messenger for TelephonyNetworkFactory[1]
09-18 15:52:34.142 2121-2121/com.android.systemui D/Tonal: Tonal Palette - index: 3. Main color: ff6b0405
    Colors: ff1c0201, ff350402, ff4e0304, ff6b0405, ff90050d, ffb40e07, ffd91108, ffe6433b, fff86350, fffa816d, fffba490, fffdcec1, fffee7e3
    Gradients: 
    	Normal GradientColors(ff6b0405, ff6b0405)
    	Dark GradientColors(ff6b0405, ff6b0405)
    	Extra dark: GradientColors(ff4e0304, ff4e0304)
    Tonal Palette - index: 3. Main color: ff6b0405
    Colors: ff1c0201, ff350402, ff4e0304, ff6b0405, ff90050d, ffb40e07, ffd91108, ffe6433b, fff86350, fffa816d, fffba490, fffdcec1, fffee7e3
    Gradients: 
    	Normal GradientColors(ff6b0405, ff6b0405)
    	Dark GradientColors(ff6b0405, ff6b0405)
    	Extra dark: GradientColors(ff4e0304, ff4e0304)
09-18 15:52:34.148 1848-1938/system_process I/DropBoxManagerService: add tag=system_app_strictmode isTagEnabled=true flags=0x2
09-18 15:52:34.151 2393-2393/com.android.phone D/CarrierConfigLoader: CarrierConfigLoader has started
09-18 15:52:34.152 1848-1875/system_process D/BluetoothManagerService: Trying to bind to profile: 1, while Bluetooth was disabled
09-18 15:52:34.153 1848-1938/system_process I/DropBoxManagerService: add tag=system_server_strictmode isTagEnabled=true flags=0x2
09-18 15:52:34.154 1848-2803/system_process I/OMXClient: IOmx service obtained
09-18 15:52:34.154 919-1024/? I/OMXMaster: makeComponentInstance(OMX.google.vorbis.decoder) in android.hardwar process
09-18 15:52:34.157 1848-1938/system_process I/DropBoxManagerService: add tag=system_server_strictmode isTagEnabled=true flags=0x2
09-18 15:52:34.157 2393-2804/com.android.phone E/ActivityThread: Failed to find provider info for com.android.contacts
09-18 15:52:34.157 2393-2804/com.android.phone W/CallerInfoCache: cursor is null
09-18 15:52:34.160 1848-1938/system_process I/DropBoxManagerService: add tag=system_server_strictmode isTagEnabled=true flags=0x2
09-18 15:52:34.160 793-793/? I/SDM: HWCDisplayPrimary::ProcessBootAnimCompleted: Applying default mode
09-18 15:52:34.161 829-829/? D/PermissionCache: checking android.permission.MODIFY_AUDIO_SETTINGS for uid=1001 => granted (690 us)
09-18 15:52:34.161 782-782/? D/audio_hw_primary: adev_set_parameters: enter: HACSetting=OFF
09-18 15:52:34.161 782-782/? D/audio_hw_hfp: hfp_set_parameters: enter
    hfp_set_parameters: enter
09-18 15:52:34.161 782-782/? D/audio_hw_extn: audio_extn_fm_set_parameters: Enter
09-18 15:52:34.162 782-782/? D/audio_hw_hfp: hfp_set_parameters: enter
09-18 15:52:34.167 2121-2121/com.android.systemui I/Choreographer: Skipped 46 frames!  The application may be doing too much work on its main thread.
09-18 15:52:34.163 1848-1938/system_process I/DropBoxManagerService: add tag=system_server_strictmode isTagEnabled=true flags=0x2
09-18 15:52:34.168 1848-1938/system_process I/DropBoxManagerService: add tag=system_app_strictmode isTagEnabled=true flags=0x2
09-18 15:52:34.176 588-588/? I/hwservicemanager: getTransport: Cannot find entry android.hardware.radio.config@1.1::IRadioConfig/default in either framework or device manifest.
    getTransport: Cannot find entry android.hardware.radio.config@1.0::IRadioConfig/default in either framework or device manifest.
09-18 15:52:34.173 1848-1938/system_process I/DropBoxManagerService: add tag=system_app_strictmode isTagEnabled=true flags=0x2
09-18 15:52:34.177 1848-1938/system_process I/DropBoxManagerService: add tag=system_server_strictmode isTagEnabled=true flags=0x2
09-18 15:52:34.187 2393-2393/com.android.phone W/m.android.phone: type=1400 audit(0.0:148): avc: denied { search } for name="tmp" dev="sda17" ino=7077890 scontext=u:r:radio:s0 tcontext=u:object_r:shell_data_file:s0 tclass=dir permissive=0
09-18 15:52:34.192 2121-2666/com.android.systemui I/OpenGLRenderer: Davey! duration=803ms; Flags=1, IntendedVsync=60514957756, Vsync=61281624392, OldestInputEvent=9223372036854775807, NewestInputEvent=0, HandleInputStart=61293961364, AnimationStart=61293993968, PerformTraversalsStart=61294158291, DrawStart=61317020168, SyncQueued=61317087043, SyncStart=61317298606, IssueDrawCommandsStart=61317327512, SwapBuffers=61317835220, FrameCompleted=61318305481, DequeueBufferDuration=79000, QueueBufferDuration=161000, 
09-18 15:52:34.183 1848-1938/system_process I/chatty: uid=1000(system) android.io identical 1 line
09-18 15:52:34.188 1848-1938/system_process I/DropBoxManagerService: add tag=system_server_strictmode isTagEnabled=true flags=0x2
09-18 15:52:34.193 1848-1938/system_process I/DropBoxManagerService: add tag=system_app_strictmode isTagEnabled=true flags=0x2
09-18 15:52:34.190 2393-2393/com.android.phone W/m.android.phone: type=1400 audit(0.0:151): avc: denied { search } for name="tmp" dev="sda17" ino=7077890 scontext=u:r:radio:s0 tcontext=u:object_r:shell_data_file:s0 tclass=dir permissive=0
09-18 15:52:34.198 1848-1938/system_process I/DropBoxManagerService: add tag=system_server_strictmode isTagEnabled=true flags=0x2
09-18 15:52:34.190 2393-2393/com.android.phone I/chatty: uid=1001(radio) com.android.phone identical 1 line
09-18 15:52:34.190 2393-2393/com.android.phone W/m.android.phone: type=1400 audit(0.0:153): avc: denied { search } for name="tmp" dev="sda17" ino=7077890 scontext=u:r:radio:s0 tcontext=u:object_r:shell_data_file:s0 tclass=dir permissive=0
09-18 15:52:34.201 2121-2121/com.android.systemui D/KeyguardClockSwitch: Updating clock: 3:52
09-18 15:52:34.204 1848-1875/system_process I/DefaultPermGrantPolicy: Revoking permissions from disabled data services for user:0
09-18 15:52:34.205 1848-1875/system_process I/DefaultPermGrantPolicy: Granting permissions to enabled data services for user:0
09-18 15:52:34.213 2393-2393/com.android.phone W/m.android.phone: type=1400 audit(0.0:154): avc: denied { search } for name="tmp" dev="sda17" ino=7077890 scontext=u:r:radio:s0 tcontext=u:object_r:shell_data_file:s0 tclass=dir permissive=0
09-18 15:52:34.207 1848-1938/system_process I/chatty: uid=1000(system) android.io identical 1 line
09-18 15:52:34.212 1848-1938/system_process I/DropBoxManagerService: add tag=system_server_strictmode isTagEnabled=true flags=0x2
09-18 15:52:34.215 1848-1938/system_process I/DropBoxManagerService: add tag=system_app_strictmode isTagEnabled=true flags=0x2
09-18 15:52:34.219 1848-1938/system_process I/DropBoxManagerService: add tag=system_server_strictmode isTagEnabled=true flags=0x2
09-18 15:52:34.223 1848-1938/system_process I/chatty: uid=1000(system) android.io identical 1 line
09-18 15:52:34.227 1848-1938/system_process I/DropBoxManagerService: add tag=system_server_strictmode isTagEnabled=true flags=0x2
09-18 15:52:34.231 1848-1938/system_process I/DropBoxManagerService: add tag=system_app_strictmode isTagEnabled=true flags=0x2
09-18 15:52:34.217 2393-2393/com.android.phone I/chatty: uid=1001(radio) com.android.phone identical 4 lines
09-18 15:52:34.217 2393-2393/com.android.phone W/m.android.phone: type=1400 audit(0.0:159): avc: denied { search } for name="tmp" dev="sda17" ino=7077890 scontext=u:r:radio:s0 tcontext=u:object_r:shell_data_file:s0 tclass=dir permissive=0
09-18 15:52:34.240 1848-2815/system_process I/OMXClient: IOmx service obtained
09-18 15:52:34.246 919-1024/? I/OMXMaster: makeComponentInstance(OMX.google.vorbis.decoder) in android.hardwar process
09-18 15:52:34.245 1848-1938/system_process I/chatty: uid=1000(system) android.io identical 4 lines
09-18 15:52:34.250 1848-1938/system_process I/DropBoxManagerService: add tag=system_app_strictmode isTagEnabled=true flags=0x2
09-18 15:52:34.256 1848-1938/system_process I/DropBoxManagerService: add tag=system_server_strictmode isTagEnabled=true flags=0x2
09-18 15:52:34.259 1848-1938/system_process I/DropBoxManagerService: add tag=system_app_strictmode isTagEnabled=true flags=0x2
09-18 15:52:34.263 1848-1938/system_process I/DropBoxManagerService: add tag=system_app_strictmode isTagEnabled=true flags=0x2
09-18 15:52:34.267 2121-2513/com.android.systemui E/ActivityThread: Failed to find provider info for com.android.contacts
09-18 15:52:34.273 1848-1938/system_process I/DropBoxManagerService: add tag=system_app_strictmode isTagEnabled=true flags=0x2
09-18 15:52:34.276 1848-1938/system_process I/DropBoxManagerService: add tag=system_app_strictmode isTagEnabled=true flags=0x2
09-18 15:52:34.280 1848-1938/system_process I/DropBoxManagerService: add tag=system_server_strictmode isTagEnabled=true flags=0x2
09-18 15:52:34.285 1848-1938/system_process I/DropBoxManagerService: add tag=system_app_strictmode isTagEnabled=true flags=0x2
09-18 15:52:34.289 1848-1938/system_process I/DropBoxManagerService: add tag=system_server_strictmode isTagEnabled=true flags=0x2
09-18 15:52:34.306 2393-2393/com.android.phone D/TelephonyProvider: subIdString = -1 subId = -1
09-18 15:52:34.307 1848-1938/system_process I/chatty: uid=1000(system) android.io identical 6 lines
09-18 15:52:34.310 1848-1938/system_process I/DropBoxManagerService: add tag=system_server_strictmode isTagEnabled=true flags=0x2
09-18 15:52:34.312 2121-2513/com.android.systemui E/ActivityThread: Failed to find provider info for com.android.contacts
09-18 15:52:34.314 1848-2820/system_process I/OMXClient: IOmx service obtained
09-18 15:52:34.314 919-1024/? I/OMXMaster: makeComponentInstance(OMX.google.vorbis.decoder) in android.hardwar process
09-18 15:52:34.315 2393-2393/com.android.phone D/TelephonyProvider: getPreferredApnIdFromApn: for subId -1
09-18 15:52:34.315 1848-1938/system_process I/DropBoxManagerService: add tag=system_server_strictmode isTagEnabled=true flags=0x2
09-18 15:52:34.347 2393-2393/com.android.phone W/m.android.phone: type=1400 audit(0.0:160): avc: denied { search } for name="tmp" dev="sda17" ino=7077890 scontext=u:r:radio:s0 tcontext=u:object_r:shell_data_file:s0 tclass=dir permissive=0
09-18 15:52:34.350 2393-2393/com.android.phone I/chatty: uid=1001(radio) com.android.phone identical 4 lines
09-18 15:52:34.350 2393-2393/com.android.phone W/m.android.phone: type=1400 audit(0.0:165): avc: denied { search } for name="tmp" dev="sda17" ino=7077890 scontext=u:r:radio:s0 tcontext=u:object_r:shell_data_file:s0 tclass=dir permissive=0
09-18 15:52:34.356 893-2825/? D/Diag_Lib: use failover meid
09-18 15:52:34.352 1848-1938/system_process I/chatty: uid=1000(system) android.io identical 10 lines
09-18 15:52:34.355 1848-1938/system_process I/DropBoxManagerService: add tag=system_server_strictmode isTagEnabled=true flags=0x2
09-18 15:52:34.359 1848-1936/system_process W/Looper: Slow delivery took 227ms android.fg h=android.os.Handler c=<recycled PooledLambda@4fe3dd5> m=0
09-18 15:52:34.360 1848-1938/system_process I/DropBoxManagerService: add tag=system_server_strictmode isTagEnabled=true flags=0x2
09-18 15:52:34.365 1848-1876/system_process I/DefaultPermGrantPolicy: Revoking permissions from disabled data services for user:0
    Granting permissions to enabled data services for user:0
09-18 15:52:34.371 829-829/? D/AudioPolicyManagerCustom: setForceUse() usage 3, config 8, mPhoneState 0
09-18 15:52:34.372 829-829/? D/AudioPolicyManagerCustom: setForceUse() usage 7, config 0, mPhoneState 0
09-18 15:52:34.370 2393-2393/com.android.phone W/m.android.phone: type=1400 audit(0.0:166): avc: denied { search } for name="tmp" dev="sda17" ino=7077890 scontext=u:r:radio:s0 tcontext=u:object_r:shell_data_file:s0 tclass=dir permissive=0
09-18 15:52:34.373 2393-2393/com.android.phone I/chatty: uid=1001(radio) com.android.phone identical 4 lines
09-18 15:52:34.373 2393-2393/com.android.phone W/m.android.phone: type=1400 audit(0.0:171): avc: denied { search } for name="tmp" dev="sda17" ino=7077890 scontext=u:r:radio:s0 tcontext=u:object_r:shell_data_file:s0 tclass=dir permissive=0
09-18 15:52:34.386 829-2637/? D/AudioPolicyManagerCustom: setForceUse() usage 7, config 0, mPhoneState 0
09-18 15:52:34.394 2121-2121/com.android.systemui D/StatusBar: disable<e i a s b h r c s > disable2<q i n >
09-18 15:52:34.423 2121-2666/com.android.systemui I/OpenGLRenderer: Davey! duration=1034ms; Flags=1, IntendedVsync=60514957756, Vsync=61281624392, OldestInputEvent=9223372036854775807, NewestInputEvent=0, HandleInputStart=61293961364, AnimationStart=61293993968, PerformTraversalsStart=61294158291, DrawStart=61545568524, SyncQueued=61545856597, SyncStart=61546186441, IssueDrawCommandsStart=61546252899, SwapBuffers=61547357899, FrameCompleted=61550093473, DequeueBufferDuration=372000, QueueBufferDuration=444000, 
09-18 15:52:34.431 2393-2393/com.android.phone D/TelephonyProvider: subIdString = -1 subId = -1
    getPreferredApnIdFromApn: for subId -1
09-18 15:52:34.428 1848-1938/system_process I/chatty: uid=1000(system) android.io identical 15 lines
09-18 15:52:34.432 1848-1938/system_process I/DropBoxManagerService: add tag=system_server_strictmode isTagEnabled=true flags=0x2
09-18 15:52:34.434 1848-1938/system_process I/DropBoxManagerService: add tag=system_app_strictmode isTagEnabled=true flags=0x2
09-18 15:52:34.435 1848-1938/system_process I/DropBoxManagerService: add tag=system_server_strictmode isTagEnabled=true flags=0x2
09-18 15:52:34.439 1848-1938/system_process I/DropBoxManagerService: add tag=system_server_strictmode isTagEnabled=true flags=0x2
09-18 15:52:34.445 1848-1938/system_process I/DropBoxManagerService: add tag=system_app_strictmode isTagEnabled=true flags=0x2
09-18 15:52:34.455 2121-2121/com.android.systemui D/ImageWallpaperRenderer: loadBitmap: mBitmap=null
09-18 15:52:34.457 2393-2393/com.android.phone W/m.android.phone: type=1400 audit(0.0:172): avc: denied { search } for name="tmp" dev="sda17" ino=7077890 scontext=u:r:radio:s0 tcontext=u:object_r:shell_data_file:s0 tclass=dir permissive=0
09-18 15:52:34.458 2393-2393/com.android.phone D/ImsResolver: maybeAddedImsService, packageName: null
09-18 15:52:34.464 2393-2393/com.android.phone I/ImsResolver: service name: ComponentInfo{org.codeaurora.ims/org.codeaurora.ims.ImsService}, manifest query: true
09-18 15:52:34.465 2393-2393/com.android.phone I/ImsResolver: Adding newly added ImsService to cache: ComponentInfo{org.codeaurora.ims/org.codeaurora.ims.ImsService}
09-18 15:52:34.463 2393-2393/com.android.phone W/m.android.phone: type=1400 audit(0.0:174): avc: denied { search } for name="tmp" dev="sda17" ino=7077890 scontext=u:r:radio:s0 tcontext=u:object_r:shell_data_file:s0 tclass=dir permissive=0
09-18 15:52:34.456 1848-1938/system_process I/chatty: uid=1000(system) android.io identical 3 lines
09-18 15:52:34.461 1848-1938/system_process I/DropBoxManagerService: add tag=system_app_strictmode isTagEnabled=true flags=0x2
09-18 15:52:34.467 1848-1938/system_process I/DropBoxManagerService: add tag=system_server_strictmode isTagEnabled=true flags=0x2
09-18 15:52:34.463 2393-2393/com.android.phone W/m.android.phone: type=1400 audit(0.0:175): avc: denied { search } for name="tmp" dev="sda17" ino=7077890 scontext=u:r:radio:s0 tcontext=u:object_r:shell_data_file:s0 tclass=dir permissive=0
09-18 15:52:34.468 2393-2393/com.android.phone I/ImsResolver: Binding ImsService: ComponentInfo{org.codeaurora.ims/org.codeaurora.ims.ImsService} with features: [{s=0, f=0}, {s=1, f=1}, {s=0, f=1}, {s=1, f=0}]
09-18 15:52:34.468 2393-2393/com.android.phone I/ImsServiceController: Granting Runtime permissions to:ComponentInfo{org.codeaurora.ims/org.codeaurora.ims.ImsService}
09-18 15:52:34.468 1848-2184/system_process I/DefaultPermGrantPolicy: Granting permissions to enabled ImsServices for user:0
09-18 15:52:34.473 2393-2393/com.android.phone I/ImsServiceController: Binding ImsService:ComponentInfo{org.codeaurora.ims/org.codeaurora.ims.ImsService}
09-18 15:52:34.470 2393-2393/com.android.phone W/m.android.phone: type=1400 audit(0.0:176): avc: denied { search } for name="tmp" dev="sda17" ino=7077890 scontext=u:r:radio:s0 tcontext=u:object_r:shell_data_file:s0 tclass=dir permissive=0
09-18 15:52:34.473 2393-2393/com.android.phone I/chatty: uid=1001(radio) com.android.phone identical 2 lines
09-18 15:52:34.473 2393-2393/com.android.phone W/m.android.phone: type=1400 audit(0.0:179): avc: denied { search } for name="tmp" dev="sda17" ino=7077890 scontext=u:r:radio:s0 tcontext=u:object_r:shell_data_file:s0 tclass=dir permissive=0
09-18 15:52:34.477 891-891/? E/QTI_SDM_INFO: [qti_rmnet_peripheral.c:739] qti_file_open():Could not open device file. Errno 2 error msg=No such file or directory
09-18 15:52:34.479 2393-2393/com.android.phone I/ImsExternalCallTracker: handleVideoCapabilitiesChanged : isVideoCapable = false
09-18 15:52:34.479 2393-2393/com.android.phone D/ImsExternalCallTracker: refreshCallPullState
09-18 15:52:34.486 2393-2393/com.android.phone I/ImsExternalCallTracker: handleVideoCapabilitiesChanged : isVideoCapable = false
09-18 15:52:34.486 2393-2393/com.android.phone D/ImsExternalCallTracker: refreshCallPullState
09-18 15:52:34.494 588-588/? I/hwservicemanager: getTransport: Cannot find entry android.hardware.radio.config@1.1::IRadioConfig/default in either framework or device manifest.
09-18 15:52:34.497 588-588/? I/hwservicemanager: getTransport: Cannot find entry android.hardware.radio.config@1.0::IRadioConfig/default in either framework or device manifest.
09-18 15:52:34.498 775-775/? D/Zygote: Forked child process 2831
09-18 15:52:34.498 588-588/? I/hwservicemanager: getTransport: Cannot find entry android.hardware.radio.config@1.1::IRadioConfig/default in either framework or device manifest.
09-18 15:52:34.499 588-588/? I/hwservicemanager: getTransport: Cannot find entry android.hardware.radio.config@1.0::IRadioConfig/default in either framework or device manifest.
09-18 15:52:34.495 1848-1938/system_process I/chatty: uid=1000(system) android.io identical 6 lines
09-18 15:52:34.498 1848-1938/system_process I/DropBoxManagerService: add tag=system_server_strictmode isTagEnabled=true flags=0x2
09-18 15:52:34.500 1848-1957/system_process I/ActivityManager: Start proc 2831:com.android.cellbroadcastreceiver/u0a53 for broadcast {com.android.cellbroadcastreceiver/com.android.cellbroadcastreceiver.CellBroadcastReceiver}
09-18 15:52:34.501 1848-1938/system_process I/DropBoxManagerService: add tag=system_server_strictmode isTagEnabled=true flags=0x2
09-18 15:52:34.503 1848-1938/system_process I/DropBoxManagerService: add tag=system_server_strictmode isTagEnabled=true flags=0x2
09-18 15:52:34.503 1848-2184/system_process D/ConnectivityService: requestNetwork for uid/pid:1001/2393 NetworkRequest [ TRACK_DEFAULT id=17, [ Capabilities: INTERNET&NOT_RESTRICTED&TRUSTED Uid: 1001] ]
09-18 15:52:34.504 1848-2114/system_process D/Ethernet: got request NetworkRequest [ TRACK_DEFAULT id=17, [ Capabilities: INTERNET&NOT_RESTRICTED&TRUSTED Uid: 1001] ] with score 0 and serial 0
09-18 15:52:34.505 2121-2121/com.android.systemui D/ImageWallpaperRenderer: loadBitmap done, surface size=Rect(0, 0 - 1700, 2160)
09-18 15:52:34.508 1848-1938/system_process I/DropBoxManagerService: add tag=system_server_strictmode isTagEnabled=true flags=0x2
09-18 15:52:34.511 1848-1938/system_process I/DropBoxManagerService: add tag=system_app_strictmode isTagEnabled=true flags=0x2
09-18 15:52:34.512 588-588/? I/hwservicemanager: getTransport: Cannot find entry android.hardware.radio.config@1.1::IRadioConfig/default in either framework or device manifest.
    getTransport: Cannot find entry android.hardware.radio.config@1.0::IRadioConfig/default in either framework or device manifest.
09-18 15:52:34.513 2393-2393/com.android.phone D/PhoneSwitcherNetworkRequstListener: got request NetworkRequest [ REQUEST id=7, [ Capabilities: INTERNET&NOT_RESTRICTED&TRUSTED&NOT_VPN] ] with score 0 and serial -1
    got request NetworkRequest [ REQUEST id=1, [ Capabilities: INTERNET&NOT_RESTRICTED&TRUSTED&NOT_VPN] ] with score 0 and serial -1
    got request NetworkRequest [ TRACK_DEFAULT id=13, [ Capabilities: INTERNET&NOT_RESTRICTED&TRUSTED Uid: 10106] ] with score 0 and serial -1
    got request NetworkRequest [ BACKGROUND_REQUEST id=2, [ Transports: CELLULAR Capabilities: INTERNET&NOT_RESTRICTED&TRUSTED&NOT_VPN] ] with score 0 and serial -1
    got request NetworkRequest [ TRACK_DEFAULT id=10, [ Capabilities: INTERNET&NOT_RESTRICTED&TRUSTED Uid: 1000] ] with score 0 and serial -1
09-18 15:52:34.514 2393-2393/com.android.phone D/TelephonyDebugService: TelephonyDebugService()
09-18 15:52:34.514 2393-2393/com.android.phone D/CarrierConfigLoader: mHandler: 12 phoneId: 0
09-18 15:52:34.515 1848-1938/system_process I/DropBoxManagerService: add tag=system_server_strictmode isTagEnabled=true flags=0x2
09-18 15:52:34.516 2121-2121/com.android.systemui D/ImageWallpaper: wallpaper visibility changes to: true
    wallpaper visibility changes to: false
09-18 15:52:34.518 1848-1938/system_process I/chatty: uid=1000(system) android.io identical 1 line
09-18 15:52:34.523 1848-1938/system_process I/DropBoxManagerService: add tag=system_server_strictmode isTagEnabled=true flags=0x2
09-18 15:52:34.527 1848-1938/system_process I/DropBoxManagerService: add tag=system_app_strictmode isTagEnabled=true flags=0x2
09-18 15:52:34.531 1848-1938/system_process I/DropBoxManagerService: add tag=system_server_strictmode isTagEnabled=true flags=0x2
09-18 15:52:34.546 1848-1938/system_process I/chatty: uid=1000(system) android.io identical 3 lines
09-18 15:52:34.548 1848-1938/system_process I/DropBoxManagerService: add tag=system_server_strictmode isTagEnabled=true flags=0x2
09-18 15:52:34.550 1848-1938/system_process I/DropBoxManagerService: add tag=system_app_strictmode isTagEnabled=true flags=0x2
09-18 15:52:34.550 2831-2831/? V/Riru: hook removed
    edxp: forkAndSpecializePost
09-18 15:52:34.552 1848-2070/system_process W/BestClock: java.time.DateTimeException: Missing NTP fix
09-18 15:52:34.552 2121-2479/com.android.systemui D/ImageWallpaperRenderer: loadBitmap: mBitmap=android.graphics.Bitmap@fb86e30
    loadBitmap done, surface size=Rect(0, 0 - 1700, 2160)
09-18 15:52:34.552 1848-2070/system_process W/BestClock: java.time.DateTimeException: Missing NTP fix
09-18 15:52:34.553 2121-2479/com.android.systemui W/ndroid.systemu: Core platform API violation: Ljava/nio/Buffer;->position:I from Landroid/opengl/GLES20; using JNI
    Core platform API violation: Ljava/nio/Buffer;->limit:I from Landroid/opengl/GLES20; using JNI
    Core platform API violation: Ljava/nio/Buffer;->_elementSizeShift:I from Landroid/opengl/GLES20; using JNI
    Core platform API violation: Ljava/nio/Buffer;->address:J from Landroid/opengl/GLES20; using JNI
09-18 15:52:34.553 774-1059/? I/netd: bandwidthSetGlobalAlert(2097152) <0.17ms>
09-18 15:52:34.558 1848-1938/system_process I/DropBoxManagerService: add tag=system_server_strictmode isTagEnabled=true flags=0x2
09-18 15:52:34.561 1848-1938/system_process I/DropBoxManagerService: add tag=system_app_strictmode isTagEnabled=true flags=0x2
09-18 15:52:34.563 1848-1938/system_process I/DropBoxManagerService: add tag=system_server_strictmode isTagEnabled=true flags=0x2
09-18 15:52:34.567 2393-2393/com.android.phone D/ServiceStateProvider: subId=-1
09-18 15:52:34.565 1848-1938/system_process I/chatty: uid=1000(system) android.io identical 1 line
09-18 15:52:34.569 1848-1938/system_process I/DropBoxManagerService: add tag=system_server_strictmode isTagEnabled=true flags=0x2
09-18 15:52:34.574 1848-1938/system_process I/DropBoxManagerService: add tag=system_app_strictmode isTagEnabled=true flags=0x2
09-18 15:52:34.575 2831-2831/com.android.cellbroadcastreceiver W/oadcastreceive: Unsupported class loader
09-18 15:52:34.576 2121-2121/com.android.systemui D/ClockController: onTuningChanged key=icon_blacklist value=null
09-18 15:52:34.577 1848-1938/system_process I/DropBoxManagerService: add tag=system_server_strictmode isTagEnabled=true flags=0x2
09-18 15:52:34.580 2831-2831/com.android.cellbroadcastreceiver D/SandHook: method <public java.lang.ClassLoader android.app.LoadedApk.getClassLoader()> hook <replacement> success!
09-18 15:52:34.581 2121-2479/com.android.systemui D/ImageWallpaper: onSurfaceChanged: w=1700, h=2160
09-18 15:52:34.581 1848-1938/system_process I/DropBoxManagerService: add tag=system_app_strictmode isTagEnabled=true flags=0x2
09-18 15:52:34.582 2121-2479/com.android.systemui D/ImageWallpaper: onSurfaceRedrawNeeded: mNeedRedraw=true
    preRender start
    preRender end
09-18 15:52:34.585 2121-2121/com.android.systemui D/ClockController: onTuningChanged key=lineagesystem:status_bar_clock value=2
09-18 15:52:34.586 2121-2121/com.android.systemui D/ClockController: onTuningChanged key=icon_blacklist value=null
09-18 15:52:34.587 2121-2121/com.android.systemui D/ClockController: onTuningChanged key=lineagesystem:status_bar_clock value=2
09-18 15:52:34.591 2121-2479/com.android.systemui D/ImageWallpaper: postRender start
    postRender end
09-18 15:52:34.587 1848-1938/system_process I/chatty: uid=1000(system) android.io identical 2 lines
09-18 15:52:34.590 1848-1938/system_process I/DropBoxManagerService: add tag=system_app_strictmode isTagEnabled=true flags=0x2
09-18 15:52:34.593 1848-1938/system_process I/DropBoxManagerService: add tag=system_server_strictmode isTagEnabled=true flags=0x2
09-18 15:52:34.611 2393-2393/com.android.phone D/ApplicationLoaders: Returning zygote-cached class loader: /system/framework/android.hidl.base-V1.0-java.jar
    Returning zygote-cached class loader: /system/framework/android.hidl.manager-V1.0-java.jar
    Returning zygote-cached class loader: /system/framework/android.hidl.base-V1.0-java.jar
09-18 15:52:34.614 2831-2831/com.android.cellbroadcastreceiver W/oadcastreceive: Unsupported class loader
09-18 15:52:34.622 2831-2831/com.android.cellbroadcastreceiver D/SandHook: method <public void android.view.SurfaceView.setSecure(boolean)> hook <replacement> success!
09-18 15:52:34.625 2831-2831/com.android.cellbroadcastreceiver W/oadcastreceive: Unsupported class loader
09-18 15:52:34.629 2831-2831/com.android.cellbroadcastreceiver D/SandHook: method <public android.widget.TextView(android.content.Context)> hook <replacement> success!
09-18 15:52:34.630 2831-2831/com.android.cellbroadcastreceiver W/oadcastreceive: Unsupported class loader
09-18 15:52:34.630 2393-2393/com.android.phone W/m.android.phon: JIT profile information will not be recorded: profile file does not exits.
09-18 15:52:34.633 2831-2831/com.android.cellbroadcastreceiver D/SandHook: method <public android.widget.TextView(android.content.Context,android.util.AttributeSet)> hook <replacement> success!
09-18 15:52:34.634 2831-2831/com.android.cellbroadcastreceiver W/oadcastreceive: Unsupported class loader
09-18 15:52:34.635 2393-2393/com.android.phone E/EdXposed-Bridge: java.lang.AbstractMethodError: abstract method "void de.robv.android.xposed.IXposedHookLoadPackage.handleLoadPackage(de.robv.android.xposed.callbacks.XC_LoadPackage$LoadPackageParam)"
        at de.robv.android.xposed.IXposedHookLoadPackage$Wrapper.handleLoadPackage(IXposedHookLoadPackage.java:37)
        at de.robv.android.xposed.callbacks.XC_LoadPackage.call(XC_LoadPackage.java:61)
        at de.robv.android.xposed.callbacks.XCallback.callAll(XCallback.java:117)
        at com.elderdrivers.riru.edxp._hooker.impl.LoadedApkGetCL.afterHookedMethod(LoadedApkGetCL.java:61)
        at de.robv.android.xposed.XC_MethodHook.callAfterHookedMethod(XC_MethodHook.java:68)
        at com.swift.sandhook.xposedcompat.hookstub.HookStubManager.hookBridge(HookStubManager.java:388)
        at SandHookerNew_35f4vrpdo2vmlbkhbqk0r22p8o.hook(Unknown Source:46)
        at android.app.ActivityThread.handleCreateService(ActivityThread.java:3933)
        at android.app.ActivityThread.access$1500(ActivityThread.java:219)
        at android.app.ActivityThread$H.handleMessage(ActivityThread.java:1875)
        at android.os.Handler.dispatchMessage(Handler.java:107)
        at android.os.Looper.loop(Looper.java:214)
        at android.app.ActivityThread.main(ActivityThread.java:7356)
        at java.lang.reflect.Method.invoke(Native Method)
        at com.android.internal.os.RuntimeInit$MethodAndArgsCaller.run(RuntimeInit.java:491)
        at com.android.internal.os.ZygoteInit.main(ZygoteInit.java:940)
09-18 15:52:34.636 2831-2831/com.android.cellbroadcastreceiver D/SandHook: method <public android.widget.TextView(android.content.Context,android.util.AttributeSet,int)> hook <replacement> success!
09-18 15:52:34.637 2831-2831/com.android.cellbroadcastreceiver W/oadcastreceive: Unsupported class loader
09-18 15:52:34.640 2831-2831/com.android.cellbroadcastreceiver D/SandHook: method <public android.widget.TextView(android.content.Context,android.util.AttributeSet,int,int)> hook <replacement> success!
09-18 15:52:34.643 2831-2831/com.android.cellbroadcastreceiver W/oadcastreceive: Unsupported class loader
09-18 15:52:34.647 2831-2831/com.android.cellbroadcastreceiver D/SandHook: method <protected void android.widget.TextView.onFocusChanged(boolean,int,android.graphics.Rect)> hook <replacement> success!
09-18 15:52:34.649 2831-2831/com.android.cellbroadcastreceiver W/oadcastreceive: Unsupported class loader
09-18 15:52:34.645 1848-1938/system_process I/chatty: uid=1000(system) android.io identical 9 lines
09-18 15:52:34.649 1848-1938/system_process I/DropBoxManagerService: add tag=system_server_strictmode isTagEnabled=true flags=0x2
09-18 15:52:34.652 1848-1938/system_process I/DropBoxManagerService: add tag=system_app_strictmode isTagEnabled=true flags=0x2
09-18 15:52:34.655 1848-1938/system_process I/DropBoxManagerService: add tag=system_server_strictmode isTagEnabled=true flags=0x2
09-18 15:52:34.656 2831-2831/com.android.cellbroadcastreceiver D/SandHook: method <public boolean android.widget.Editor$TextActionModeCallback.onCreateActionMode(android.view.ActionMode,android.view.Menu)> hook <replacement> success!
09-18 15:52:34.657 2393-2393/com.android.phone E/EdXposed-Bridge: java.lang.NoSuchMethodError: android.app.WallpaperManager$Globals#getWallpaperColors(int,int)#exact
        at de.robv.android.xposed.XposedHelpers.findMethodExact(XposedHelpers.java:333)
        at de.robv.android.xposed.XposedHelpers.findAndHookMethod(XposedHelpers.java:185)
        at de.robv.android.xposed.XposedHelpers.findAndHookMethod(XposedHelpers.java:260)
        at xyz.joas.forcedarkmodeoreo.ForceDarkMode.handleLoadPackage(ForceDarkMode.java:102)
        at de.robv.android.xposed.IXposedHookLoadPackage$Wrapper.handleLoadPackage(IXposedHookLoadPackage.java:37)
        at de.robv.android.xposed.callbacks.XC_LoadPackage.call(XC_LoadPackage.java:61)
        at de.robv.android.xposed.callbacks.XCallback.callAll(XCallback.java:117)
        at com.elderdrivers.riru.edxp._hooker.impl.LoadedApkGetCL.afterHookedMethod(LoadedApkGetCL.java:61)
        at de.robv.android.xposed.XC_MethodHook.callAfterHookedMethod(XC_MethodHook.java:68)
        at com.swift.sandhook.xposedcompat.hookstub.HookStubManager.hookBridge(HookStubManager.java:388)
        at SandHookerNew_35f4vrpdo2vmlbkhbqk0r22p8o.hook(Unknown Source:46)
        at android.app.ActivityThread.handleCreateService(ActivityThread.java:3933)
        at android.app.ActivityThread.access$1500(ActivityThread.java:219)
        at android.app.ActivityThread$H.handleMessage(ActivityThread.java:1875)
        at android.os.Handler.dispatchMessage(Handler.java:107)
        at android.os.Looper.loop(Looper.java:214)
        at android.app.ActivityThread.main(ActivityThread.java:7356)
        at java.lang.reflect.Method.invoke(Native Method)
        at com.android.internal.os.RuntimeInit$MethodAndArgsCaller.run(RuntimeInit.java:491)
        at com.android.internal.os.ZygoteInit.main(ZygoteInit.java:940)
09-18 15:52:34.657 2831-2831/com.android.cellbroadcastreceiver W/oadcastreceive: Unsupported class loader
09-18 15:52:34.657 1848-1938/system_process I/DropBoxManagerService: add tag=system_server_strictmode isTagEnabled=true flags=0x2
09-18 15:52:34.660 1848-1938/system_process I/DropBoxManagerService: add tag=system_app_strictmode isTagEnabled=true flags=0x2
09-18 15:52:34.660 2831-2831/com.android.cellbroadcastreceiver D/SandHook: method <public boolean android.widget.Editor$TextActionModeCallback.onActionItemClicked(android.view.ActionMode,android.view.MenuItem)> hook <replacement> success!
09-18 15:52:34.662 1848-1938/system_process I/DropBoxManagerService: add tag=system_app_strictmode isTagEnabled=true flags=0x2
09-18 15:52:34.664 1848-1938/system_process I/DropBoxManagerService: add tag=system_server_strictmode isTagEnabled=true flags=0x2
09-18 15:52:34.670 2831-2831/com.android.cellbroadcastreceiver E/EdXposed-Bridge: java.lang.AbstractMethodError: abstract method "void de.robv.android.xposed.IXposedHookLoadPackage.handleLoadPackage(de.robv.android.xposed.callbacks.XC_LoadPackage$LoadPackageParam)"
        at de.robv.android.xposed.IXposedHookLoadPackage$Wrapper.handleLoadPackage(IXposedHookLoadPackage.java:37)
        at de.robv.android.xposed.callbacks.XC_LoadPackage.call(XC_LoadPackage.java:61)
        at de.robv.android.xposed.callbacks.XCallback.callAll(XCallback.java:117)
        at com.elderdrivers.riru.edxp._hooker.impl.LoadedApkGetCL.afterHookedMethod(LoadedApkGetCL.java:61)
        at de.robv.android.xposed.XC_MethodHook.callAfterHookedMethod(XC_MethodHook.java:68)
        at com.swift.sandhook.xposedcompat.hookstub.HookStubManager.hookBridge(HookStubManager.java:388)
        at SandHookerNew_35f4vrpdo2vmlbkhbqk0r22p8o.hook(Unknown Source:46)
        at android.app.LoadedApk.getResources(LoadedApk.java:1193)
        at android.app.ContextImpl.createAppContext(ContextImpl.java:2462)
        at android.app.ContextImpl.createAppContext(ContextImpl.java:2454)
        at android.app.ActivityThread.handleBindApplication(ActivityThread.java:6343)
        at java.lang.reflect.Method.invoke(Native Method)
        at com.swift.sandhook.SandHook.callOriginMethod(SandHook.java:185)
        at com.swift.sandhook.xposedcompat.hookstub.HookStubManager.hookBridge(HookStubManager.java:375)
        at SandHookerNew_5sm3dthec8858ee0to4kj3c1ge.hook(Unknown Source:51)
        at android.app.ActivityThread.access$1300(ActivityThread.java:219)
        at android.app.ActivityThread$H.handleMessage(ActivityThread.java:1859)
        at android.os.Handler.dispatchMessage(Handler.java:107)
        at android.os.Looper.loop(Looper.java:214)
        at android.app.ActivityThread.main(ActivityThread.java:7356)
        at java.lang.reflect.Method.invoke(Native Method)
        at com.android.internal.os.RuntimeInit$MethodAndArgsCaller.run(RuntimeInit.java:491)
        at com.android.internal.os.ZygoteInit.main(ZygoteInit.java:940)
09-18 15:52:34.676 2393-2445/com.android.phone W/System: A resource failed to call end. 
    A resource failed to call end. 
09-18 15:52:34.680 2831-2831/com.android.cellbroadcastreceiver W/oadcastreceive: Unsupported class loader
09-18 15:52:34.685 2831-2831/com.android.cellbroadcastreceiver D/SandHook: method <final void android.app.Activity.attach(android.content.Context,android.app.ActivityThread,android.app.Instrumentation,android.os.IBinder,int,android.app.Application,android.content.Intent,android.content.pm.ActivityInfo,java.lang.CharSequence,android.app.Activity,java.lang.String,android.app.Activity$NonConfigurationInstances,android.content.res.Configuration,java.lang.String,com.android.internal.app.IVoiceInteractor,android.view.Window,android.view.ViewRootImpl$ActivityConfigCallback,android.os.IBinder)> hook <replacement> success!
09-18 15:52:34.687 2831-2831/com.android.cellbroadcastreceiver W/oadcastreceive: Unsupported class loader
09-18 15:52:34.690 2831-2831/com.android.cellbroadcastreceiver D/SandHook: me