09-18 15:30:55.920 14896-14920/system_process W/system_server: ClassLoaderContext shared library size mismatch. Expected=3, found=0 (PCL[]{PCL[/system/framework/android.hidl.manager-V1.0-java.jar*3176430003]{PCL[/system/framework/android.hidl.base-V1.0-java.jar*372939462]}#PCL[/system/framework/android.hidl.base-V1.0-java.jar*372939462]#PCL[/system/framework/org.apache.http.legacy.jar*2680228128]} | PCL[];PCL[/system/framework/org.lineageos.platform.jar*2035671918:/system/framework/services.jar*3249578542:/system/framework/services.jar!classes2.dex*4216773794:/system/framework/ethernet-service.jar*2763091731:/system/framework/wifi-service.jar*2367957857:/system/framework/com.android.location.provider.jar*2555827209])
09-18 15:30:55.921 14896-14920/system_process W/system_server: Found duplicate classes, falling back to extracting from APK : /system/priv-app/LineageParts/LineageParts.apk
    NOTE: This wastes RAM and hurts startup performance.
    Found duplicated class when checking oat files: 'Landroid/hidl/base/V1_0/IBase;' in /system/priv-app/LineageParts/LineageParts.apk and /system/framework/wifi-service.jar
09-18 15:30:55.933 14698-14698/? W/Zygote: Class not found for preloading: android.view.-$$Lambda$SurfaceView$Cs7TGTdA1lXf9qW8VOJAfEsMjdk
09-18 15:30:55.937 14698-14698/? W/Zygote: Class not found for preloading: android.view.SurfaceView$3
09-18 15:30:55.939 14698-14698/? W/Zygote: Class not found for preloading: android.view.textclassifier.-$$Lambda$TextClassificationManager$JIaezIJbMig_-kVzN6oArzkTsJE
09-18 15:30:55.947 14698-14698/? W/Zygote: Class not found for preloading: com.android.internal.net.NetworkStatsFactory
09-18 15:30:55.950 14698-14698/? W/Zygote: Class not found for preloading: com.android.internal.telephony.-$$Lambda$PhoneSubInfoController$8HFbCDJDN1mrLJG980qYH5MGqMk
    Class not found for preloading: com.android.internal.telephony.-$$Lambda$PhoneSubInfoController$U28a_EGx2cvmQhDfRRgonMt5Zrc
    Class not found for preloading: com.android.internal.telephony.-$$Lambda$SubscriptionInfoUpdater$-zZXM9oMRZ3vZz7dJOG19J00Bmw
    Class not found for preloading: com.android.internal.telephony.-$$Lambda$SubscriptionInfoUpdater$D5yF1HbS4cvCyoAj3FESkPtA_0g
    Class not found for preloading: com.android.internal.telephony.-$$Lambda$SubscriptionInfoUpdater$MMx9iQX0JVqqMPLTUZhdBubFSzU
09-18 15:30:55.952 14698-14698/? W/Zygote: Class not found for preloading: com.android.internal.telephony.NewNitzStateMachine$1
    Class not found for preloading: com.android.internal.telephony.NewNitzStateMachine
    Class not found for preloading: com.android.internal.telephony.NewTimeServiceHelper$1
09-18 15:30:55.953 14698-14698/? W/Zygote: Class not found for preloading: com.android.internal.telephony.NewTimeServiceHelper$Listener
    Class not found for preloading: com.android.internal.telephony.NewTimeServiceHelper
    Class not found for preloading: com.android.internal.telephony.PhoneConfigurationModels
09-18 15:30:55.954 14698-14698/? W/Zygote: Class not found for preloading: com.android.internal.telephony.SubscriptionController$ScLocalLog
    Class not found for preloading: com.android.internal.telephony.UiccSmsController
09-18 15:30:55.955 14698-14698/? W/Zygote: Class not found for preloading: com.android.internal.telephony.dataconnection.DcController$2
09-18 15:30:55.916 14896-14921/system_process I/DropBoxManagerService: add tag=system_server_strictmode isTagEnabled=true flags=0x2
09-18 15:30:55.976 14896-14896/system_process D/SystemServerTiming: WindowManagerServiceOnInitReady took to complete: 70ms
09-18 15:30:55.977 14896-14896/system_process I/SystemServer: StartInputManager
09-18 15:30:55.977 14896-14921/system_process I/DropBoxManagerService: add tag=system_server_strictmode isTagEnabled=true flags=0x2
09-18 15:30:55.977 14896-14896/system_process I/InputManager: Starting input manager
09-18 15:30:55.978 14896-15071/system_process D/SystemServerInitThreadPool: Started executing StartHidlServices
09-18 15:30:55.979 14896-14896/system_process I/InputManager: Enabling motion classifier because just booted: feature enabled, long press timeout = 400
09-18 15:30:55.979 14896-14896/system_process I/InputClassifier: Enabling motion classifier
09-18 15:30:55.979 14896-15073/system_process D/EventHub: No input device configuration file found for device 'msm8998-tasha-snd-card Button Jack'.
09-18 15:30:55.980 14896-15071/system_process I/ServiceManagement: Registered android.frameworks.sensorservice@1.0::ISensorManager/default (start delay of 2586ms)
09-18 15:30:55.980 14896-14896/system_process D/SystemServerTiming: StartInputManager took to complete: 3ms
09-18 15:30:55.980 14896-14896/system_process I/SystemServer: DisplayManagerWindowManagerAndInputReady
09-18 15:30:55.981 14896-15071/system_process I/ServiceManagement: Registered android.frameworks.schedulerservice@1.0::ISchedulingPolicyService/default (start delay of 2587ms)
09-18 15:30:55.981 14896-15071/system_process D/SystemServerTimingAsync: StartHidlServices took to complete: 2ms
09-18 15:30:55.981 14896-14921/system_process I/DropBoxManagerService: add tag=system_server_strictmode isTagEnabled=true flags=0x2
09-18 15:30:55.981 14896-15071/system_process D/SystemServerInitThreadPool: Finished executing StartHidlServices
09-18 15:30:55.981 14896-14896/system_process D/SystemServerTiming: DisplayManagerWindowManagerAndInputReady took to complete: 1ms
09-18 15:30:55.981 14896-14896/system_process I/SystemServer: StartBluetoothService
09-18 15:30:55.981 14896-14896/system_process I/SystemServiceManager: Starting com.android.server.BluetoothService
09-18 15:30:55.983 586-586/? I/hwservicemanager: getTransport: Cannot find entry android.hardware.input.classifier@1.0::IInputClassifier/default in either framework or device manifest.
09-18 15:30:55.983 14896-14896/system_process D/BluetoothManagerService: Loading stored name and address
09-18 15:30:55.984 14896-14896/system_process D/BluetoothManagerService: Stored bluetooth Name=Modifier,Address=9C:2E:A1:CF:98:38
    Bluetooth persisted state: 0
09-18 15:30:55.984 14896-15074/system_process I/InputClassifier: Could not obtain InputClassifier HAL
09-18 15:30:55.984 14896-14921/system_process I/DropBoxManagerService: add tag=system_server_strictmode isTagEnabled=true flags=0x2
09-18 15:30:55.984 14896-14896/system_process D/BluetoothManagerService: Detected SystemUiUid: 10106
09-18 15:30:55.984 14896-14896/system_process D/SystemServerTiming: StartBluetoothService took to complete: 2ms
09-18 15:30:55.984 14896-14896/system_process I/SystemServer: IpConnectivityMetrics
09-18 15:30:55.984 14896-14896/system_process I/SystemServiceManager: Starting com.android.server.connectivity.IpConnectivityMetrics
09-18 15:30:55.985 14896-14896/system_process D/SystemServerTiming: IpConnectivityMetrics took to complete: 0ms
09-18 15:30:55.985 14896-14896/system_process I/SystemServer: NetworkWatchlistService
09-18 15:30:55.985 14896-14896/system_process I/SystemServiceManager: Starting com.android.server.net.watchlist.NetworkWatchlistService$Lifecycle
09-18 15:30:55.985 14896-15073/system_process W/EventHub: Unable to disable kernel key repeat for /dev/input/event5: Function not implemented
09-18 15:30:55.985 14896-15073/system_process I/EventHub: wakeMechanism=EPOLLWAKEUP, usingClockIoctl=true
    New device: id=1, fd=136, path='/dev/input/event5', name='msm8998-tasha-snd-card Button Jack', classes=0x1, configuration='', keyLayout='/system/usr/keylayout/Generic.kl', keyCharacterMap='/system/usr/keychars/Generic.kcm', builtinKeyboard=false, 
09-18 15:30:55.985 14896-15073/system_process D/EventHub: No input device configuration file found for device 'msm8998-tasha-snd-card Headset Jack'.
09-18 15:30:55.985 14896-15073/system_process I/EventHub: wakeMechanism=EPOLLWAKEUP, usingClockIoctl=true
    New device: id=2, fd=137, path='/dev/input/event4', name='msm8998-tasha-snd-card Headset Jack', classes=0x80, configuration='', keyLayout='', keyCharacterMap='', builtinKeyboard=false, 
09-18 15:30:55.985 14896-15073/system_process D/EventHub: No input device configuration file found for device 'gpio-keys'.
09-18 15:30:55.987 14896-14921/system_process I/DropBoxManagerService: add tag=system_server_strictmode isTagEnabled=true flags=0x2
09-18 15:30:55.987 14896-14896/system_process I/WatchlistSettings: Reload watchlist settings done
09-18 15:30:55.988 14896-14896/system_process D/SystemServerTiming: NetworkWatchlistService took to complete: 3ms
09-18 15:30:55.988 14896-14896/system_process I/SystemServer: PinnerService
09-18 15:30:55.988 14896-14896/system_process I/SystemServiceManager: Starting com.android.server.PinnerService
09-18 15:30:55.989 14896-15075/system_process I/WatchlistLoggingHandler: No need to aggregate record yet.
    Milliseconds spent on tryAggregateRecords(): 1
09-18 15:30:55.989 14698-14698/? I/Zygote: ...preloaded 7582 classes in 328ms.
09-18 15:30:55.989 14896-14896/system_process D/SystemServerTiming: PinnerService took to complete: 2ms
09-18 15:30:55.989 14896-14927/system_process D/PinnerService: pinRangeStream: null
09-18 15:30:55.989 14698-14698/? I/zygote: VMRuntime.preloadDexCaches starting
09-18 15:30:55.989 14896-14896/system_process I/SystemServer: SignedConfigService
09-18 15:30:55.989 14896-14896/system_process D/SystemServerTiming: SignedConfigService took to complete: 0ms
09-18 15:30:55.992 14896-15073/system_process W/EventHub: Unable to disable kernel key repeat for /dev/input/event3: Function not implemented
09-18 15:30:55.993 14896-14927/system_process D/PinnerService: pinRangeStream: null
09-18 15:30:55.993 14896-14921/system_process I/DropBoxManagerService: add tag=system_server_strictmode isTagEnabled=true flags=0x2
09-18 15:30:55.993 14896-15073/system_process I/EventHub: wakeMechanism=EPOLLWAKEUP, usingClockIoctl=true
    New device: id=3, fd=138, path='/dev/input/event3', name='gpio-keys', classes=0x81, configuration='', keyLayout='/system/usr/keylayout/Generic.kl', keyCharacterMap='/system/usr/keychars/Generic.kcm', builtinKeyboard=false, 
09-18 15:30:55.993 14896-15073/system_process D/EventHub: No input device configuration file found for device 'qpnp_pon'.
09-18 15:30:55.998 14896-14927/system_process D/PinnerService: pinRangeStream: null
09-18 15:30:56.013 14896-14927/system_process D/PinnerService: pinRangeStream: null
09-18 15:30:56.014 14896-14921/system_process I/DropBoxManagerService: add tag=system_server_strictmode isTagEnabled=true flags=0x2
09-18 15:30:56.018 14698-14698/? I/zygote: VMRuntime.preloadDexCaches strings total=332856 before=9849 after=9849
    VMRuntime.preloadDexCaches types total=36368 before=7357 after=7626
    VMRuntime.preloadDexCaches fields total=162783 before=8038 after=8239
    VMRuntime.preloadDexCaches methods total=285088 before=11193 after=11625
    VMRuntime.preloadDexCaches finished
09-18 15:30:56.018 14698-14698/? D/ZygoteInitTiming_lazy: PreloadClasses took to complete: 357ms
09-18 15:30:56.013 14698-14698/? W/main: type=1400 audit(0.0:1899): avc: denied { write } for name="/" dev="tmpfs" ino=22509 scontext=u:r:zygote:s0 tcontext=u:object_r:system_file:s0 tclass=dir permissive=0
09-18 15:30:56.020 14896-15073/system_process W/EventHub: Unable to disable kernel key repeat for /dev/input/event0: Function not implemented
09-18 15:30:56.020 14896-15073/system_process I/EventHub: wakeMechanism=EPOLLWAKEUP, usingClockIoctl=true
    New device: id=4, fd=141, path='/dev/input/event0', name='qpnp_pon', classes=0x1, configuration='', keyLayout='/system/usr/keylayout/Generic.kl', keyCharacterMap='/system/usr/keychars/Generic.kcm', builtinKeyboard=false, 
09-18 15:30:56.020 14698-14698/? I/zygote: The ClassLoaderContext is a special shared library.
09-18 15:30:56.020 14896-14927/system_process D/PinnerService: pinRangeStream: null
09-18 15:30:56.022 14896-15073/system_process D/EventHub: No input device configuration file found for device 'uinput-goodix'.
09-18 15:30:56.022 14698-14698/? D/ApplicationLoaders: Created zygote-cached class loader: /system/framework/android.hidl.base-V1.0-java.jar
09-18 15:30:56.022 14896-14921/system_process I/DropBoxManagerService: add tag=system_server_strictmode isTagEnabled=true flags=0x2
09-18 15:30:56.017 14698-14698/? W/main: type=1400 audit(0.0:1900): avc: denied { write } for name="/" dev="tmpfs" ino=22509 scontext=u:r:zygote:s0 tcontext=u:object_r:system_file:s0 tclass=dir permissive=0
09-18 15:30:56.023 14698-14698/? I/zygote: The ClassLoaderContext is a special shared library.
09-18 15:30:56.025 14698-14698/? D/ApplicationLoaders: Created zygote-cached class loader: /system/framework/android.hidl.manager-V1.0-java.jar
09-18 15:30:56.025 14698-14698/? D/ZygoteInitTiming_lazy: CacheNonBootClasspathClassLoaders took to complete: 6ms
09-18 15:30:56.027 14896-14927/system_process D/PinnerService: pinRangeStream: null
09-18 15:30:56.030 14896-15073/system_process W/EventHub: Unable to disable kernel key repeat for /dev/input/event2: Function not implemented
09-18 15:30:56.030 14896-15073/system_process I/EventHub: wakeMechanism=EPOLLWAKEUP, usingClockIoctl=true
    New device: id=5, fd=142, path='/dev/input/event2', name='uinput-goodix', classes=0x1, configuration='', keyLayout='/vendor/usr/keylayout/uinput-goodix.kl', keyCharacterMap='/system/usr/keychars/Generic.kcm', builtinKeyboard=false, 
09-18 15:30:56.030 14896-15073/system_process D/EventHub: No input device configuration file found for device 'synaptics_dsx'.
09-18 15:30:56.030 14896-14927/system_process I/chatty: uid=1000(system) android.bg identical 2 lines
09-18 15:30:56.031 14896-14927/system_process D/PinnerService: pinRangeStream: null
09-18 15:30:56.031 14896-14921/system_process I/DropBoxManagerService: add tag=system_server_strictmode isTagEnabled=true flags=0x2
09-18 15:30:56.032 14896-14927/system_process D/PinnerService: pinRangeStream: null
09-18 15:30:56.039 14896-15073/system_process W/EventHub: Unable to disable kernel key repeat for /dev/input/event1: Function not implemented
09-18 15:30:56.040 14896-15073/system_process I/EventHub: wakeMechanism=EPOLLWAKEUP, usingClockIoctl=true
    New device: id=6, fd=140, path='/dev/input/event1', name='synaptics_dsx', classes=0x15, configuration='', keyLayout='/vendor/usr/keylayout/synaptics_dsx.kl', keyCharacterMap='/system/usr/keychars/Generic.kcm', builtinKeyboard=false, 
09-18 15:30:56.039 14896-14927/system_process D/PinnerService: pinRangeStream: null
09-18 15:30:56.040 14896-14921/system_process I/DropBoxManagerService: add tag=system_server_strictmode isTagEnabled=true flags=0x2
09-18 15:30:56.047 14896-15073/system_process I/InputReader: Device added: id=-1, name='Virtual', sources=0x00000301
09-18 15:30:56.047 14896-14921/system_process I/DropBoxManagerService: add tag=system_server_strictmode isTagEnabled=true flags=0x2
09-18 15:30:56.047 14896-14927/system_process D/PinnerService: pinRangeStream: null
09-18 15:30:56.048 14896-15073/system_process I/InputReader: Touch device 'synaptics_dsx' could not query the properties of its associated display.  The device will be inoperable until the display size becomes available.
    Device added: id=6, name='synaptics_dsx', sources=0x00001103
    Device added: id=5, name='uinput-goodix', sources=0x00000101
    Device added: id=4, name='qpnp_pon', sources=0x00000101
    Device added: id=3, name='gpio-keys', sources=0x80000101
    Device added: id=2, name='msm8998-tasha-snd-card Headset Jack', sources=0x80000000
    Device added: id=1, name='msm8998-tasha-snd-card Button Jack', sources=0x00000101
09-18 15:30:56.050 14896-14896/system_process I/WindowManager: SAFE MODE not enabled
09-18 15:30:56.050 14896-14896/system_process I/SystemServer: StartInputMethodManagerLifecycle
09-18 15:30:56.050 14896-14896/system_process I/SystemServiceManager: Starting com.android.server.inputmethod.InputMethodManagerService$Lifecycle
09-18 15:30:56.052 14896-14927/system_process D/PinnerService: pinRangeStream: null
09-18 15:30:56.073 14896-14927/system_process I/chatty: uid=1000(system) android.bg identical 4 lines
09-18 15:30:56.073 14896-14927/system_process D/PinnerService: pinRangeStream: null
09-18 15:30:56.081 14896-14896/system_process D/SystemServerTiming: StartInputMethodManagerLifecycle took to complete: 32ms
09-18 15:30:56.081 14896-14896/system_process I/SystemServer: StartAccessibilityManagerService
09-18 15:30:56.081 14896-14896/system_process I/SystemServiceManager: Starting com.android.server.accessibility.AccessibilityManagerService$Lifecycle
09-18 15:30:56.084 14896-14896/system_process D/SystemServerTiming: StartAccessibilityManagerService took to complete: 2ms
09-18 15:30:56.084 14896-14896/system_process I/SystemServer: MakeDisplayReady
09-18 15:30:56.085 14896-14896/system_process W/InputReader: Device has associated, but no associated display id.
09-18 15:30:56.087 14896-14896/system_process I/ActivityTaskManager: Config changes=20005df8 {1.0 ?mcc?mnc [en_US] ldltr sw432dp w432dp h792dp 400dpi nrml long port ?uimode ?night finger -keyb/h/h -nav/h winConfig={ mBounds=Rect(0, 0 - 1080, 2160) mAppBounds=Rect(0, 0 - 1080, 2040) mWindowingMode=fullscreen mDisplayWindowingMode=fullscreen mActivityType=undefined mAlwaysOnTop=undefined mRotation=ROTATION_0} s.2}
09-18 15:30:56.091 14896-14896/system_process I/ActivityTaskManager: Override config changes=60007dfc {1.0 ?mcc?mnc [en_US] ldltr sw432dp w432dp h792dp 400dpi nrml long port ?uimode ?night finger -keyb/h/h -nav/h winConfig={ mBounds=Rect(0, 0 - 1080, 2160) mAppBounds=Rect(0, 0 - 1080, 2040) mWindowingMode=fullscreen mDisplayWindowingMode=fullscreen mActivityType=undefined mAlwaysOnTop=undefined mRotation=ROTATION_0} s.2} for displayId=0
09-18 15:30:56.094 14896-14896/system_process D/SystemServerTiming: MakeDisplayReady took to complete: 10ms
09-18 15:30:56.094 14896-14896/system_process I/SystemServer: StartStorageManagerService
09-18 15:30:56.094 14896-14896/system_process I/SystemServiceManager: Starting com.android.server.StorageManagerService$Lifecycle
09-18 15:30:56.095 14896-14922/system_process I/InputManager-JNI: Viewport [0] to add: local:0
09-18 15:30:56.097 14896-15073/system_process I/InputReader: Reconfiguring input devices.  changes=0x00000004
    Device reconfigured: id=6, name='synaptics_dsx', size 1080x2160, orientation 0, mode 1, display id 0
09-18 15:30:56.098 14896-15077/system_process D/StorageManagerService: Thinking about init, mBootCompleted=false, mDaemonConnected=true
    Thinking about reset, mBootCompleted=false, mDaemonConnected=true
09-18 15:30:56.098 14896-14896/system_process D/SystemServerTiming: StartStorageManagerService took to complete: 4ms
09-18 15:30:56.098 14896-14896/system_process I/SystemServer: StartStorageStatsService
09-18 15:30:56.098 14896-15077/system_process D/StorageManagerService: Thinking about init, mBootCompleted=false, mDaemonConnected=true
    Thinking about reset, mBootCompleted=false, mDaemonConnected=true
09-18 15:30:56.099 14896-14896/system_process I/SystemServiceManager: Starting com.android.server.usage.StorageStatsService$Lifecycle
09-18 15:30:56.100 927-927/? D/installd: Found quota mount /dev/block/bootdevice/by-name/userdata at /data
09-18 15:30:56.111 14698-14698/? I/Zygote: Preloading resources...
09-18 15:30:56.116 14698-14698/? W/Resources: Preloaded drawable resource #0x108027e (android:drawable/dialog_background_material) that varies with configuration!!
09-18 15:30:56.126 927-927/? D/installd: Found quota mount /dev/block/bootdevice/by-name/userdata at /data
09-18 15:30:56.127 14698-14698/? I/Zygote: ...preloaded 64 resources in 17ms.
09-18 15:30:56.130 14698-14698/? I/Zygote: ...preloaded 41 resources in 3ms.
09-18 15:30:56.130 14698-14698/? D/ZygoteInitTiming_lazy: PreloadResources took to complete: 106ms
09-18 15:30:56.141 14698-14698/? D/libEGL: loaded /vendor/lib/egl/libEGL_adreno.so
09-18 15:30:56.145 14698-14698/? D/libEGL: loaded /vendor/lib/egl/libGLESv1_CM_adreno.so
09-18 15:30:56.147 14896-14896/system_process D/SystemServerTiming: StartStorageStatsService took to complete: 49ms
09-18 15:30:56.147 14896-14896/system_process I/SystemServer: StartUiModeManager
09-18 15:30:56.147 14896-14896/system_process I/SystemServiceManager: Starting com.android.server.UiModeManagerService
09-18 15:30:56.149 14698-14698/? D/libEGL: loaded /vendor/lib/egl/libGLESv2_adreno.so
09-18 15:30:56.151 14896-14896/system_process D/SystemServerTiming: StartUiModeManager took to complete: 3ms
09-18 15:30:56.151 14896-14896/system_process I/SystemServer: UpdatePackagesIfNeeded
09-18 15:30:56.151 14896-14896/system_process I/Watchdog: Pausing HandlerChecker: main thread for reason: dexopt. Pause count: 1
    Resuming HandlerChecker: main thread for reason: dexopt. Pause count: 0
09-18 15:30:56.151 14896-14896/system_process D/SystemServerTiming: UpdatePackagesIfNeeded took to complete: 0ms
09-18 15:30:56.151 14896-14896/system_process I/SystemServer: PerformFstrimIfNeeded
09-18 15:30:56.152 14896-14896/system_process D/SystemServerTiming: PerformFstrimIfNeeded took to complete: 0ms
09-18 15:30:56.152 14896-14896/system_process I/SystemServer: StartLockSettingsService
09-18 15:30:56.152 14896-14896/system_process I/SystemServiceManager: Starting com.android.server.locksettings.LockSettingsService$Lifecycle
09-18 15:30:56.155 14896-15078/system_process D/SystemServerInitThreadPool: Started executing UiModeManager.onStart
09-18 15:30:56.168 14896-15078/system_process I/ActivityTaskManager: Config changes=200 {1.0 ?mcc?mnc [en_US] ldltr sw432dp w432dp h792dp 400dpi nrml long port night finger -keyb/h/h -nav/h winConfig={ mBounds=Rect(0, 0 - 1080, 2160) mAppBounds=Rect(0, 0 - 1080, 2040) mWindowingMode=fullscreen mDisplayWindowingMode=fullscreen mActivityType=undefined mAlwaysOnTop=undefined mRotation=ROTATION_0} s.4}
09-18 15:30:56.170 14698-14698/? I/Zygote: Preloading shared libraries...
09-18 15:30:56.174 14896-14896/system_process D/SystemServerTiming: StartLockSettingsService took to complete: 22ms
09-18 15:30:56.174 14896-14896/system_process I/SystemServer: StartPersistentDataBlock
09-18 15:30:56.174 14896-14896/system_process I/SystemServiceManager: Starting com.android.server.PersistentDataBlockService
09-18 15:30:56.174 14698-14698/? I/Zygote: Called ZygoteHooks.endPreload()
09-18 15:30:56.175 14698-14698/? I/Zygote: Installed AndroidKeyStoreProvider in 0ms.
09-18 15:30:56.175 14896-14896/system_process D/SystemServerTiming: StartPersistentDataBlock took to complete: 1ms
09-18 15:30:56.175 14896-14896/system_process I/SystemServer: StartTestHarnessMode
09-18 15:30:56.175 14896-14896/system_process I/SystemServiceManager: Starting com.android.server.testharness.TestHarnessModeService
09-18 15:30:56.175 14896-15079/system_process D/SystemServerInitThreadPool: Started executing PersistentDataBlockService.onStart
09-18 15:30:56.175 14896-14896/system_process D/SystemServerTiming: StartTestHarnessMode took to complete: 1ms
09-18 15:30:56.175 14896-14896/system_process I/SystemServer: StartOemLockService
09-18 15:30:56.175 14896-14896/system_process I/SystemServiceManager: Starting com.android.server.oemlock.OemLockService
09-18 15:30:56.176 14896-15079/system_process E/PersistentDataBlockService: not able to find package com.google.android.gms
    android.content.pm.PackageManager$NameNotFoundException: com.google.android.gms
        at android.app.ApplicationPackageManager.getPackageUidAsUser(ApplicationPackageManager.java:311)
        at com.android.server.PersistentDataBlockService.getAllowedUid(PersistentDataBlockService.java:153)
        at com.android.server.PersistentDataBlockService.lambda$onStart$0$PersistentDataBlockService(PersistentDataBlockService.java:166)
        at com.android.server.-$$Lambda$PersistentDataBlockService$EZl9OYaT2eNL7kfSr2nKUBjxidk.run(Unknown Source:2)
        at com.android.server.SystemServerInitThreadPool.lambda$submit$0$SystemServerInitThreadPool(SystemServerInitThreadPool.java:72)
        at com.android.server.-$$Lambda$SystemServerInitThreadPool$jLyL3DFmbjsFesU5SGktD3NoWSc.run(Unknown Source:6)
        at java.util.concurrent.Executors$RunnableAdapter.call(Executors.java:462)
        at java.util.concurrent.FutureTask.run(FutureTask.java:266)
        at java.util.concurrent.ThreadPoolExecutor.runWorker(ThreadPoolExecutor.java:1167)
        at java.util.concurrent.ThreadPoolExecutor$Worker.run(ThreadPoolExecutor.java:641)
        at com.android.internal.util.ConcurrentUtils$1$1.run(ConcurrentUtils.java:62)
09-18 15:30:56.177 586-586/? I/hwservicemanager: getTransport: Cannot find entry android.hardware.oemlock@1.0::IOemLock/default in either framework or device manifest.
09-18 15:30:56.177 14896-14896/system_process I/OemLock: OemLock HAL not present on device
    Using persistent data block based lock
09-18 15:30:56.178 14896-14896/system_process D/SystemServerTiming: StartOemLockService took to complete: 2ms
09-18 15:30:56.178 14896-14896/system_process I/SystemServer: StartDeviceIdleController
09-18 15:30:56.178 14896-14896/system_process I/SystemServiceManager: Starting com.android.server.DeviceIdleController
09-18 15:30:56.180 14698-14698/? I/Zygote: Warmed up JCA providers in 6ms.
09-18 15:30:56.180 14698-14698/? D/Zygote: end preload
09-18 15:30:56.181 14896-14994/system_process D/SystemServerTimingAsync: SecondaryZygotePreload took to complete: 592ms
09-18 15:30:56.181 14896-14994/system_process D/SystemServerInitThreadPool: Finished executing SecondaryZygotePreload
09-18 15:30:56.184 14896-15078/system_process I/ActivityTaskManager: Override config changes=200 {1.0 ?mcc?mnc [en_US] ldltr sw432dp w432dp h792dp 400dpi nrml long port night finger -keyb/h/h -nav/h winConfig={ mBounds=Rect(0, 0 - 1080, 2160) mAppBounds=Rect(0, 0 - 1080, 2040) mWindowingMode=fullscreen mDisplayWindowingMode=fullscreen mActivityType=undefined mAlwaysOnTop=undefined mRotation=ROTATION_0} s.4} for displayId=0
09-18 15:30:56.187 14896-15078/system_process D/SystemServerInitThreadPool: Finished executing UiModeManager.onStart
09-18 15:30:56.190 14896-14896/system_process D/SystemServerTiming: StartDeviceIdleController took to complete: 12ms
09-18 15:30:56.190 14896-14896/system_process I/SystemServer: StartDevicePolicyManager
09-18 15:30:56.190 14896-14896/system_process I/SystemServiceManager: Starting com.android.server.devicepolicy.DevicePolicyManagerService$Lifecycle
09-18 15:30:56.197 14896-14896/system_process D/SystemServerTiming: StartDevicePolicyManager took to complete: 6ms
09-18 15:30:56.197 14896-14896/system_process I/SystemServer: StartStatusBarManagerService
09-18 15:30:56.197 14896-14896/system_process D/SystemServerTiming: StartStatusBarManagerService took to complete: 1ms
09-18 15:30:56.198 14896-14896/system_process D/SystemServer: ContentCaptureService disabled because resource is not overlaid
    AttentionService is not configured on this device
    SystemCaptionsManagerService disabled because resource is not overlaid
    AppPredictionService not defined by OEM
    ContentSuggestionsService not defined by OEM
09-18 15:30:56.198 14896-14896/system_process I/SystemServer: InitNetworkStackClient
09-18 15:30:56.199 14896-14896/system_process D/SystemServerTiming: InitNetworkStackClient took to complete: 1ms
09-18 15:30:56.199 14896-14896/system_process I/SystemServer: StartNetworkManagementService
09-18 15:30:56.201 14702-14718/? I/netd: registerUnsolicitedEventListener() <0.04ms>
09-18 15:30:56.201 14896-14896/system_process D/SystemServerTiming: StartNetworkManagementService took to complete: 3ms
09-18 15:30:56.201 14896-14896/system_process I/SystemServer: StartIpSecService
09-18 15:30:56.202 14896-14896/system_process D/SystemServerTiming: StartIpSecService took to complete: 0ms
09-18 15:30:56.202 14896-14896/system_process I/SystemServer: StartTextServicesManager
09-18 15:30:56.202 14896-14896/system_process I/SystemServiceManager: Starting com.android.server.textservices.TextServicesManagerService$Lifecycle
09-18 15:30:56.203 14896-14896/system_process D/SystemServerTiming: StartTextServicesManager took to complete: 1ms
09-18 15:30:56.203 14896-14896/system_process I/SystemServer: StartTextClassificationManagerService
09-18 15:30:56.203 14896-14896/system_process I/SystemServiceManager: Starting com.android.server.textclassifier.TextClassificationManagerService$Lifecycle
09-18 15:30:56.203 14896-14896/system_process D/SystemServerTiming: StartTextClassificationManagerService took to complete: 1ms
09-18 15:30:56.203 14896-14896/system_process I/SystemServer: StartNetworkScoreService
09-18 15:30:56.203 14896-14896/system_process I/SystemServiceManager: Starting com.android.server.NetworkScoreService$Lifecycle
09-18 15:30:56.204 14896-14896/system_process I/NetworkScoreService: Registering network_score
09-18 15:30:56.204 14896-14896/system_process D/SystemServerTiming: StartNetworkScoreService took to complete: 1ms
09-18 15:30:56.204 14896-14896/system_process I/SystemServer: StartNetworkStatsService
09-18 15:30:56.205 14896-15079/system_process D/SystemServerInitThreadPool: Finished executing PersistentDataBlockService.onStart
09-18 15:30:56.206 14896-14896/system_process D/SystemServerTiming: StartNetworkStatsService took to complete: 1ms
09-18 15:30:56.206 14896-14896/system_process I/SystemServer: StartNetworkPolicyManagerService
09-18 15:30:56.208 14896-14896/system_process D/SystemServerTiming: StartNetworkPolicyManagerService took to complete: 2ms
09-18 15:30:56.208 14896-14896/system_process I/SystemServer: StartWifi
09-18 15:30:56.209 14896-14896/system_process I/SystemServiceManager: Starting com.android.server.wifi.WifiService
09-18 15:30:56.242 14896-14896/system_process E/HostapdHal: Malformed channel value detected: java.lang.NumberFormatException: For input string: ""
09-18 15:30:56.253 14896-14896/system_process D/WifiCountryCode: mDefaultCountryCode null mRevertCountryCodeOnCellularLoss false
09-18 15:30:56.253 14896-14896/system_process D/WifiApConfigStore: 2G band allowed channels are:1,6,11
09-18 15:30:56.255 14896-14896/system_process E/WifiScoringParams: Inconsistent config_wifi_framework_ resources: rssi2=-100:-80:-100:-60,rssi5=-100:-77:-100:-57,pps=0:1:100,horizon=15,nud=8,expid=0
    java.lang.IllegalArgumentException
        at com.android.server.wifi.ScoringParams$Values.validateRange(ScoringParams.java:120)
        at com.android.server.wifi.ScoringParams$Values.validateRssiArray(ScoringParams.java:113)
        at com.android.server.wifi.ScoringParams$Values.validate(ScoringParams.java:101)
        at com.android.server.wifi.ScoringParams.loadResources(ScoringParams.java:234)
        at com.android.server.wifi.ScoringParams.<init>(ScoringParams.java:212)
        at com.android.server.wifi.WifiInjector.<init>(WifiInjector.java:265)
        at com.android.server.wifi.WifiService.<init>(WifiService.java:32)
        at java.lang.reflect.Constructor.newInstance0(Native Method)
        at java.lang.reflect.Constructor.newInstance(Constructor.java:343)
        at com.android.server.SystemServiceManager.startService(SystemServiceManager.java:102)
        at com.android.server.SystemServiceManager.startService(SystemServiceManager.java:76)
        at com.android.server.SystemServer.startOtherServices(SystemServer.java:1356)
        at com.android.server.SystemServer.run(SystemServer.java:529)
        at com.android.server.SystemServer.main(SystemServer.java:356)
        at java.lang.reflect.Method.invoke(Native Method)
        at com.android.internal.os.RuntimeInit$MethodAndArgsCaller.run(RuntimeInit.java:491)
        at com.android.internal.os.ZygoteInit.main(ZygoteInit.java:918)
09-18 15:30:56.256 14896-14896/system_process I/DropBoxManagerService: add tag=system_server_wtf isTagEnabled=true flags=0x2
09-18 15:30:56.261 14896-14896/system_process I/WifiScoringParams: rssi2=-100:-80:-100:-60,rssi5=-100:-77:-100:-57,pps=0:1:100,horizon=15,nud=8,expid=0
09-18 15:30:56.284 14896-14896/system_process D/WifiOpenNetworkNotifier: Settings toggle enabled=true
09-18 15:30:56.285 14896-14896/system_process D/WifiCarrierNetworkNotifier: Settings toggle enabled=true
09-18 15:30:56.287 14896-14896/system_process D/WifiActiveModeWarden: Starting Wifi in WifiDisabledState
09-18 15:30:56.287 14896-15085/system_process D/WifiActiveModeWarden: Entering WifiDisabledState
09-18 15:30:56.288 14896-14896/system_process D/WakeupController: WifiWake enabled
09-18 15:30:56.289 14896-14896/system_process E/WifiClientModeImpl: getWifiLinkLayerStats called without an interface
09-18 15:30:56.292 14896-14896/system_process E/SupplicantStaIfaceHal: Can't call setDebugParams, ISupplicant is null
09-18 15:30:56.292 14896-14896/system_process I/WifiService: Registering wifi
09-18 15:30:56.292 14896-14896/system_process D/SystemServerTiming: StartWifi took to complete: 85ms
09-18 15:30:56.292 14896-14896/system_process I/SystemServer: StartWifiScanning
09-18 15:30:56.293 14896-14896/system_process I/SystemServiceManager: Starting com.android.server.wifi.scanner.WifiScanningService
09-18 15:30:56.293 14896-14896/system_process I/WifiScanningService: Creating wifiscanner
09-18 15:30:56.295 14896-14896/system_process I/WifiScanningService: Publishing wifiscanner
09-18 15:30:56.295 14896-14896/system_process D/SystemServerTiming: StartWifiScanning took to complete: 2ms
09-18 15:30:56.295 14896-14896/system_process I/SystemServer: StartWifiP2P
09-18 15:30:56.295 14896-14896/system_process I/SystemServiceManager: Starting com.android.server.wifi.p2p.WifiP2pService
09-18 15:30:56.300 14896-14896/system_process W/HalDevMgr: isWifiStarted called but mWifi is null!?
09-18 15:30:56.300 14896-14896/system_process I/WifiP2pService: Registering wifip2p
09-18 15:30:56.300 14896-14896/system_process D/SystemServerTiming: StartWifiP2P took to complete: 6ms
09-18 15:30:56.301 14896-14896/system_process I/SystemServer: StartEthernet
09-18 15:30:56.301 14896-14896/system_process I/SystemServiceManager: Starting com.android.server.ethernet.EthernetService
09-18 15:30:56.301 14896-14896/system_process I/EthernetService: Registering service ethernet
09-18 15:30:56.301 14896-14896/system_process D/SystemServerTiming: StartEthernet took to complete: 1ms
09-18 15:30:56.301 14896-14896/system_process I/SystemServer: StartConnectivityService
09-18 15:30:56.304 14896-14896/system_process D/ConnectivityService: ConnectivityService starting up
09-18 15:30:56.310 14896-14896/system_process D/ConnectivityService: wifiOnly=false
09-18 15:30:56.323 14896-14896/system_process D/SystemServerTiming: StartConnectivityService took to complete: 22ms
09-18 15:30:56.323 14896-14896/system_process I/SystemServer: StartNsdService
09-18 15:30:56.325 14896-14896/system_process D/NsdService: Network service discovery is enabled
09-18 15:30:56.330 14896-14896/system_process D/SystemServerTiming: StartNsdService took to complete: 6ms
09-18 15:30:56.330 14896-14896/system_process I/SystemServer: StartSystemUpdateManagerService
09-18 15:30:56.330 14896-14896/system_process I/SystemUpdateManagerService: No existing info file /data/system/system-update-info.xml
09-18 15:30:56.330 14896-14896/system_process D/SystemServerTiming: StartSystemUpdateManagerService took to complete: 1ms
09-18 15:30:56.330 14896-14896/system_process I/SystemServer: StartUpdateLockService
09-18 15:30:56.331 14896-14896/system_process D/SystemServerTiming: StartUpdateLockService took to complete: 0ms
09-18 15:30:56.331 14896-14896/system_process I/SystemServer: StartNotificationManager
09-18 15:30:56.331 14896-14896/system_process I/SystemServiceManager: Starting com.android.server.notification.NotificationManagerService
09-18 15:30:56.358 14896-14896/system_process D/ConditionProviders.SCP: new ScheduleConditionProvider()
09-18 15:30:56.382 14896-14896/system_process I/NotificationListeners: Read notification listener permissions from xml
09-18 15:30:56.382 14896-14896/system_process I/NotificationAssistants: Read notification assistant permissions from xml
09-18 15:30:56.382 14896-14896/system_process I/ConditionProviders: Read condition provider permissions from xml
    Read condition provider permissions from xml
09-18 15:30:56.382 14896-14896/system_process D/NotificationAssistants: Approving default notification assistant for user 0
09-18 15:30:56.382 14896-14896/system_process I/ConditionProviders:  Allowing condition provider android.ext.services/android.ext.services.notification.Assistant
09-18 15:30:56.384 14896-14896/system_process D/NotificationService: Set default NAS to be android.ext.services/android.ext.services.notification.Assistant in 0
09-18 15:30:56.398 585-585/? E/ServiceManager: add_service('notification',6b) uid=1000 - ALREADY REGISTERED, OVERRIDE
09-18 15:30:56.398 585-585/? I/ServiceManager: service 'notification' died
09-18 15:30:56.406 14896-14896/system_process D/SystemServerTiming: StartNotificationManager took to complete: 75ms
09-18 15:30:56.406 14896-14896/system_process I/SystemServer: StartDeviceMonitor
09-18 15:30:56.406 14896-14896/system_process I/SystemServiceManager: Starting com.android.server.storage.DeviceStorageMonitorService
09-18 15:30:56.409 14896-14896/system_process D/SystemServerTiming: StartDeviceMonitor took to complete: 3ms
09-18 15:30:56.409 14896-14896/system_process I/SystemServer: StartLocationManagerService
09-18 15:30:56.410 14896-14896/system_process D/SystemServerTiming: StartLocationManagerService took to complete: 1ms
09-18 15:30:56.410 14896-14896/system_process I/SystemServer: StartCountryDetectorService
09-18 15:30:56.410 14896-14896/system_process D/SystemServerTiming: StartCountryDetectorService took to complete: 0ms
09-18 15:30:56.410 14896-14896/system_process I/SystemServer: StartTimeDetectorService
09-18 15:30:56.410 14896-14896/system_process I/SystemServiceManager: Starting com.android.server.timedetector.TimeDetectorService$Lifecycle
09-18 15:30:56.411 14896-14896/system_process D/SystemServerTiming: StartTimeDetectorService took to complete: 1ms
09-18 15:30:56.411 14896-14896/system_process I/SystemServer: StartSearchManagerService
09-18 15:30:56.411 14896-14896/system_process I/SystemServiceManager: Starting com.android.server.search.SearchManagerService$Lifecycle
09-18 15:30:56.412 14896-14896/system_process D/SystemServerTiming: StartSearchManagerService took to complete: 1ms
09-18 15:30:56.412 14896-14896/system_process I/SystemServer: StartWallpaperManagerService
09-18 15:30:56.412 14896-14896/system_process I/SystemServiceManager: Starting com.android.server.wallpaper.WallpaperManagerService$Lifecycle
09-18 15:30:56.413 14896-14896/system_process D/SystemServerTiming: StartWallpaperManagerService took to complete: 1ms
09-18 15:30:56.413 14896-14896/system_process I/SystemServer: StartAudioService
09-18 15:30:56.413 14896-14896/system_process I/SystemServiceManager: Starting com.android.server.audio.AudioService$Lifecycle
09-18 15:30:56.429 14896-14896/system_process I/android_os_HwBinder: HwBinder: Starting thread pool for getting: android.hidl.manager@1.0::IServiceManager/default
09-18 15:30:56.439 14699-14854/? W/AudioFlinger: no wake lock to update, system not ready yet
09-18 15:30:56.439 14699-14857/? W/AudioFlinger: no wake lock to update, system not ready yet
09-18 15:30:56.439 14699-14861/? W/AudioFlinger: no wake lock to update, system not ready yet
09-18 15:30:56.440 14699-14699/? D/PermissionCache: checking android.permission.MODIFY_AUDIO_ROUTING for uid=1000 => granted (402 us)
09-18 15:30:56.441 14699-14699/? D/AudioPolicyManagerCustom: setForceUse() usage 4, config 0, mPhoneState 0
09-18 15:30:56.442 14896-14896/system_process W/TelecomManager: Telecom Service not found.
09-18 15:30:56.443 14699-14976/? D/AudioPolicyManagerCustom: setForceUse() usage 6, config 0, mPhoneState 0
09-18 15:30:56.443 14699-14730/? D/AudioPolicyManagerCustom: setForceUse() usage 3, config 8, mPhoneState 0
09-18 15:30:56.446 14699-14699/? D/PermissionCache: checking android.permission.MODIFY_AUDIO_SETTINGS for uid=1000 => granted (349 us)
09-18 15:30:56.447 14704-14711/? D/audio_hw_primary: adev_set_mic_mute state 0
09-18 15:30:56.447 14704-14711/? W/DeviceHAL: Error from HAL Device in function set_mic_mute: Function not implemented
    Error from HAL Device in function set_mic_mute: Function not implemented
09-18 15:30:56.447 14896-14896/system_process E/AudioSystem-JNI: Command failed for android_media_AudioSystem_muteMicrophone: -38
09-18 15:30:56.477 14699-14730/? D/AudioFlinger: isLowRamDevice:false totalMemory:6004461568 mClientSharedHeapSize:33554432
09-18 15:30:56.478 14699-14730/? D/AudioPolicyManagerCustom: setForceUse() usage 7, config 0, mPhoneState 0
09-18 15:30:56.488 14896-14896/system_process D/SystemServerTiming: StartAudioService took to complete: 76ms
09-18 15:30:56.488 14896-14896/system_process I/SystemServer: StartDockObserver
09-18 15:30:56.489 14896-14896/system_process I/SystemServiceManager: Starting com.android.server.DockObserver
09-18 15:30:56.490 14896-14896/system_process W/DockObserver: This kernel does not have dock station support
09-18 15:30:56.490 14896-14896/system_process D/SystemServerTiming: StartDockObserver took to complete: 2ms
09-18 15:30:56.491 14896-14896/system_process I/SystemServer: StartWiredAccessoryManager
09-18 15:30:56.493 14896-14896/system_process W/WiredAccessoryManager: This kernel does not have usb audio support
09-18 15:30:56.493 14896-14896/system_process D/SystemServerTiming: StartWiredAccessoryManager took to complete: 2ms
09-18 15:30:56.493 14896-14896/system_process I/SystemServer: StartMidiManager
09-18 15:30:56.493 14896-14896/system_process I/SystemServiceManager: Starting com.android.server.midi.MidiService$Lifecycle
09-18 15:30:56.495 14896-14896/system_process D/SystemServerTiming: StartMidiManager took to complete: 2ms
09-18 15:30:56.495 14896-14896/system_process I/SystemServer: StartAdbService
09-18 15:30:56.495 14896-14896/system_process I/SystemServiceManager: Starting com.android.server.adb.AdbService$Lifecycle
09-18 15:30:56.498 14896-14896/system_process D/SystemServerTiming: StartAdbService took to complete: 2ms
09-18 15:30:56.498 14896-14896/system_process I/SystemServer: StartUsbService
09-18 15:30:56.499 14896-14896/system_process I/SystemServiceManager: Starting com.android.server.usb.UsbService$Lifecycle
09-18 15:30:56.505 14896-14896/system_process E/UsbDeviceManager: failed to write to /sys/class/android_usb/android0/f_rndis/ethaddr
09-18 15:30:56.506 586-586/? I/hwservicemanager: getTransport: Cannot find entry android.hardware.usb.gadget@1.0::IUsbGadget/default in either framework or device manifest.
09-18 15:30:56.507 14896-14896/system_process I/UsbDeviceManager: USB GADGET HAL not present in the device
    java.util.NoSuchElementException
        at android.os.HwBinder.getService(Native Method)
        at android.hardware.usb.gadget.V1_0.IUsbGadget.getService(IUsbGadget.java:55)
        at android.hardware.usb.gadget.V1_0.IUsbGadget.getService(IUsbGadget.java:62)
        at com.android.server.usb.UsbDeviceManager.<init>(UsbDeviceManager.java:266)
        at com.android.server.usb.UsbService.<init>(UsbService.java:150)
        at com.android.server.usb.UsbService$Lifecycle.onStart(UsbService.java:84)
        at com.android.server.SystemServiceManager.startService(SystemServiceManager.java:130)
        at com.android.server.SystemServiceManager.startService(SystemServiceManager.java:117)
        at com.android.server.SystemServiceManager.startService(SystemServiceManager.java:76)
        at com.android.server.SystemServer.startOtherServices(SystemServer.java:1562)
        at com.android.server.SystemServer.run(SystemServer.java:529)
        at com.android.server.SystemServer.main(SystemServer.java:356)
        at java.lang.reflect.Method.invoke(Native Method)
        at com.android.internal.os.RuntimeInit$MethodAndArgsCaller.run(RuntimeInit.java:491)
        at com.android.internal.os.ZygoteInit.main(ZygoteInit.java:918)
09-18 15:30:56.507 14896-14896/system_process E/UsbDeviceManagerJNI: could not open control for mtp Permission denied
09-18 15:30:56.507 14896-14896/system_process E/UsbDeviceManager: Failed to open control for mtp
09-18 15:30:56.507 14896-14896/system_process E/UsbDeviceManagerJNI: could not open control for ptp Permission denied
09-18 15:30:56.508 14896-14896/system_process E/UsbDeviceManager: Failed to open control for ptp
09-18 15:30:56.530 14896-14896/system_process W/StorageManagerService: No primary storage defined yet; hacking together a stub
09-18 15:30:56.535 14896-14896/system_process I/android_os_HwBinder: HwBinder: Starting thread pool for getting: android.hidl.manager@1.0::IServiceManager/default
09-18 15:30:56.536 14896-14936/system_process I/UsbPortManager: Usb hal service started android.hardware.usb@1.0::IUsb default
09-18 15:30:56.537 14896-14896/system_process I/android_os_HwBinder: HwBinder: Starting thread pool for getting: android.hardware.usb@1.0::IUsb/default
09-18 15:30:56.538 795-795/? I/android.hardware.usb@1.0-service: otg_default
09-18 15:30:56.539 795-795/? I/android.hardware.usb@1.0-service: canChangeMode: 0 canChagedata: 0 canChangePower:0
09-18 15:30:56.541 14896-14896/system_process D/SystemServerTiming: StartUsbService took to complete: 42ms
09-18 15:30:56.541 14896-14896/system_process I/SystemServer: StartSerialService
09-18 15:30:56.541 14896-14896/system_process D/SystemServerTiming: StartSerialService took to complete: 1ms
09-18 15:30:56.541 14896-14896/system_process I/SystemServer: StartHardwarePropertiesManagerService
09-18 15:30:56.542 586-586/? I/hwservicemanager: getTransport: Cannot find entry android.hardware.thermal@1.0::IThermal/default in either framework or device manifest.
09-18 15:30:56.542 14896-14896/system_process E/HardwarePropertiesManagerService-JNI: Unable to get Thermal service.
09-18 15:30:56.542 14896-14896/system_process D/SystemServerTiming: StartHardwarePropertiesManagerService took to complete: 1ms
09-18 15:30:56.542 14896-14896/system_process I/SystemServer: StartTwilightService
09-18 15:30:56.542 14896-14896/system_process I/SystemServiceManager: Starting com.android.server.twilight.TwilightService
09-18 15:30:56.543 14896-14896/system_process D/SystemServerTiming: StartTwilightService took to complete: 0ms
09-18 15:30:56.543 14896-14896/system_process I/SystemServer: StartColorDisplay
09-18 15:30:56.543 14896-14896/system_process I/SystemServiceManager: Starting com.android.server.display.color.ColorDisplayService
09-18 15:30:56.54