    Class not found for preloading: com.android.internal.telephony.PhoneConfigurationModels
09-18 15:30:47.848 14269-14269/? W/Zygote: Class not found for preloading: com.android.internal.telephony.SubscriptionController$ScLocalLog
09-18 15:30:47.849 14468-14499/system_process D/PinnerService: pinRangeStream: null
09-18 15:30:47.849 14269-14269/? W/Zygote: Class not found for preloading: com.android.internal.telephony.UiccSmsController
    Class not found for preloading: com.android.internal.telephony.dataconnection.DcController$2
09-18 15:30:47.864 14468-14499/system_process I/chatty: uid=1000(system) android.bg identical 3 lines
09-18 15:30:47.864 14468-14499/system_process D/PinnerService: pinRangeStream: null
09-18 15:30:47.880 14468-14468/system_process D/SystemServerTiming: StartInputMethodManagerLifecycle took to complete: 34ms
09-18 15:30:47.880 14468-14468/system_process I/SystemServer: StartAccessibilityManagerService
09-18 15:30:47.880 14468-14468/system_process I/SystemServiceManager: Starting com.android.server.accessibility.AccessibilityManagerService$Lifecycle
09-18 15:30:47.881 14269-14269/? I/Zygote: ...preloaded 7582 classes in 324ms.
09-18 15:30:47.881 14269-14269/? I/zygote: VMRuntime.preloadDexCaches starting
09-18 15:30:47.884 14468-14468/system_process D/SystemServerTiming: StartAccessibilityManagerService took to complete: 3ms
09-18 15:30:47.884 14468-14468/system_process I/SystemServer: MakeDisplayReady
09-18 15:30:47.885 14468-14468/system_process W/InputReader: Device has associated, but no associated display id.
09-18 15:30:47.889 14468-14468/system_process I/ActivityTaskManager: Config changes=20005df8 {1.0 ?mcc?mnc [en_US] ldltr sw432dp w432dp h792dp 400dpi nrml long port ?uimode ?night finger -keyb/h/h -nav/h winConfig={ mBounds=Rect(0, 0 - 1080, 2160) mAppBounds=Rect(0, 0 - 1080, 2040) mWindowingMode=fullscreen mDisplayWindowingMode=fullscreen mActivityType=undefined mAlwaysOnTop=undefined mRotation=ROTATION_0} s.2}
09-18 15:30:47.898 14468-14468/system_process I/ActivityTaskManager: Override config changes=60007dfc {1.0 ?mcc?mnc [en_US] ldltr sw432dp w432dp h792dp 400dpi nrml long port ?uimode ?night finger -keyb/h/h -nav/h winConfig={ mBounds=Rect(0, 0 - 1080, 2160) mAppBounds=Rect(0, 0 - 1080, 2040) mWindowingMode=fullscreen mDisplayWindowingMode=fullscreen mActivityType=undefined mAlwaysOnTop=undefined mRotation=ROTATION_0} s.2} for displayId=0
09-18 15:30:47.902 14468-14468/system_process D/SystemServerTiming: MakeDisplayReady took to complete: 17ms
09-18 15:30:47.902 14468-14468/system_process I/SystemServer: StartStorageManagerService
09-18 15:30:47.902 14468-14468/system_process I/SystemServiceManager: Starting com.android.server.StorageManagerService$Lifecycle
09-18 15:30:47.902 14468-14494/system_process I/InputManager-JNI: Viewport [0] to add: local:0
09-18 15:30:47.903 14468-14641/system_process I/InputReader: Reconfiguring input devices.  changes=0x00000004
    Device reconfigured: id=6, name='synaptics_dsx', size 1080x2160, orientation 0, mode 1, display id 0
09-18 15:30:47.907 14468-14645/system_process D/StorageManagerService: Thinking about init, mBootCompleted=false, mDaemonConnected=true
    Thinking about reset, mBootCompleted=false, mDaemonConnected=true
09-18 15:30:47.907 14468-14468/system_process D/SystemServerTiming: StartStorageManagerService took to complete: 6ms
09-18 15:30:47.907 14269-14269/? W/main: type=1400 audit(0.0:1839): avc: denied { write } for name="/" dev="tmpfs" ino=22509 scontext=u:r:zygote:s0 tcontext=u:object_r:system_file:s0 tclass=dir permissive=0
09-18 15:30:47.907 14468-14468/system_process I/SystemServer: StartStorageStatsService
09-18 15:30:47.908 14468-14468/system_process I/SystemServiceManager: Starting com.android.server.usage.StorageStatsService$Lifecycle
09-18 15:30:47.908 14468-14645/system_process D/StorageManagerService: Thinking about init, mBootCompleted=false, mDaemonConnected=true
    Thinking about reset, mBootCompleted=false, mDaemonConnected=true
09-18 15:30:47.907 14269-14269/? W/main: type=1400 audit(0.0:1840): avc: denied { write } for name="/" dev="tmpfs" ino=22509 scontext=u:r:zygote:s0 tcontext=u:object_r:system_file:s0 tclass=dir permissive=0
09-18 15:30:47.909 927-4132/? D/installd: Found quota mount /dev/block/bootdevice/by-name/userdata at /data
09-18 15:30:47.909 14269-14269/? I/zygote: VMRuntime.preloadDexCaches strings total=332856 before=9849 after=9849
09-18 15:30:47.910 14269-14269/? I/zygote: VMRuntime.preloadDexCaches types total=36368 before=7357 after=7626
    VMRuntime.preloadDexCaches fields total=162783 before=8038 after=8239
    VMRuntime.preloadDexCaches methods total=285088 before=11193 after=11625
    VMRuntime.preloadDexCaches finished
09-18 15:30:47.910 14269-14269/? D/ZygoteInitTiming_lazy: PreloadClasses took to complete: 353ms
09-18 15:30:47.911 14269-14269/? I/zygote: The ClassLoaderContext is a special shared library.
09-18 15:30:47.913 14269-14269/? D/ApplicationLoaders: Created zygote-cached class loader: /system/framework/android.hidl.base-V1.0-java.jar
09-18 15:30:47.914 14269-14269/? I/zygote: The ClassLoaderContext is a special shared library.
09-18 15:30:47.915 14269-14269/? D/ApplicationLoaders: Created zygote-cached class loader: /system/framework/android.hidl.manager-V1.0-java.jar
09-18 15:30:47.915 14269-14269/? D/ZygoteInitTiming_lazy: CacheNonBootClasspathClassLoaders took to complete: 5ms
09-18 15:30:47.930 927-4132/? D/installd: Found quota mount /dev/block/bootdevice/by-name/userdata at /data
09-18 15:30:47.943 14468-14468/system_process D/SystemServerTiming: StartStorageStatsService took to complete: 36ms
09-18 15:30:47.944 14468-14468/system_process I/SystemServer: StartUiModeManager
09-18 15:30:47.944 14468-14468/system_process I/SystemServiceManager: Starting com.android.server.UiModeManagerService
09-18 15:30:47.947 14468-14647/system_process D/SystemServerInitThreadPool: Started executing UiModeManager.onStart
09-18 15:30:47.948 14468-14468/system_process D/SystemServerTiming: StartUiModeManager took to complete: 4ms
09-18 15:30:47.948 14468-14468/system_process I/SystemServer: UpdatePackagesIfNeeded
09-18 15:30:47.948 14468-14468/system_process I/Watchdog: Pausing HandlerChecker: main thread for reason: dexopt. Pause count: 1
    Resuming HandlerChecker: main thread for reason: dexopt. Pause count: 0
09-18 15:30:47.948 14468-14468/system_process D/SystemServerTiming: UpdatePackagesIfNeeded took to complete: 0ms
09-18 15:30:47.949 14468-14468/system_process I/SystemServer: PerformFstrimIfNeeded
09-18 15:30:47.949 14468-14468/system_process D/SystemServerTiming: PerformFstrimIfNeeded took to complete: 0ms
09-18 15:30:47.949 14468-14468/system_process I/SystemServer: StartLockSettingsService
09-18 15:30:47.949 14468-14468/system_process I/SystemServiceManager: Starting com.android.server.locksettings.LockSettingsService$Lifecycle
09-18 15:30:47.955 14468-14647/system_process I/ActivityTaskManager: Config changes=200 {1.0 ?mcc?mnc [en_US] ldltr sw432dp w432dp h792dp 400dpi nrml long port night finger -keyb/h/h -nav/h winConfig={ mBounds=Rect(0, 0 - 1080, 2160) mAppBounds=Rect(0, 0 - 1080, 2040) mWindowingMode=fullscreen mDisplayWindowingMode=fullscreen mActivityType=undefined mAlwaysOnTop=undefined mRotation=ROTATION_0} s.4}
09-18 15:30:47.964 14468-14468/system_process D/SystemServerTiming: StartLockSettingsService took to complete: 14ms
09-18 15:30:47.964 14468-14468/system_process I/SystemServer: StartPersistentDataBlock
09-18 15:30:47.964 14468-14468/system_process I/SystemServiceManager: Starting com.android.server.PersistentDataBlockService
09-18 15:30:47.965 14468-14468/system_process D/SystemServerTiming: StartPersistentDataBlock took to complete: 0ms
09-18 15:30:47.965 14468-14468/system_process I/SystemServer: StartTestHarnessMode
09-18 15:30:47.965 14468-14468/system_process I/SystemServiceManager: Starting com.android.server.testharness.TestHarnessModeService
09-18 15:30:47.965 14468-14648/system_process D/SystemServerInitThreadPool: Started executing PersistentDataBlockService.onStart
09-18 15:30:47.966 14468-14648/system_process E/PersistentDataBlockService: not able to find package com.google.android.gms
    android.content.pm.PackageManager$NameNotFoundException: com.google.android.gms
        at android.app.ApplicationPackageManager.getPackageUidAsUser(ApplicationPackageManager.java:311)
        at com.android.server.PersistentDataBlockService.getAllowedUid(PersistentDataBlockService.java:153)
        at com.android.server.PersistentDataBlockService.lambda$onStart$0$PersistentDataBlockService(PersistentDataBlockService.java:166)
        at com.android.server.-$$Lambda$PersistentDataBlockService$EZl9OYaT2eNL7kfSr2nKUBjxidk.run(Unknown Source:2)
        at com.android.server.SystemServerInitThreadPool.lambda$submit$0$SystemServerInitThreadPool(SystemServerInitThreadPool.java:72)
        at com.android.server.-$$Lambda$SystemServerInitThreadPool$jLyL3DFmbjsFesU5SGktD3NoWSc.run(Unknown Source:6)
        at java.util.concurrent.Executors$RunnableAdapter.call(Executors.java:462)
        at java.util.concurrent.FutureTask.run(FutureTask.java:266)
        at java.util.concurrent.ThreadPoolExecutor.runWorker(ThreadPoolExecutor.java:1167)
        at java.util.concurrent.ThreadPoolExecutor$Worker.run(ThreadPoolExecutor.java:641)
        at com.android.internal.util.ConcurrentUtils$1$1.run(ConcurrentUtils.java:62)
09-18 15:30:47.966 14468-14468/system_process D/SystemServerTiming: StartTestHarnessMode took to complete: 1ms
09-18 15:30:47.966 14468-14468/system_process I/SystemServer: StartOemLockService
09-18 15:30:47.966 14468-14468/system_process I/SystemServiceManager: Starting com.android.server.oemlock.OemLockService
09-18 15:30:47.967 586-586/? I/hwservicemanager: getTransport: Cannot find entry android.hardware.oemlock@1.0::IOemLock/default in either framework or device manifest.
09-18 15:30:47.968 14468-14468/system_process I/OemLock: OemLock HAL not present on device
    Using persistent data block based lock
09-18 15:30:47.969 14468-14468/system_process D/SystemServerTiming: StartOemLockService took to complete: 2ms
09-18 15:30:47.969 14468-14468/system_process I/SystemServer: StartDeviceIdleController
09-18 15:30:47.969 14468-14468/system_process I/SystemServiceManager: Starting com.android.server.DeviceIdleController
09-18 15:30:47.971 14468-14647/system_process I/ActivityTaskManager: Override config changes=200 {1.0 ?mcc?mnc [en_US] ldltr sw432dp w432dp h792dp 400dpi nrml long port night finger -keyb/h/h -nav/h winConfig={ mBounds=Rect(0, 0 - 1080, 2160) mAppBounds=Rect(0, 0 - 1080, 2040) mWindowingMode=fullscreen mDisplayWindowingMode=fullscreen mActivityType=undefined mAlwaysOnTop=undefined mRotation=ROTATION_0} s.4} for displayId=0
09-18 15:30:47.974 14468-14647/system_process D/SystemServerInitThreadPool: Finished executing UiModeManager.onStart
09-18 15:30:47.983 14468-14468/system_process D/SystemServerTiming: StartDeviceIdleController took to complete: 15ms
09-18 15:30:47.983 14468-14468/system_process I/SystemServer: StartDevicePolicyManager
09-18 15:30:47.983 14468-14468/system_process I/SystemServiceManager: Starting com.android.server.devicepolicy.DevicePolicyManagerService$Lifecycle
09-18 15:30:47.990 14468-14468/system_process D/SystemServerTiming: StartDevicePolicyManager took to complete: 6ms
09-18 15:30:47.990 14468-14468/system_process I/SystemServer: StartStatusBarManagerService
09-18 15:30:47.990 14468-14468/system_process D/SystemServerTiming: StartStatusBarManagerService took to complete: 1ms
09-18 15:30:47.991 14468-14468/system_process D/SystemServer: ContentCaptureService disabled because resource is not overlaid
    AttentionService is not configured on this device
    SystemCaptionsManagerService disabled because resource is not overlaid
    AppPredictionService not defined by OEM
    ContentSuggestionsService not defined by OEM
09-18 15:30:47.991 14468-14468/system_process I/SystemServer: InitNetworkStackClient
09-18 15:30:47.992 14468-14468/system_process D/SystemServerTiming: InitNetworkStackClient took to complete: 1ms
09-18 15:30:47.992 14468-14468/system_process I/SystemServer: StartNetworkManagementService
09-18 15:30:47.995 14273-14288/? I/netd: registerUnsolicitedEventListener() <0.04ms>
09-18 15:30:47.995 14468-14468/system_process D/SystemServerTiming: StartNetworkManagementService took to complete: 2ms
09-18 15:30:47.995 14468-14468/system_process I/SystemServer: StartIpSecService
09-18 15:30:47.995 14468-14648/system_process D/SystemServerInitThreadPool: Finished executing PersistentDataBlockService.onStart
09-18 15:30:47.995 14468-14468/system_process D/SystemServerTiming: StartIpSecService took to complete: 1ms
09-18 15:30:47.996 14468-14468/system_process I/SystemServer: StartTextServicesManager
09-18 15:30:47.996 14468-14468/system_process I/SystemServiceManager: Starting com.android.server.textservices.TextServicesManagerService$Lifecycle
09-18 15:30:47.996 14468-14468/system_process D/SystemServerTiming: StartTextServicesManager took to complete: 1ms
09-18 15:30:47.996 14468-14468/system_process I/SystemServer: StartTextClassificationManagerService
09-18 15:30:47.997 14468-14468/system_process I/SystemServiceManager: Starting com.android.server.textclassifier.TextClassificationManagerService$Lifecycle
09-18 15:30:47.997 14468-14468/system_process D/SystemServerTiming: StartTextClassificationManagerService took to complete: 0ms
09-18 15:30:47.997 14468-14468/system_process I/SystemServer: StartNetworkScoreService
09-18 15:30:47.997 14468-14468/system_process I/SystemServiceManager: Starting com.android.server.NetworkScoreService$Lifecycle
09-18 15:30:47.998 14468-14468/system_process I/NetworkScoreService: Registering network_score
09-18 15:30:47.998 14468-14468/system_process D/SystemServerTiming: StartNetworkScoreService took to complete: 2ms
09-18 15:30:47.998 14468-14468/system_process I/SystemServer: StartNetworkStatsService
09-18 15:30:48.000 14468-14468/system_process D/SystemServerTiming: StartNetworkStatsService took to complete: 1ms
09-18 15:30:48.000 14468-14468/system_process I/SystemServer: StartNetworkPolicyManagerService
09-18 15:30:48.002 14468-14468/system_process D/SystemServerTiming: StartNetworkPolicyManagerService took to complete: 2ms
09-18 15:30:48.002 14468-14468/system_process I/SystemServer: StartWifi
09-18 15:30:48.004 14468-14468/system_process I/SystemServiceManager: Starting com.android.server.wifi.WifiService
09-18 15:30:48.005 14269-14269/? I/Zygote: Preloading resources...
09-18 15:30:48.011 14269-14269/? W/Resources: Preloaded drawable resource #0x108027e (android:drawable/dialog_background_material) that varies with configuration!!
09-18 15:30:48.022 14269-14269/? I/Zygote: ...preloaded 64 resources in 16ms.
09-18 15:30:48.025 14269-14269/? I/Zygote: ...preloaded 41 resources in 3ms.
09-18 15:30:48.025 14269-14269/? D/ZygoteInitTiming_lazy: PreloadResources took to complete: 110ms
09-18 15:30:48.035 14269-14269/? D/libEGL: loaded /vendor/lib/egl/libEGL_adreno.so
09-18 15:30:48.038 14468-14468/system_process E/HostapdHal: Malformed channel value detected: java.lang.NumberFormatException: For input string: ""
09-18 15:30:48.041 14269-14269/? D/libEGL: loaded /vendor/lib/egl/libGLESv1_CM_adreno.so
09-18 15:30:48.044 14269-14269/? D/libEGL: loaded /vendor/lib/egl/libGLESv2_adreno.so
09-18 15:30:48.050 14468-14468/system_process D/WifiCountryCode: mDefaultCountryCode null mRevertCountryCodeOnCellularLoss false
09-18 15:30:48.050 14468-14468/system_process D/WifiApConfigStore: 2G band allowed channels are:1,6,11
09-18 15:30:48.053 14468-14468/system_process E/WifiScoringParams: Inconsistent config_wifi_framework_ resources: rssi2=-100:-80:-100:-60,rssi5=-100:-77:-100:-57,pps=0:1:100,horizon=15,nud=8,expid=0
    java.lang.IllegalArgumentException
        at com.android.server.wifi.ScoringParams$Values.validateRange(ScoringParams.java:120)
        at com.android.server.wifi.ScoringParams$Values.validateRssiArray(ScoringParams.java:113)
        at com.android.server.wifi.ScoringParams$Values.validate(ScoringParams.java:101)
        at com.android.server.wifi.ScoringParams.loadResources(ScoringParams.java:234)
        at com.android.server.wifi.ScoringParams.<init>(ScoringParams.java:212)
        at com.android.server.wifi.WifiInjector.<init>(WifiInjector.java:265)
        at com.android.server.wifi.WifiService.<init>(WifiService.java:32)
        at java.lang.reflect.Constructor.newInstance0(Native Method)
        at java.lang.reflect.Constructor.newInstance(Constructor.java:343)
        at com.android.server.SystemServiceManager.startService(SystemServiceManager.java:102)
        at com.android.server.SystemServiceManager.startService(SystemServiceManager.java:76)
        at com.android.server.SystemServer.startOtherServices(SystemServer.java:1356)
        at com.android.server.SystemServer.run(SystemServer.java:529)
        at com.android.server.SystemServer.main(SystemServer.java:356)
        at java.lang.reflect.Method.invoke(Native Method)
        at com.android.internal.os.RuntimeInit$MethodAndArgsCaller.run(RuntimeInit.java:491)
        at com.android.internal.os.ZygoteInit.main(ZygoteInit.java:918)
09-18 15:30:48.054 14468-14468/system_process I/DropBoxManagerService: add tag=system_server_wtf isTagEnabled=true flags=0x2
09-18 15:30:48.058 14468-14468/system_process I/WifiScoringParams: rssi2=-100:-80:-100:-60,rssi5=-100:-77:-100:-57,pps=0:1:100,horizon=15,nud=8,expid=0
09-18 15:30:48.067 14269-14269/? I/Zygote: Preloading shared libraries...
09-18 15:30:48.072 14269-14269/? I/Zygote: Called ZygoteHooks.endPreload()
09-18 15:30:48.073 14269-14269/? I/Zygote: Installed AndroidKeyStoreProvider in 0ms.
09-18 15:30:48.079 14269-14269/? I/Zygote: Warmed up JCA providers in 6ms.
09-18 15:30:48.079 14269-14269/? D/Zygote: end preload
09-18 15:30:48.079 14468-14563/system_process D/SystemServerTimingAsync: SecondaryZygotePreload took to complete: 595ms
09-18 15:30:48.079 14468-14563/system_process D/SystemServerInitThreadPool: Finished executing SecondaryZygotePreload
09-18 15:30:48.084 14468-14468/system_process D/WifiOpenNetworkNotifier: Settings toggle enabled=true
09-18 15:30:48.084 14468-14468/system_process D/WifiCarrierNetworkNotifier: Settings toggle enabled=true
09-18 15:30:48.087 14468-14468/system_process D/WifiActiveModeWarden: Starting Wifi in WifiDisabledState
09-18 15:30:48.087 14468-14654/system_process D/WifiActiveModeWarden: Entering WifiDisabledState
09-18 15:30:48.087 14468-14468/system_process D/WakeupController: WifiWake enabled
09-18 15:30:48.089 14468-14468/system_process E/WifiClientModeImpl: getWifiLinkLayerStats called without an interface
09-18 15:30:48.090 14468-14468/system_process E/SupplicantStaIfaceHal: Can't call setDebugParams, ISupplicant is null
09-18 15:30:48.090 14468-14468/system_process I/WifiService: Registering wifi
09-18 15:30:48.090 14468-14468/system_process D/SystemServerTiming: StartWifi took to complete: 88ms
09-18 15:30:48.090 14468-14468/system_process I/SystemServer: StartWifiScanning
09-18 15:30:48.091 14468-14468/system_process I/SystemServiceManager: Starting com.android.server.wifi.scanner.WifiScanningService
09-18 15:30:48.091 14468-14468/system_process I/WifiScanningService: Creating wifiscanner
09-18 15:30:48.092 14468-14468/system_process I/WifiScanningService: Publishing wifiscanner
09-18 15:30:48.093 14468-14468/system_process D/SystemServerTiming: StartWifiScanning took to complete: 2ms
09-18 15:30:48.093 14468-14468/system_process I/SystemServer: StartWifiP2P
09-18 15:30:48.093 14468-14468/system_process I/SystemServiceManager: Starting com.android.server.wifi.p2p.WifiP2pService
09-18 15:30:48.098 14468-14468/system_process W/HalDevMgr: isWifiStarted called but mWifi is null!?
09-18 15:30:48.098 14468-14468/system_process I/WifiP2pService: Registering wifip2p
09-18 15:30:48.098 14468-14468/system_process D/SystemServerTiming: StartWifiP2P took to complete: 6ms
09-18 15:30:48.098 14468-14468/system_process I/SystemServer: StartEthernet
09-18 15:30:48.099 14468-14468/system_process I/SystemServiceManager: Starting com.android.server.ethernet.EthernetService
09-18 15:30:48.099 14468-14468/system_process I/EthernetService: Registering service ethernet
09-18 15:30:48.099 14468-14468/system_process D/SystemServerTiming: StartEthernet took to complete: 0ms
09-18 15:30:48.099 14468-14468/system_process I/SystemServer: StartConnectivityService
09-18 15:30:48.102 14468-14468/system_process D/ConnectivityService: ConnectivityService starting up
09-18 15:30:48.105 14468-14468/system_process D/ConnectivityService: wifiOnly=false
09-18 15:30:48.119 14468-14468/system_process D/SystemServerTiming: StartConnectivityService took to complete: 21ms
09-18 15:30:48.119 14468-14468/system_process I/SystemServer: StartNsdService
09-18 15:30:48.121 14468-14468/system_process D/NsdService: Network service discovery is enabled
09-18 15:30:48.124 14468-14468/system_process D/SystemServerTiming: StartNsdService took to complete: 5ms
09-18 15:30:48.125 14468-14468/system_process I/SystemServer: StartSystemUpdateManagerService
09-18 15:30:48.125 14468-14468/system_process I/SystemUpdateManagerService: No existing info file /data/system/system-update-info.xml
09-18 15:30:48.125 14468-14468/system_process D/SystemServerTiming: StartSystemUpdateManagerService took to complete: 1ms
09-18 15:30:48.125 14468-14468/system_process I/SystemServer: StartUpdateLockService
09-18 15:30:48.126 14468-14468/system_process D/SystemServerTiming: StartUpdateLockService took to complete: 0ms
09-18 15:30:48.126 14468-14468/system_process I/SystemServer: StartNotificationManager
09-18 15:30:48.126 14468-14468/system_process I/SystemServiceManager: Starting com.android.server.notification.NotificationManagerService
09-18 15:30:48.154 14468-14468/system_process D/ConditionProviders.SCP: new ScheduleConditionProvider()
09-18 15:30:48.178 14468-14468/system_process I/NotificationListeners: Read notification listener permissions from xml
09-18 15:30:48.179 14468-14468/system_process I/NotificationAssistants: Read notification assistant permissions from xml
09-18 15:30:48.179 14468-14468/system_process I/ConditionProviders: Read condition provider permissions from xml
    Read condition provider permissions from xml
09-18 15:30:48.179 14468-14468/system_process D/NotificationAssistants: Approving default notification assistant for user 0
09-18 15:30:48.179 14468-14468/system_process I/ConditionProviders:  Allowing condition provider android.ext.services/android.ext.services.notification.Assistant
09-18 15:30:48.181 14468-14468/system_process D/NotificationService: Set default NAS to be android.ext.services/android.ext.services.notification.Assistant in 0
09-18 15:30:48.196 585-585/? E/ServiceManager: add_service('notification',6b) uid=1000 - ALREADY REGISTERED, OVERRIDE
09-18 15:30:48.196 585-585/? I/ServiceManager: service 'notification' died
09-18 15:30:48.196 14468-14468/system_process W/SystemServiceManager: Service com.android.server.notification.NotificationManagerService took 51 ms in onStart
09-18 15:30:48.200 14468-14468/system_process D/SystemServerTiming: StartNotificationManager took to complete: 75ms
09-18 15:30:48.200 14468-14468/system_process I/SystemServer: StartDeviceMonitor
09-18 15:30:48.200 14468-14468/system_process I/SystemServiceManager: Starting com.android.server.storage.DeviceStorageMonitorService
09-18 15:30:48.203 14468-14468/system_process D/SystemServerTiming: StartDeviceMonitor took to complete: 2ms
09-18 15:30:48.203 14468-14468/system_process I/SystemServer: StartLocationManagerService
09-18 15:30:48.203 14468-14468/system_process D/SystemServerTiming: StartLocationManagerService took to complete: 1ms
09-18 15:30:48.203 14468-14468/system_process I/SystemServer: StartCountryDetectorService
09-18 15:30:48.204 14468-14468/system_process D/SystemServerTiming: StartCountryDetectorService took to complete: 0ms
09-18 15:30:48.204 14468-14468/system_process I/SystemServer: StartTimeDetectorService
09-18 15:30:48.204 14468-14468/system_process I/SystemServiceManager: Starting com.android.server.timedetector.TimeDetectorService$Lifecycle
09-18 15:30:48.204 14468-14468/system_process D/SystemServerTiming: StartTimeDetectorService took to complete: 1ms
09-18 15:30:48.204 14468-14468/system_process I/SystemServer: StartSearchManagerService
09-18 15:30:48.205 14468-14468/system_process I/SystemServiceManager: Starting com.android.server.search.SearchManagerService$Lifecycle
09-18 15:30:48.205 14468-14468/system_process D/SystemServerTiming: StartSearchManagerService took to complete: 1ms
09-18 15:30:48.205 14468-14468/system_process I/SystemServer: StartWallpaperManagerService
09-18 15:30:48.205 14468-14468/system_process I/SystemServiceManager: Starting com.android.server.wallpaper.WallpaperManagerService$Lifecycle
09-18 15:30:48.207 14468-14468/system_process D/SystemServerTiming: StartWallpaperManagerService took to complete: 1ms
09-18 15:30:48.207 14468-14468/system_process I/SystemServer: StartAudioService
09-18 15:30:48.207 14468-14468/system_process I/SystemServiceManager: Starting com.android.server.audio.AudioService$Lifecycle
09-18 15:30:48.214 14468-14468/system_process I/android_os_HwBinder: HwBinder: Starting thread pool for getting: android.hidl.manager@1.0::IServiceManager/default
09-18 15:30:48.218 14270-14429/? W/AudioFlinger: no wake lock to update, system not ready yet
09-18 15:30:48.218 14270-14426/? W/AudioFlinger: no wake lock to update, system not ready yet
09-18 15:30:48.219 14270-14433/? W/AudioFlinger: no wake lock to update, system not ready yet
09-18 15:30:48.220 14270-14270/? D/PermissionCache: checking android.permission.MODIFY_AUDIO_ROUTING for uid=1000 => granted (608 us)
09-18 15:30:48.220 14270-14270/? D/AudioPolicyManagerCustom: setForceUse() usage 4, config 0, mPhoneState 0
09-18 15:30:48.220 14468-14468/system_process W/TelecomManager: Telecom Service not found.
09-18 15:30:48.221 14270-14270/? D/AudioPolicyManagerCustom: setForceUse() usage 3, config 8, mPhoneState 0
09-18 15:30:48.222 14270-14303/? D/AudioPolicyManagerCustom: setForceUse() usage 6, config 0, mPhoneState 0
09-18 15:30:48.223 14270-14668/? D/PermissionCache: checking android.permission.MODIFY_AUDIO_SETTINGS for uid=1000 => granted (242 us)
09-18 15:30:48.226 14275-14279/? D/audio_hw_primary: adev_set_mic_mute state 0
09-18 15:30:48.226 14275-14279/? W/DeviceHAL: Error from HAL Device in function set_mic_mute: Function not implemented
    Error from HAL Device in function set_mic_mute: Function not implemented
09-18 15:30:48.227 14468-14468/system_process E/AudioSystem-JNI: Command failed for android_media_AudioSystem_muteMicrophone: -38
09-18 15:30:48.255 14270-14270/? D/AudioFlinger: isLowRamDevice:false totalMemory:6004461568 mClientSharedHeapSize:33554432
09-18 15:30:48.256 14270-14270/? D/AudioPolicyManagerCustom: setForceUse() usage 7, config 0, mPhoneState 0
09-18 15:30:48.257 14468-14468/system_process D/SystemServerTiming: StartAudioService took to complete: 51ms
09-18 15:30:48.258 14468-14468/system_process I/SystemServer: StartDockObserver
09-18 15:30:48.258 14468-14468/system_process I/SystemServiceManager: Starting com.android.server.DockObserver
09-18 15:30:48.259 14468-14468/system_process W/DockObserver: This kernel does not have dock station support
09-18 15:30:48.259 14468-14468/system_process D/SystemServerTiming: StartDockObserver took to complete: 2ms
09-18 15:30:48.259 14468-14468/system_process I/SystemServer: StartWiredAccessoryManager
09-18 15:30:48.262 14468-14468/system_process W/WiredAccessoryManager: This kernel does not have usb audio support
09-18 15:30:48.262 14468-14468/system_process D/SystemServerTiming: StartWiredAccessoryManager took to complete: 2ms
09-18 15:30:48.262 14468-14468/system_process I/SystemServer: StartMidiManager
09-18 15:30:48.262 14468-14468/system_process I/SystemServiceManager: Starting com.android.server.midi.MidiService$Lifecycle
09-18 15:30:48.264 14468-14468/system_process D/SystemServerTiming: StartMidiManager took to complete: 1ms
09-18 15:30:48.264 14468-14468/system_process I/SystemServer: StartAdbService
09-18 15:30:48.264 14468-14468/system_process I/SystemServiceManager: Starting com.android.server.adb.AdbService$Lifecycle
09-18 15:30:48.266 14468-14468/system_process D/SystemServerTiming: StartAdbService took to complete: 3ms
09-18 15:30:48.267 14468-14468/system_process I/SystemServer: StartUsbService
09-18 15:30:48.267 14468-14468/system_process I/SystemServiceManager: Starting com.android.server.usb.UsbService$Lifecycle
09-18 15:30:48.274 14468-14468/system_process E/UsbDeviceManager: failed to write to /sys/class/android_usb/android0/f_rndis/ethaddr
09-18 15:30:48.275 586-586/? I/hwservicemanager: getTransport: Cannot find entry android.hardware.usb.gadget@1.0::IUsbGadget/default in either framework or device manifest.
09-18 15:30:48.275 14468-14468/system_process I/UsbDeviceManager: USB GADGET HAL not present in the device
    java.util.NoSuchElementException
        at android.os.HwBinder.getService(Native Method)
        at android.hardware.usb.gadget.V1_0.IUsbGadget.getService(IUsbGadget.java:55)
        at android.hardware.usb.gadget.V1_0.IUsbGadget.getService(IUsbGadget.java:62)
        at com.android.server.usb.UsbDeviceManager.<init>(UsbDeviceManager.java:266)
        at com.android.server.usb.UsbService.<init>(UsbService.java:150)
        at com.android.server.usb.UsbService$Lifecycle.onStart(UsbService.java:84)
        at com.android.server.SystemServiceManager.startService(SystemServiceManager.java:130)
        at com.android.server.SystemServiceManager.startService(SystemServiceManager.java:117)
        at com.android.server.SystemServiceManager.startService(SystemServiceManager.java:76)
        at com.android.server.SystemServer.startOtherServices(SystemServer.java:1562)
        at com.android.server.SystemServer.run(SystemServer.java:529)
        at com.android.server.SystemServer.main(SystemServer.java:356)
        at java.lang.reflect.Method.invoke(Native Method)
        at com.android.internal.os.RuntimeInit$MethodAndArgsCaller.run(RuntimeInit.java:491)
        at com.android.internal.os.ZygoteInit.main(ZygoteInit.java:918)
09-18 15:30:48.276 14468-14468/system_process E/UsbDeviceManagerJNI: could not open control for mtp Permission denied
09-18 15:30:48.276 14468-14468/system_process E/UsbDeviceManager: Failed to open control for mtp
09-18 15:30:48.276 14468-14468/system_process E/UsbDeviceManagerJNI: could not open control for ptp Permission denied
09-18 15:30:48.276 14468-14468/system_process E/UsbDeviceManager: Failed to open control for ptp
09-18 15:30:48.300 14468-14468/system_process W/StorageManagerService: No primary storage defined yet; hacking together a stub
09-18 15:30:48.305 14468-14468/system_process I/android_os_HwBinder: HwBinder: Starting thread pool for getting: android.hidl.manager@1.0::IServiceManager/default
09-18 15:30:48.306 14468-14508/system_process I/UsbPortManager: Usb hal service started android.hardware.usb@1.0::IUsb default
09-18 15:30:48.307 14468-14468/system_process I/android_os_HwBinder: HwBinder: Starting thread pool for getting: android.hardware.usb@1.0::IUsb/default
09-18 15:30:48.309 795-795/? I/android.hardware.usb@1.0-service: otg_default
09-18 15:30:48.311 795-795/? I/android.hardware.usb@1.0-service: canChangeMode: 0 canChagedata: 0 canChangePower:0
09-18 15:30:48.312 14468-14468/system_process D/SystemServerTiming: StartUsbService took to complete: 46ms
09-18 15:30:48.312 14468-14468/system_process I/SystemServer: StartSerialService
09-18 15:30:48.313 14468-14468/system_process D/SystemServerTiming: StartSerialService took to complete: 0ms
09-18 15:30:48.313 14468-14468/system_process I/SystemServer: StartHardwarePropertiesManagerService
09-18 15:30:48.314 586-586/? I/hwservicemanager: getTransport: Cannot find entry android.hardware.thermal@1.0::IThermal/default in either framework or device manifest.
09-18 15:30:48.314 14468-14468/system_process E/HardwarePropertiesManagerService-JNI: Unable to get Thermal service.
09-18 15:30:48.314 14468-14468/system_process D/SystemServerTiming: StartHardwarePropertiesManagerService took to complete: 2ms
09-18 15:30:48.314 14468-14468/system_process I/SystemServer: StartTwilightService
09-18 15:30:48.314 14468-14468/system_process I/SystemServiceManager: Starting com.android.server.twilight.TwilightService
09-18 15:30:48.315 14468-14468/system_process D/SystemServerTiming: StartTwilightService took to complete: 0ms
09-18 15:30:48.315 14468-14468/system_process I/SystemServer: StartColorDisplay
09-18 15:30:48.315 14468-14468/system_process I/SystemServiceManager: Starting com.android.server.display.color.ColorDisplayService
09-18 15:30:48.317 14468-14468/system_process D/SystemServerTiming: StartColorDisplay took to complete: 2ms
09-18 15:30:48.317 14468-14468/system_process I/SystemServer: StartJobScheduler
09-18 15:30:48.317 14468-14468/system_process I/SystemServiceManager: Starting com.android.server.job.JobSchedulerService
09-18 15:30:48.322 14468-14468/system_process D/JobStore: Start tag: job-info
09-18 15:30:48.325 14468-14468/system_process I/JobStore: Read 6 jobs
09-18 15:30:48.334 14468-14468/system_process D/SystemServerTiming: StartJobScheduler took to complete: 17ms
09-18 15:30:48.334 14468-14468/system_process I/SystemServer: StartSoundTrigger
09-18 15:30:48.334 14468-14468/system_process I/SystemServiceManager: Starting com.android.server.soundtrigger.SoundTriggerService
09-18 15:30:48.335 14468-14468/system_process D/SystemServerTiming: StartSoundTrigger took to complete: 1ms
09-18 15:30:48.335 14468-14468/system_process I/SystemServer: StartTrustManager
09-18 15:30:48.335 14468-14468/system_process I/SystemServiceManager: Starting com.android.server.trust.TrustManagerService
09-18 15:30:48.337 14468-14468/system_process D/SystemServerTiming: StartTrustManager took to complete: 2ms
09-18 15:30:48.337 14468-14468/system_process I/SystemServer: StartBackupManager
09-18 15:30:48.337 14468-14468/system_process I/SystemServiceManager: Starting com.android.server.backup.BackupManagerService$Lifecycle
09-18 15:30:48.340 14468-14468/system_process D/SystemServerTiming: StartBackupManager took to complete: 2ms
09-18 15:30:48.340 14468-14468/system_process I/SystemServer: StartAppWidgetService
09-18 15:30:48.340 14468-14468/system_process I/SystemServiceManager: Starting com.android.server.appwidget.AppWidgetService
09-18 15:30:48.345 14468-14468/system_process D/SystemServerTiming: StartAppWidgetService took to complete: 6ms
09-18 15:30:48.345 14468-14468/system_process I/SystemServer: StartRoleManagerService
09-18 15:30:48.348 14468-14468/system_process D/SystemServerTiming: StartRoleManagerService took to complete: 3ms
09-18 15:30:48.348 14468-14468/system_process I/SystemServer: StartVoiceRecognitionManager
09-18 15:30:48.349 14468-14468/system_process I/SystemServiceManager: Starting com.android.server.voiceinteraction.VoiceInteractionManagerService
09-18 15:30:48.352 14468-14468/system_process I/RoleUserState: Read roles.xml successfully
09-18 15:30:48.352 14468-14468/system_process W/VoiceInteractionManagerService: Unable to resolve default voice recognition service.
09-18 15:30:48.353 14468-14468/system_process D/SystemServerTiming: StartVoiceRecognitionManager took to complete: 4ms
09-18 15:30:48.353 14468-14468/system_process I/SystemServer: StartGestureLauncher
09-18 15:30:48.353 14468-14468/system_process I/SystemServiceManager: Starting com.android.server.GestureLauncherService
09-18 15:30:48.354 14468-14468/system_process D/SystemServerTiming: StartGestureLauncher took to complete: 0ms
09-18 15:30:48.354 14468-14468/system_process I/SystemServer: StartSensorNotification
09-18 15:30:48.354 14468-14468/system_process I/SystemServiceManager: Starting com.android.server.SensorNotificationService
09-18 15:30:48.354 14468-14468/system_process D/SystemServerTiming: StartSensorNotification took to complete: 0ms
09-18 15:30:48.354 14468-14468/system_process I/SystemServer: StartContextHubSystemService
09-18 15:30:48.354 14468-14468/system_process I/SystemServiceManager: Starting com.android.server.ContextHubSystemService
09-18 15:30:48.354 14468-14468/system_process D/SystemServerTiming: StartContextHubSystemService took to complete: 1ms
09-18 15:30:48.354 14468-14468/system_process I/SystemServer: StartDiskStatsService
09-18 15:30:48.354 14468-14498/system_process D/SystemServerInitThreadPool: Started executing Init ContextHubSystemService
09-18 15:30:48.355 586-586/? I/hwservicemanager: getTransport: Cannot find entry android.hardware.contexthub@1.0::IContexthub/default in either framework or device manifest.
09-18 15:30:48.356 14468-14498/system_process I/ContextHubService: Context Hub HAL service not found
09-18 15:30:48.356 14468-14498/system_process D/SystemServerInitThreadPool: Finished executing Init ContextHubSystemService
09-18 15:30:48.356 14468-14468/system_process D/SystemServerTiming: StartDiskStatsService took to complete: 2ms
09-18 15:30:48.356 14468-14468/system_process I/SystemServer: RuntimeService
09-18 15:30:48.357 14468-14468/system_process D/SystemServerTiming: RuntimeService took to complete: 0ms
09-18 15:30:48.357 14468-14468/system_process I/SystemServer: StartNetworkTimeUpdateService
09-18 15:30:48.358 14468-14468/system_process D/SystemServer: Using networkTimeUpdater class=class com.android.server.NewNetworkTimeUpdateService
09-18 15:30:48.358 14468-14468/system_process D/SystemServerTiming: StartNetworkTimeUpdateService took to complete: 0ms
09-18 15:30:48.358 14468-14468/system_process I/SystemServer: CertBlacklister
09-18 15:30:48.359 14468-14468/system_process D/SystemServerTiming: CertBlacklister took to complete: 0ms
09-18 15:30:48.359 14468-14468/system_process I/SystemServer: StartEmergencyAffordanceService
09-18 15:30:48.359 14468-14468/system_process I/SystemServiceManager: Starting com.android.server.emergency.EmergencyAffordanceService
09-18 15:30:48.361 14468-14468/system_process D/SystemServerTiming: StartEmergencyAffordanceService took to complete: 1ms
09-18 15:30:48.361 14468-14468/system_process I/SystemServer: StartDreamManager
09-18 15:30:48.361 14468-14468/system_process I/SystemServiceManager: Starting com.android.server.dreams.DreamManagerService
09-18 15:30:48.364 14468-14468/system_process D/SystemServerTiming: StartDreamManager took to complete: 3ms
09-18 15:30:48.364 14468-14468/system_process I/SystemServer: AddGraphicsStatsService
09-18 15:30:48.365 14468-14468/system_process D/SystemServerTiming: AddGraphicsStatsService took to complete: 2ms
09-18 15:30:48.366 14468-14468/system_process I/SystemServer: StartPrintManager
09-18 15:30:48.366 14468-14468/system_process I/SystemServiceManager: Starting com.android.server.print.PrintManagerService
09-18 15:30:48.368 14468-14468/system_process D/SystemServerTiming: StartPrintManager took to complete: 3ms
09-18 15:30:48.368 14468-14468/system_process I/SystemServer: StartCompanionDeviceManager
09-18 15:30:48.369 14468-14468/system_process I/SystemServiceManager: Starting com.android.server.companion.CompanionDeviceManagerService
09-18 15:30:48.370 14468-14468/system_process D/SystemServerTiming: StartCompanionDeviceManager took to complete: 2ms
09-18 15:30:48.370 14468-14468/system_process I/SystemServer: StartRestrictionManager
09-18 15:30:48.371 14468-14468/system_process I/SystemServiceManager: Starting com.android.server.restrictions.RestrictionsManagerService
09-18 15:30:48.371 14468-14468/system_process D/SystemServerTiming: StartRestrictionManager took to complete: 1ms
09-18 15:30:48.371 14468-14468/system_process I/SystemServer: StartMediaSessionService
09-18 15:30:48.372 14468-14468/system_process I/SystemServiceManager: Starting com.android.server.media.MediaSessionService
09-18 15:30:48.386 14468-14468/system_process D/SystemServerTiming: StartMediaSessionService took to complete: 15ms
09-18 15:30:48.386 14468-14468/system_process I/SystemServer: StartMediaResourceMonitor
09-18 15:30:48.387 14468-14468/system_process I/SystemServiceManager: Starting com.android.server.media.MediaResourceMonitorService
09-18 15:30:48.387 14468-14468/system_process D/SystemServerTiming: StartMediaResourceMonitor took to complete: 1ms
09-18 15:30:48.387 14468-14468/system_process I/SystemServer: StartMediaRouterService
09-18 15:30:48.389 14468-14468/system_process D/SystemServerTiming: StartMediaRouterService took to complete: 1ms
09-18 15:30:48.389 14468-14468/system_process I/SystemServer: StartFingerprintSensor
09-18 15:30:48.389 14468-14468/system_process I/SystemServiceManager: Starting com.android.server.biometrics.fingerprint.FingerprintService
09-18 15:30:48.392 14468-14468/system_process D/SystemServerTiming: StartFingerprintSensor took to complete: 4ms
09-18 15:30:48.392 14468-14564/system_process D/SystemServerInitThreadPool: Started executing FingerprintService.onStart
09-18 15:30:48.392 14468-14468/system_process I/SystemServer: StartBiometricService
09-18 15:30:48.392 14468-14468/system_process I/SystemServiceManager: Starting com.android.server.biometrics.BiometricService
09-18 15:30:48.392 14468-14564/system_process V/FingerprintService: mDaemon was null, reconnect to fingerprint
09-18 15:30:48.394 14468-14564/system_process I/android_os_HwBinder: HwBinder: Starting thread pool for getting: android.hardware.biometrics.fingerprint@2.1::IBiometricsFingerprint/default
09-18 15:30:48.395 14468-14468/system_process D/SystemServerTiming: StartBiometricService took to complete: 3ms
09-18 15:30:48.397 14468-14468/system_process I/SystemServer: StartBackgroundDexOptService
09-18 15:30:48.397 14468-14564/system_process V/FingerprintService: Fingerprint HAL id: 510237351936
09-18 15:30:48.397 14468-14468/system_process W/BackgroundDexOptService: SysProp pm.dexopt.downgrade_after_inactive_days not set
09-18 15:30:48.397 962-1243/? I/[goodix][gf_hal]: [gf_hal_set_active_group] group_id=0
09-18 15:30:48.398 14468-14468/system_process D/SystemServerTiming: StartBackgroundDexOptService took to complete: 1ms
09-18 15:30:48.398 14468-14468/system_process I/SystemServer: StartDynamicCodeLoggingService
09-18 15:30:48.398 14468-14468/system_process D/SystemServerTiming: StartDynamicCodeLoggingService took to complete: 1ms
09-18 15:30:48.398 14468-14468/system_process I/SystemServer: StartPruneInstantAppsJobService
09-18 15:30:48.399 14468-14468/system_process D/SystemServerTiming: StartPruneInstantAppsJobService took to complete: 0ms
09-18 15:30:48.399 14468-14468/system_process I/SystemServer: StartShortcutServiceLifecycle
09-18 15:30:48.399 14468-14468/system_process I/SystemServiceManager: Starting com.android.server.pm.ShortcutService$Lifecycle
09-18 15:30:48.403 14468-14468/system_process D/SystemServerTiming: StartShortcutServiceLifecycle took to complete: 4ms
09-18 15:30:48.403 14468-14468/system_process I/SystemServer: StartLauncherAppsService
09-18 15:30:48.403 14468-14468/system_process I/SystemServiceManager: Starting com.android.server.pm.LauncherAppsService
09-18 15:30:48.404 14468-14468/system_process D/SystemServerTiming: StartLauncherAppsService took to complete: 1ms
09-18 15:30:48.404 14468-14468/system_process I/SystemServer: StartCrossProfileAppsService
09-18 15:30:48.404 14468-14468/system_process I/SystemServiceManager: Starting com.android.server.pm.CrossProfileAppsService
09-18 15:30:48.405 14468-14468/system_process D/SystemServerTiming: StartCrossProfileAppsService took to complete: 0ms
09-18 15:30:48.405 14468-14468/system_process I/SystemServer: StartMediaProjectionManager
09-18 15:30:48.405 14468-14468/system_process I/SystemServiceManager: Starting com.android.server.media.projection.MediaProjectionManagerService
09-18 15:30:48.407 14468-14468/system_process V/MediaRouter: Selecting route: RouteInfo{ name=Phone, description=null, status=null, category=RouteCategory{ name=System types=ROUTE_TYPE_LIVE_AUDIO ROUTE_TYPE_LIVE_VIDEO  groupable=false }, supportedTypes=ROUTE_TYPE_LIVE_AUDIO ROUTE_TYPE_LIVE_VIDEO , presentationDisplay=null }
09-18 15:30:48.408 14468-14468/system_process D/SystemServerTiming: StartMediaProjectionManager took to complete: 3ms
09-18 15:30:48.408 14468-14468/system_process I/SystemServer: StartSliceManagerService
09-18 15:30:48.408 14468-14468/system_process I/SystemServiceManager: Starting com.android.server.slice.SliceManagerService$Lifecycle
09-18 15:30:48.411 14468-14468/system_process D/SystemServerTiming: StartSliceManagerService took to complete: 4ms
09-18 15:30:48.411 14468-14468/system_process I/SystemServer: StartCameraServiceProxy
09-18 15:30:48.411 14468-14468/system_process I/SystemServiceManager: Starting com.android.server.camera.CameraServiceProxy
09-18 15:30:48.414 14468-14468/system_process D/SystemServerTiming: StartCameraServiceProxy took to complete: 3ms
09-18 15:30:48.415 14468-14468/system_process I/SystemServer: StartStatsCompanionService
09-18 15:30:48.415 14468-14468/system_process I/SystemServiceManager: Starting com.android.server.stats.StatsCompanionService$Lifecycle
09-18 15:30:48.417 14468-14468/system_process I/StatsCompanionService: register thermal listener successfully
09-18 15:30:48.420 14468-14468/system_process D/SystemServerTiming: StartStatsCompanionService took to complete: 6ms
09-18 15:30:48.420 14468-14468/system_process I/SystemServer: StartIncidentCompanionService
09-18 15:30:48.420 14468-14468/system_process I/SystemServiceManager: Starting com.android.server.incident.IncidentCompanionService
09-18 15:30:48.421 14468-14468/system_process D/SystemServerTiming: StartIncidentCompanionService took to complete: 1ms
09-18 15:30:48.438 14468-14564/system_process V/FingerprintService: Enumerating user(0)
09-18 15:30:48.439 14468-14564/system_process D/SystemServerInitThreadPool: Finished executing FingerprintService.onStart
09-18 15:30:48.454 14468-14468/system_process W/system_server: resources.arsc in APK '/data/app/com.eg.android.AlipayGphone-g2wGsn_Abpmx-VV8R0W5-w==/base.apk' is compressed.
09-18 15:30:48.503 14468-14468/system_process I/SystemServer: StartMmsService
09-18 15:30:48.503 14468-14468/system_process I/SystemServiceManager: Starting com.android.server.MmsServiceBroker
09-18 15:30:48.504 14468-14468/system_process D/SystemServerTiming: StartMmsService took to complete: 1ms
09-18 15:30:48.504 14468-14468/system_process I/SystemServer: StartAutoFillService
09-18 15:30:48.504 14468-14468/system_process I/SystemServiceManager: Starting com.android.server.autofill.AutofillManagerService
09-18 15:30:48.505 14468-14468/system_process D/AutofillManagerService: setLogLevelFromSettings(): level=2, debug=true, verbose=false
    setMaxPartitionsFromSettings(): 10
    setMaxVisibleDatasetsFromSettings(): 0
09-18 15:30:48.506 14468-14468/system_process D/AutofillManagerServiceImpl: Reset component for user 0:
09-18 15:30:48.506 14468-14492/system_process D/AutofillUI: destroySaveUiUiThread(): already destroyed
09-18 15:30:48.507 14468-14468/system_process D/SystemServerTiming: StartAutoFillService took to complete: 3ms
09-18 15:30:48.507 14468-14468/system_process I/SystemServer: StartClipboardService
09-18 15:30:48.507 14468-14468/system_process I/SystemServiceManager: Starting com.android.server.clipboard.ClipboardService
09-18 15:30:48.507 14468-14468/system_process D/SystemServerTiming: StartClipboardService took to complete: 1ms
09-18 15:30:48.507 14468-14468/system_process I/SystemServer: AppServiceManager
09-18 15:30:48.507 14468-14468/system_process I/SystemServiceManager: Starting com.android.server.appbinding.AppBindingService$Lifecycle
09-18 15:30:48.508 14468-14468/system_process D/SystemServerTiming: AppServiceManager took to complete: 0ms
09-18 15:30:48.509 14468-14468/system_process I/LineageSystemServer: Attempting to start service org.lineageos.platform.internal.ProfileManagerService
09-18 15:30:48.512 14468-14468/system_process I/LineageSystemServer: Starting service org.lineageos.platform.internal.ProfileManagerService
09-18 15:30:48.512 14468-14468/system_process I/SystemServiceManager: Starting org.lineageos.platform.internal.ProfileManagerService
09-18 15:30:48.512 585-585/? E/ServiceManager: add_service('profile',9b) uid=1000 - ALREADY REGISTERED, OVERRIDE
09-18 15:30:48.512 585-585/? I/ServiceManager: service 'profile' died
09-18 15:30:48.514 14468-14468/system_process V/ProfileTriggerHelper: Enabling
09-18 15:30:48.515 14468-14468/system_process D/LineageProfileService: Found active: 0230226d-0d05-494a-a9bd-d222a1117655
09-18 15:30:48.517 14468-14468/system_process D/LineageProfileService: Set active profile to: 0230226d-0d05-494a-a9bd-d222a1117655 - Default
    Saving profile data...
09-18 15:30:48.518 14468-14468/system_process D/LineageProfileService: Save completed.
09-18 15:30:48.518 14468-14468/system_process I/LineageSystemServer: Attempting to start service org.lineageos.platform.internal.LineageHardwareService
09-18 15:30:48.519 14468-14468/system_process I/LineageSystemServer: Starting service org.lineageos.platform.internal.LineageHardwareService
09-18 15:30:48.520 14468-14468/system_process I/SystemServiceManager: Starting org.lineageos.platform.internal.LineageHardwareService
09-18 15:30:48.520 585-585/? E/ServiceManager: add_service('lineagehardware',9c) uid=1000 - ALREADY REGISTERED, OVERRIDE
09-18 15:30:48.520 585-585/? I/ServiceManager: service 'lineagehardware' died
09-18 15:30:48.520 14468-14468/system_process I/LineageSystemServer: Attempting to start service org.lineageos.platform.internal.PerformanceManagerService
09-18 15:30:48.522 14468-14468/system_process I/LineageSystemServer: Starting service org.lineageos.platform.internal.PerformanceManagerService
