        at de.robv.android.xposed.callbacks.XCallback.callAll(XCallback.java:117)
        at com.elderdrivers.riru.edxp._hooker.impl.LoadedApkGetCL.afterHookedMethod(LoadedApkGetCL.java:61)
        at de.robv.android.xposed.XC_MethodHook.callAfterHookedMethod(XC_MethodHook.java:68)
        at com.swift.sandhook.xposedcompat.hookstub.HookStubManager.hookBridge(HookStubManager.java:388)
        at SandHookerNew_35f4vrpdo2vmlbkhbqk0r22p8o.hook(Unknown Source:46)
        at android.app.ContextImpl.getClassLoader(ContextImpl.java:371)
        at android.app.ActivityThread.installProvider(ActivityThread.java:6965)
        at android.app.ActivityThread.installContentProviders(ActivityThread.java:6528)
        at android.app.ActivityThread.installSystemProviders(ActivityThread.java:7169)
        at com.android.server.am.ActivityManagerService.installSystemProviders(ActivityManagerService.java:7545)
        at com.android.server.SystemServer.startOtherServices(SystemServer.java:1002)
        at com.android.server.SystemServer.run(SystemServer.java:529)
        at com.android.server.SystemServer.main(SystemServer.java:356)
        at java.lang.reflect.Method.invoke(Native Method)
09-18 15:29:01.945 8874-9040/system_process D/SensorService: new thread SensorEventAckReceiver
09-18 15:29:01.945 8874-8874/system_process W/System.err:     at com.android.internal.os.RuntimeInit$MethodAndArgsCaller.run(RuntimeInit.java:491)
        at com.android.internal.os.ZygoteInit.main(ZygoteInit.java:918)
    Caused by: android.system.ErrnoException: open failed: ENOENT (No such file or directory)
        at libcore.io.Linux.open(Native Method)
09-18 15:29:01.946 8874-8874/system_process W/System.err:     at libcore.io.ForwardingOs.open(ForwardingOs.java:167)
        at libcore.io.BlockGuardOs.open(BlockGuardOs.java:252)
        at libcore.io.IoBridge.open(IoBridge.java:482)
    	... 23 more
09-18 15:29:01.962 8874-8874/system_process W/RescueParty: Attempting rescue level RESET_SETTINGS_UNTRUSTED_DEFAULTS
09-18 15:29:01.965 8874-8874/system_process D/PackageManager: Finished rescue level RESET_SETTINGS_UNTRUSTED_DEFAULTS
09-18 15:29:01.966 8874-8874/system_process D/SystemServerTiming: InstallSystemProviders took to complete: 98ms
09-18 15:29:01.966 8874-8874/system_process I/SystemServer: StartDropBoxManager
09-18 15:29:01.966 8874-8874/system_process I/SystemServiceManager: Starting com.android.server.DropBoxManagerService
09-18 15:29:01.967 8874-8874/system_process D/SystemServerTiming: StartDropBoxManager took to complete: 1ms
09-18 15:29:01.967 8874-8874/system_process I/SystemServer: StartVibratorService
09-18 15:29:01.970 586-586/? I/hwservicemanager: getTransport: Cannot find entry android.hardware.vibrator@1.3::IVibrator/default in either framework or device manifest.
09-18 15:29:01.971 8874-8874/system_process D/SystemServerTiming: StartVibratorService took to complete: 4ms
09-18 15:29:01.971 8874-8874/system_process I/SystemServer: StartDynamicSystemService
09-18 15:29:01.971 8874-8874/system_process D/SystemServerTiming: StartDynamicSystemService took to complete: 0ms
09-18 15:29:01.971 8874-8874/system_process I/SystemServer: StartConsumerIrService
09-18 15:29:01.971 586-586/? I/hwservicemanager: getTransport: Cannot find entry android.hardware.ir@1.0::IConsumerIr/default in either framework or device manifest.
09-18 15:29:01.972 8874-8874/system_process D/SystemServerTiming: StartConsumerIrService took to complete: 1ms
09-18 15:29:01.972 8874-8874/system_process I/SystemServer: StartAlarmManagerService
09-18 15:29:01.973 8874-8874/system_process D/AlarmManagerService: Kernel timezone updated to -480 minutes west of GMT
09-18 15:29:01.974 8675-8675/? W/Zygote: Class not found for preloading: android.bluetooth.BluetoothA2dp$2
09-18 15:29:01.975 8874-8874/system_process D/SystemServerTiming: StartAlarmManagerService took to complete: 4ms
09-18 15:29:01.975 8874-8874/system_process I/SystemServer: StartInputManagerService
09-18 15:29:01.976 8874-8874/system_process I/InputManager: Initializing input manager, mUseDevInputEventForAudioJack=true
09-18 15:29:01.977 8675-8675/? I/PackageBackwardCompatibility: Could not find android.content.pm.AndroidTestBaseUpdater, ignoring
09-18 15:29:01.977 8874-8874/system_process D/SystemServerTiming: StartInputManagerService took to complete: 1ms
09-18 15:29:01.977 8874-8874/system_process I/SystemServer: StartWindowManagerService
09-18 15:29:02.003 8874-8900/system_process I/WindowTracing: Setting window tracing log level to 1
09-18 15:29:02.004 8874-8900/system_process I/WindowTracing: Setting window tracing buffer capacity to 2097152bytes
09-18 15:29:02.013 8874-8874/system_process D/SystemServerTiming: StartWindowManagerService took to complete: 36ms
09-18 15:29:02.013 8874-8874/system_process I/SystemServer: SetWindowManagerService
09-18 15:29:02.013 8874-8899/system_process I/DropBoxManagerService: add tag=system_server_strictmode isTagEnabled=true flags=0x2
09-18 15:29:02.045 8874-8874/system_process D/SystemServerTiming: SetWindowManagerService took to complete: 32ms
09-18 15:29:02.045 8874-8874/system_process I/SystemServer: WindowManagerServiceOnInitReady
09-18 15:29:02.048 8874-8898/system_process I/CameraManagerGlobal: Connecting to camera service
09-18 15:29:02.063 8874-8898/system_process W/system_server: ClassLoaderContext shared library size mismatch. Expected=3, found=0 (PCL[]{PCL[/system/framework/android.hidl.manager-V1.0-java.jar*3176430003]{PCL[/system/framework/android.hidl.base-V1.0-java.jar*372939462]}#PCL[/system/framework/android.hidl.base-V1.0-java.jar*372939462]#PCL[/system/framework/org.apache.http.legacy.jar*2680228128]} | PCL[];PCL[/system/framework/org.lineageos.platform.jar*2035671918:/system/framework/services.jar*3249578542:/system/framework/services.jar!classes2.dex*4216773794:/system/framework/ethernet-service.jar*2763091731:/system/framework/wifi-service.jar*2367957857:/system/framework/com.android.location.provider.jar*2555827209])
09-18 15:29:02.064 8874-8898/system_process W/system_server: Found duplicate classes, falling back to extracting from APK : /system/priv-app/LineageParts/LineageParts.apk
    NOTE: This wastes RAM and hurts startup performance.
    Found duplicated class when checking oat files: 'Landroid/hidl/base/V1_0/IBase;' in /system/priv-app/LineageParts/LineageParts.apk and /system/framework/wifi-service.jar
09-18 15:29:02.078 8874-8899/system_process I/DropBoxManagerService: add tag=system_server_strictmode isTagEnabled=true flags=0x2
09-18 15:29:02.095 8675-8675/? E/ActivityRecognitionHardware: activity_recognition HAL is deprecated. class_init is effectively a no-op
09-18 15:29:02.085 8874-8899/system_process I/chatty: uid=1000(system) android.io identical 2 lines
09-18 15:29:02.087 8874-8899/system_process I/DropBoxManagerService: add tag=system_server_strictmode isTagEnabled=true flags=0x2
09-18 15:29:02.121 8874-8874/system_process D/SystemServerTiming: WindowManagerServiceOnInitReady took to complete: 76ms
09-18 15:29:02.121 8874-8899/system_process I/DropBoxManagerService: add tag=system_server_strictmode isTagEnabled=true flags=0x2
09-18 15:29:02.121 8874-8874/system_process I/SystemServer: StartInputManager
09-18 15:29:02.121 8874-8874/system_process I/InputManager: Starting input manager
09-18 15:29:02.123 8874-9045/system_process D/SystemServerInitThreadPool: Started executing StartHidlServices
09-18 15:29:02.123 8874-8874/system_process I/InputManager: Enabling motion classifier because just booted: feature enabled, long press timeout = 400
09-18 15:29:02.123 8874-8874/system_process I/InputClassifier: Enabling motion classifier
09-18 15:29:02.125 8874-8899/system_process I/DropBoxManagerService: add tag=system_server_strictmode isTagEnabled=true flags=0x2
09-18 15:29:02.126 586-586/? I/hwservicemanager: getTransport: Cannot find entry android.hardware.input.classifier@1.0::IInputClassifier/default in either framework or device manifest.
09-18 15:29:02.127 8874-8874/system_process D/SystemServerTiming: StartInputManager took to complete: 5ms
09-18 15:29:02.127 8874-9047/system_process D/EventHub: No input device configuration file found for device 'msm8998-tasha-snd-card Button Jack'.
09-18 15:29:02.127 8874-9048/system_process I/InputClassifier: Could not obtain InputClassifier HAL
09-18 15:29:02.127 8874-8874/system_process I/SystemServer: DisplayManagerWindowManagerAndInputReady
09-18 15:29:02.127 8874-8874/system_process D/SystemServerTiming: DisplayManagerWindowManagerAndInputReady took to complete: 0ms
09-18 15:29:02.127 8874-8874/system_process I/SystemServer: StartBluetoothService
09-18 15:29:02.127 8874-8874/system_process I/SystemServiceManager: Starting com.android.server.BluetoothService
09-18 15:29:02.128 8874-8874/system_process D/BluetoothManagerService: Loading stored name and address
09-18 15:29:02.128 8675-8675/? V/Riru: jniRegisterNativeMethods android/media/ImageWriter
09-18 15:29:02.129 8675-8675/? V/Riru: jniRegisterNativeMethods android/media/ImageWriter$WriterSurfaceImage
09-18 15:29:02.129 8874-8874/system_process D/BluetoothManagerService: Stored bluetooth Name=Modifier,Address=9C:2E:A1:CF:98:38
09-18 15:29:02.129 8675-8675/? V/Riru: jniRegisterNativeMethods android/media/ImageReader
    jniRegisterNativeMethods android/media/ImageReader$SurfaceImage
    jniRegisterNativeMethods android/media/MediaPlayer
09-18 15:29:02.129 8874-8874/system_process D/BluetoothManagerService: Bluetooth persisted state: 0
09-18 15:29:02.129 8675-8675/? V/Riru: jniRegisterNativeMethods android/media/MediaRecorder
    jniRegisterNativeMethods android/media/MediaScanner
    jniRegisterNativeMethods android/media/MediaMetadataRetriever
    jniRegisterNativeMethods android/media/ResampleInputStream
    jniRegisterNativeMethods android/media/EncoderCapabilities
    jniRegisterNativeMethods android/media/CamcorderProfile
    jniRegisterNativeMethods android/media/DecoderCapabilities
    jniRegisterNativeMethods android/media/CameraProfile
09-18 15:29:02.129 8874-8874/system_process D/BluetoothManagerService: Detected SystemUiUid: 10106
09-18 15:29:02.129 8874-8874/system_process D/SystemServerTiming: StartBluetoothService took to complete: 2ms
09-18 15:29:02.129 8874-8874/system_process I/SystemServer: IpConnectivityMetrics
09-18 15:29:02.129 8874-8874/system_process I/SystemServiceManager: Starting com.android.server.connectivity.IpConnectivityMetrics
09-18 15:29:02.129 8675-8675/? I/zygote: Thread[1,tid=8675,Native,Thread*=0xf0b7ae00,peer=0x12cc0260,"main"] recursive attempt to load library "libmedia_jni.so"
09-18 15:29:02.129 8675-8675/? V/Riru: jniRegisterNativeMethods android/mtp/MtpDatabase
    jniRegisterNativeMethods android/mtp/MtpPropertyGroup
09-18 15:29:02.129 8675-8675/? D/MtpDeviceJNI: register_android_mtp_MtpDevice
09-18 15:29:02.130 8874-8874/system_process D/SystemServerTiming: IpConnectivityMetrics took to complete: 0ms
09-18 15:29:02.130 8675-8675/? I/zygote: Thread[1,tid=8675,Native,Thread*=0xf0b7ae00,peer=0x12cc0260,"main"] recursive attempt to load library "libmedia_jni.so"
09-18 15:29:02.130 8874-8874/system_process I/SystemServer: NetworkWatchlistService
09-18 15:29:02.130 8874-8874/system_process I/SystemServiceManager: Starting com.android.server.net.watchlist.NetworkWatchlistService$Lifecycle
09-18 15:29:02.130 8675-8675/? V/Riru: jniRegisterNativeMethods android/mtp/MtpDevice
09-18 15:29:02.130 8675-8675/? I/zygote: Thread[1,tid=8675,Native,Thread*=0xf0b7ae00,peer=0x12cc0260,"main"] recursive attempt to load library "libmedia_jni.so"
09-18 15:29:02.130 8675-8675/? V/Riru: jniRegisterNativeMethods android/mtp/MtpServer
    jniRegisterNativeMethods android/media/MediaCodec
    jniRegisterNativeMethods android/media/MediaSync
    jniRegisterNativeMethods android/media/MediaExtractor
    jniRegisterNativeMethods android/media/MediaMuxer
    jniRegisterNativeMethods android/media/MediaCodecList
    jniRegisterNativeMethods android/media/MediaCrypto
    jniRegisterNativeMethods android/media/MediaDrm
    jniRegisterNativeMethods android/media/MediaDescrambler
    jniRegisterNativeMethods android/media/MediaHTTPConnection
09-18 15:29:02.132 8874-8899/system_process I/DropBoxManagerService: add tag=system_server_strictmode isTagEnabled=true flags=0x2
09-18 15:29:02.132 8874-9047/system_process W/EventHub: Unable to disable kernel key repeat for /dev/input/event5: Function not implemented
09-18 15:29:02.132 8874-9047/system_process I/EventHub: wakeMechanism=EPOLLWAKEUP, usingClockIoctl=true
    New device: id=1, fd=136, path='/dev/input/event5', name='msm8998-tasha-snd-card Button Jack', classes=0x1, configuration='', keyLayout='/system/usr/keylayout/Generic.kl', keyCharacterMap='/system/usr/keychars/Generic.kcm', builtinKeyboard=false, 
09-18 15:29:02.132 8874-9047/system_process D/EventHub: No input device configuration file found for device 'msm8998-tasha-snd-card Headset Jack'.
09-18 15:29:02.132 8874-9047/system_process I/EventHub: wakeMechanism=EPOLLWAKEUP, usingClockIoctl=true
    New device: id=2, fd=140, path='/dev/input/event4', name='msm8998-tasha-snd-card Headset Jack', classes=0x80, configuration='', keyLayout='', keyCharacterMap='', builtinKeyboard=false, 
09-18 15:29:02.132 8874-8874/system_process I/WatchlistSettings: Reload watchlist settings done
09-18 15:29:02.132 8874-9047/system_process D/EventHub: No input device configuration file found for device 'gpio-keys'.
09-18 15:29:02.133 8874-8874/system_process D/SystemServerTiming: NetworkWatchlistService took to complete: 3ms
09-18 15:29:02.133 8874-9049/system_process I/WatchlistLoggingHandler: No need to aggregate record yet.
    Milliseconds spent on tryAggregateRecords(): 1
09-18 15:29:02.133 8874-8874/system_process I/SystemServer: PinnerService
09-18 15:29:02.133 8874-8874/system_process I/SystemServiceManager: Starting com.android.server.PinnerService
09-18 15:29:02.135 8874-8874/system_process D/SystemServerTiming: PinnerService took to complete: 3ms
09-18 15:29:02.136 8874-8874/system_process I/SystemServer: SignedConfigService
09-18 15:29:02.136 8874-9045/system_process I/ServiceManagement: Registered android.frameworks.sensorservice@1.0::ISensorManager/default (start delay of 2642ms)
09-18 15:29:02.136 8874-8905/system_process D/PinnerService: pinRangeStream: null
09-18 15:29:02.136 8874-8899/system_process I/DropBoxManagerService: add tag=system_server_strictmode isTagEnabled=true flags=0x2
09-18 15:29:02.137 8874-8874/system_process D/SystemServerTiming: SignedConfigService took to complete: 1ms
09-18 15:29:02.137 8874-9045/system_process I/ServiceManagement: Registered android.frameworks.schedulerservice@1.0::ISchedulingPolicyService/default (start delay of 2643ms)
09-18 15:29:02.137 8874-9045/system_process D/SystemServerTimingAsync: StartHidlServices took to complete: 14ms
09-18 15:29:02.137 8874-9045/system_process D/SystemServerInitThreadPool: Finished executing StartHidlServices
09-18 15:29:02.137 8675-8675/? V/Riru: jniRegisterNativeMethods android/media/SoundPool
09-18 15:29:02.137 8874-9047/system_process W/EventHub: Unable to disable kernel key repeat for /dev/input/event3: Function not implemented
09-18 15:29:02.137 8874-9047/system_process I/EventHub: wakeMechanism=EPOLLWAKEUP, usingClockIoctl=true
    New device: id=3, fd=141, path='/dev/input/event3', name='gpio-keys', classes=0x81, configuration='', keyLayout='/system/usr/keylayout/Generic.kl', keyCharacterMap='/system/usr/keychars/Generic.kcm', builtinKeyboard=false, 
09-18 15:29:02.138 8874-9047/system_process D/EventHub: No input device configuration file found for device 'qpnp_pon'.
09-18 15:29:02.138 8675-8675/? W/Zygote: Class not found for preloading: android.media.audiopolicy.AudioProductStrategies
    Class not found for preloading: android.media.audiopolicy.AudioVolumeGroups
09-18 15:29:02.138 8874-8899/system_process I/DropBoxManagerService: add tag=system_server_strictmode isTagEnabled=true flags=0x2
09-18 15:29:02.144 8874-8905/system_process D/PinnerService: pinRangeStream: null
09-18 15:29:02.145 8874-8899/system_process I/DropBoxManagerService: add tag=system_server_strictmode isTagEnabled=true flags=0x2
09-18 15:29:02.153 8874-8905/system_process D/PinnerService: pinRangeStream: null
09-18 15:29:02.153 8874-9047/system_process W/EventHub: Unable to disable kernel key repeat for /dev/input/event0: Function not implemented
09-18 15:29:02.153 8874-9047/system_process I/EventHub: wakeMechanism=EPOLLWAKEUP, usingClockIoctl=true
    New device: id=4, fd=142, path='/dev/input/event0', name='qpnp_pon', classes=0x1, configuration='', keyLayout='/system/usr/keylayout/Generic.kl', keyCharacterMap='/system/usr/keychars/Generic.kcm', builtinKeyboard=false, 
09-18 15:29:02.153 8874-9047/system_process D/EventHub: No input device configuration file found for device 'uinput-goodix'.
09-18 15:29:02.154 8874-8899/system_process I/DropBoxManagerService: add tag=system_server_strictmode isTagEnabled=true flags=0x2
09-18 15:29:02.163 8874-8905/system_process D/PinnerService: pinRangeStream: null
09-18 15:29:02.168 8874-9047/system_process W/EventHub: Unable to disable kernel key repeat for /dev/input/event2: Function not implemented
09-18 15:29:02.168 8874-9047/system_process I/EventHub: wakeMechanism=EPOLLWAKEUP, usingClockIoctl=true
    New device: id=5, fd=137, path='/dev/input/event2', name='uinput-goodix', classes=0x1, configuration='', keyLayout='/vendor/usr/keylayout/uinput-goodix.kl', keyCharacterMap='/system/usr/keychars/Generic.kcm', builtinKeyboard=false, 
09-18 15:29:02.168 8874-9047/system_process D/EventHub: No input device configuration file found for device 'synaptics_dsx'.
09-18 15:29:02.168 8874-8905/system_process I/chatty: uid=1000(system) android.bg identical 1 line
09-18 15:29:02.169 8874-8905/system_process D/PinnerService: pinRangeStream: null
09-18 15:29:02.170 8874-8899/system_process I/DropBoxManagerService: add tag=system_server_strictmode isTagEnabled=true flags=0x2
09-18 15:29:02.170 8874-8905/system_process D/PinnerService: pinRangeStream: null
09-18 15:29:02.173 8874-9047/system_process W/EventHub: Unable to disable kernel key repeat for /dev/input/event1: Function not implemented
09-18 15:29:02.173 8874-9047/system_process I/EventHub: wakeMechanism=EPOLLWAKEUP, usingClockIoctl=true
    New device: id=6, fd=143, path='/dev/input/event1', name='synaptics_dsx', classes=0x15, configuration='', keyLayout='/vendor/usr/keylayout/synaptics_dsx.kl', keyCharacterMap='/system/usr/keychars/Generic.kcm', builtinKeyboard=false, 
09-18 15:29:02.172 8874-8905/system_process I/chatty: uid=1000(system) android.bg identical 1 line
09-18 15:29:02.173 8874-8905/system_process D/PinnerService: pinRangeStream: null
09-18 15:29:02.173 8874-8899/system_process I/DropBoxManagerService: add tag=system_server_strictmode isTagEnabled=true flags=0x2
09-18 15:29:02.174 8874-8905/system_process D/PinnerService: pinRangeStream: null
09-18 15:29:02.179 8874-8905/system_process D/PinnerService: pinRangeStream: null
09-18 15:29:02.180 8874-8899/system_process I/DropBoxManagerService: add tag=system_server_strictmode isTagEnabled=true flags=0x2
09-18 15:29:02.183 8874-8905/system_process D/PinnerService: pinRangeStream: null
09-18 15:29:02.183 8874-9047/system_process I/InputReader: Device added: id=-1, name='Virtual', sources=0x00000301
09-18 15:29:02.184 8874-9047/system_process I/InputReader: Touch device 'synaptics_dsx' could not query the properties of its associated display.  The device will be inoperable until the display size becomes available.
    Device added: id=6, name='synaptics_dsx', sources=0x00001103
    Device added: id=5, name='uinput-goodix', sources=0x00000101
    Device added: id=4, name='qpnp_pon', sources=0x00000101
    Device added: id=3, name='gpio-keys', sources=0x80000101
    Device added: id=2, name='msm8998-tasha-snd-card Headset Jack', sources=0x80000000
    Device added: id=1, name='msm8998-tasha-snd-card Button Jack', sources=0x00000101
09-18 15:29:02.185 8874-8874/system_process I/WindowManager: SAFE MODE not enabled
09-18 15:29:02.185 8874-8874/system_process I/SystemServer: StartInputMethodManagerLifecycle
09-18 15:29:02.185 8874-8874/system_process I/SystemServiceManager: Starting com.android.server.inputmethod.InputMethodManagerService$Lifecycle
09-18 15:29:02.185 8874-8905/system_process D/PinnerService: pinRangeStream: null
09-18 15:29:02.199 8675-8675/? W/Zygote: Class not found for preloading: android.view.-$$Lambda$SurfaceView$Cs7TGTdA1lXf9qW8VOJAfEsMjdk
09-18 15:29:02.203 8675-8675/? W/Zygote: Class not found for preloading: android.view.SurfaceView$3
09-18 15:29:02.205 8675-8675/? W/Zygote: Class not found for preloading: android.view.textclassifier.-$$Lambda$TextClassificationManager$JIaezIJbMig_-kVzN6oArzkTsJE
09-18 15:29:02.212 8675-8675/? W/Zygote: Class not found for preloading: com.android.internal.net.NetworkStatsFactory
09-18 15:29:02.215 8675-8675/? W/Zygote: Class not found for preloading: com.android.internal.telephony.-$$Lambda$PhoneSubInfoController$8HFbCDJDN1mrLJG980qYH5MGqMk
    Class not found for preloading: com.android.internal.telephony.-$$Lambda$PhoneSubInfoController$U28a_EGx2cvmQhDfRRgonMt5Zrc
    Class not found for preloading: com.android.internal.telephony.-$$Lambda$SubscriptionInfoUpdater$-zZXM9oMRZ3vZz7dJOG19J00Bmw
    Class not found for preloading: com.android.internal.telephony.-$$Lambda$SubscriptionInfoUpdater$D5yF1HbS4cvCyoAj3FESkPtA_0g
09-18 15:29:02.216 8675-8675/? W/Zygote: Class not found for preloading: com.android.internal.telephony.-$$Lambda$SubscriptionInfoUpdater$MMx9iQX0JVqqMPLTUZhdBubFSzU
09-18 15:29:02.217 8675-8675/? W/Zygote: Class not found for preloading: com.android.internal.telephony.NewNitzStateMachine$1
    Class not found for preloading: com.android.internal.telephony.NewNitzStateMachine
09-18 15:29:02.218 8675-8675/? W/Zygote: Class not found for preloading: com.android.internal.telephony.NewTimeServiceHelper$1
    Class not found for preloading: com.android.internal.telephony.NewTimeServiceHelper$Listener
    Class not found for preloading: com.android.internal.telephony.NewTimeServiceHelper
    Class not found for preloading: com.android.internal.telephony.PhoneConfigurationModels
09-18 15:29:02.219 8675-8675/? W/Zygote: Class not found for preloading: com.android.internal.telephony.SubscriptionController$ScLocalLog
    Class not found for preloading: com.android.internal.telephony.UiccSmsController
09-18 15:29:02.220 8675-8675/? W/Zygote: Class not found for preloading: com.android.internal.telephony.dataconnection.DcController$2
09-18 15:29:02.198 8874-8905/system_process I/chatty: uid=1000(system) android.bg identical 4 lines
09-18 15:29:02.198 8874-8905/system_process D/PinnerService: pinRangeStream: null
09-18 15:29:02.229 8874-8874/system_process D/SystemServerTiming: StartInputMethodManagerLifecycle took to complete: 44ms
09-18 15:29:02.229 8874-8874/system_process I/SystemServer: StartAccessibilityManagerService
09-18 15:29:02.229 8874-8874/system_process I/SystemServiceManager: Starting com.android.server.accessibility.AccessibilityManagerService$Lifecycle
09-18 15:29:02.233 8874-8874/system_process D/SystemServerTiming: StartAccessibilityManagerService took to complete: 5ms
09-18 15:29:02.234 8874-8874/system_process I/SystemServer: MakeDisplayReady
09-18 15:29:02.234 8874-8874/system_process W/InputReader: Device has associated, but no associated display id.
09-18 15:29:02.239 8874-8874/system_process I/ActivityTaskManager: Config changes=20005df8 {1.0 ?mcc?mnc [en_US] ldltr sw432dp w432dp h792dp 400dpi nrml long port ?uimode ?night finger -keyb/h/h -nav/h winConfig={ mBounds=Rect(0, 0 - 1080, 2160) mAppBounds=Rect(0, 0 - 1080, 2040) mWindowingMode=fullscreen mDisplayWindowingMode=fullscreen mActivityType=undefined mAlwaysOnTop=undefined mRotation=ROTATION_0} s.2}
09-18 15:29:02.248 8874-8874/system_process I/ActivityTaskManager: Override config changes=60007dfc {1.0 ?mcc?mnc [en_US] ldltr sw432dp w432dp h792dp 400dpi nrml long port ?uimode ?night finger -keyb/h/h -nav/h winConfig={ mBounds=Rect(0, 0 - 1080, 2160) mAppBounds=Rect(0, 0 - 1080, 2040) mWindowingMode=fullscreen mDisplayWindowingMode=fullscreen mActivityType=undefined mAlwaysOnTop=undefined mRotation=ROTATION_0} s.2} for displayId=0
09-18 15:29:02.251 8675-8675/? I/Zygote: ...preloaded 7582 classes in 319ms.
09-18 15:29:02.251 8675-8675/? I/zygote: VMRuntime.preloadDexCaches starting
09-18 15:29:02.252 8874-8874/system_process D/SystemServerTiming: MakeDisplayReady took to complete: 19ms
09-18 15:29:02.253 8874-8874/system_process I/SystemServer: StartStorageManagerService
09-18 15:29:02.253 8874-8900/system_process I/InputManager-JNI: Viewport [0] to add: local:0
09-18 15:29:02.253 8874-8874/system_process I/SystemServiceManager: Starting com.android.server.StorageManagerService$Lifecycle
09-18 15:29:02.254 8874-9047/system_process I/InputReader: Reconfiguring input devices.  changes=0x00000004
    Device reconfigured: id=6, name='synaptics_dsx', size 1080x2160, orientation 0, mode 1, display id 0
09-18 15:29:02.258 8874-8874/system_process D/SystemServerTiming: StartStorageManagerService took to complete: 6ms
09-18 15:29:02.259 8874-8874/system_process I/SystemServer: StartStorageStatsService
09-18 15:29:02.259 8874-9050/system_process D/StorageManagerService: Thinking about init, mBootCompleted=false, mDaemonConnected=true
    Thinking about reset, mBootCompleted=false, mDaemonConnected=true
09-18 15:29:02.259 8874-8874/system_process I/SystemServiceManager: Starting com.android.server.usage.StorageStatsService$Lifecycle
09-18 15:29:02.259 8874-9050/system_process D/StorageManagerService: Thinking about init, mBootCompleted=false, mDaemonConnected=true
    Thinking about reset, mBootCompleted=false, mDaemonConnected=true
09-18 15:29:02.260 927-1036/? D/installd: Found quota mount /dev/block/bootdevice/by-name/userdata at /data
09-18 15:29:02.280 8675-8675/? I/zygote: VMRuntime.preloadDexCaches strings total=332856 before=9849 after=9849
    VMRuntime.preloadDexCaches types total=36368 before=7357 after=7626
    VMRuntime.preloadDexCaches fields total=162783 before=8038 after=8239
    VMRuntime.preloadDexCaches methods total=285088 before=11193 after=11625
    VMRuntime.preloadDexCaches finished
09-18 15:29:02.280 8675-8675/? D/ZygoteInitTiming_lazy: PreloadClasses took to complete: 349ms
09-18 15:29:02.280 927-2014/? D/installd: Found quota mount /dev/block/bootdevice/by-name/userdata at /data
09-18 15:29:02.277 8675-8675/? W/main: type=1400 audit(0.0:1059): avc: denied { write } for name="/" dev="tmpfs" ino=22509 scontext=u:r:zygote:s0 tcontext=u:object_r:system_file:s0 tclass=dir permissive=0
09-18 15:29:02.282 8675-8675/? I/zygote: The ClassLoaderContext is a special shared library.
09-18 15:29:02.283 8675-8675/? D/ApplicationLoaders: Created zygote-cached class loader: /system/framework/android.hidl.base-V1.0-java.jar
09-18 15:29:02.284 8675-8675/? I/zygote: The ClassLoaderContext is a special shared library.
09-18 15:29:02.286 8675-8675/? D/ApplicationLoaders: Created zygote-cached class loader: /system/framework/android.hidl.manager-V1.0-java.jar
09-18 15:29:02.286 8675-8675/? D/ZygoteInitTiming_lazy: CacheNonBootClasspathClassLoaders took to complete: 6ms
09-18 15:29:02.280 8675-8675/? W/main: type=1400 audit(0.0:1060): avc: denied { write } for name="/" dev="tmpfs" ino=22509 scontext=u:r:zygote:s0 tcontext=u:object_r:system_file:s0 tclass=dir permissive=0
09-18 15:29:02.308 8874-8874/system_process D/SystemServerTiming: StartStorageStatsService took to complete: 49ms
09-18 15:29:02.308 8874-8874/system_process I/SystemServer: StartUiModeManager
09-18 15:29:02.308 8874-8874/system_process I/SystemServiceManager: Starting com.android.server.UiModeManagerService
09-18 15:29:02.312 8874-8874/system_process D/SystemServerTiming: StartUiModeManager took to complete: 4ms
09-18 15:29:02.312 8874-8874/system_process I/SystemServer: UpdatePackagesIfNeeded
09-18 15:29:02.312 8874-8874/system_process I/Watchdog: Pausing HandlerChecker: main thread for reason: dexopt. Pause count: 1
    Resuming HandlerChecker: main thread for reason: dexopt. Pause count: 0
09-18 15:29:02.312 8874-8874/system_process D/SystemServerTiming: UpdatePackagesIfNeeded took to complete: 0ms
09-18 15:29:02.312 8874-8874/system_process I/SystemServer: PerformFstrimIfNeeded
09-18 15:29:02.313 8874-8874/system_process D/SystemServerTiming: PerformFstrimIfNeeded took to complete: 0ms
09-18 15:29:02.313 8874-8874/system_process I/SystemServer: StartLockSettingsService
09-18 15:29:02.313 8874-8874/system_process I/SystemServiceManager: Starting com.android.server.locksettings.LockSettingsService$Lifecycle
09-18 15:29:02.324 8874-9052/system_process D/SystemServerInitThreadPool: Started executing UiModeManager.onStart
09-18 15:29:02.328 897-1123/? I/ThermalEngine: vs_get_temperature: read[0] xo_therm 46000 mC, weight[0] 2
09-18 15:29:02.329 897-1123/? I/ThermalEngine: vs_get_temperature: read[1] quiet_therm 40000 mC, weight[1] 1
09-18 15:29:02.330 897-1123/? I/ThermalEngine: vs_get_temperature: read[0] xo_therm 46000 mC, weight[0] 2
09-18 15:29:02.330 8874-8874/system_process D/SystemServerTiming: StartLockSettingsService took to complete: 18ms
09-18 15:29:02.331 8874-8874/system_process I/SystemServer: StartPersistentDataBlock
09-18 15:29:02.331 8874-8874/system_process I/SystemServiceManager: Starting com.android.server.PersistentDataBlockService
09-18 15:29:02.331 897-1123/? I/ThermalEngine: vs_get_temperature: read[1] quiet_therm 40000 mC, weight[1] 1
09-18 15:29:02.331 8874-8874/system_process D/SystemServerTiming: StartPersistentDataBlock took to complete: 1ms
09-18 15:29:02.331 8874-8874/system_process I/SystemServer: StartTestHarnessMode
09-18 15:29:02.332 8874-8874/system_process I/SystemServiceManager: Starting com.android.server.testharness.TestHarnessModeService
09-18 15:29:02.332 8874-8874/system_process D/SystemServerTiming: StartTestHarnessMode took to complete: 1ms
09-18 15:29:02.332 8874-8874/system_process I/SystemServer: StartOemLockService
09-18 15:29:02.332 8874-8874/system_process I/SystemServiceManager: Starting com.android.server.oemlock.OemLockService
09-18 15:29:02.333 8874-9053/system_process D/SystemServerInitThreadPool: Started executing PersistentDataBlockService.onStart
09-18 15:29:02.333 586-586/? I/hwservicemanager: getTransport: Cannot find entry android.hardware.oemlock@1.0::IOemLock/default in either framework or device manifest.
09-18 15:29:02.333 8874-8874/system_process I/OemLock: OemLock HAL not present on device
    Using persistent data block based lock
09-18 15:29:02.334 8874-8874/system_process D/SystemServerTiming: StartOemLockService took to complete: 2ms
09-18 15:29:02.334 8874-8874/system_process I/SystemServer: StartDeviceIdleController
09-18 15:29:02.334 8874-8874/system_process I/SystemServiceManager: Starting com.android.server.DeviceIdleController
09-18 15:29:02.335 8874-9053/system_process E/PersistentDataBlockService: not able to find package com.google.android.gms
    android.content.pm.PackageManager$NameNotFoundException: com.google.android.gms
        at android.app.ApplicationPackageManager.getPackageUidAsUser(ApplicationPackageManager.java:311)
        at com.android.server.PersistentDataBlockService.getAllowedUid(PersistentDataBlockService.java:153)
        at com.android.server.PersistentDataBlockService.lambda$onStart$0$PersistentDataBlockService(PersistentDataBlockService.java:166)
        at com.android.server.-$$Lambda$PersistentDataBlockService$EZl9OYaT2eNL7kfSr2nKUBjxidk.run(Unknown Source:2)
        at com.android.server.SystemServerInitThreadPool.lambda$submit$0$SystemServerInitThreadPool(SystemServerInitThreadPool.java:72)
        at com.android.server.-$$Lambda$SystemServerInitThreadPool$jLyL3DFmbjsFesU5SGktD3NoWSc.run(Unknown Source:6)
        at java.util.concurrent.Executors$RunnableAdapter.call(Executors.java:462)
        at java.util.concurrent.FutureTask.run(FutureTask.java:266)
        at java.util.concurrent.ThreadPoolExecutor.runWorker(ThreadPoolExecutor.java:1167)
        at java.util.concurrent.ThreadPoolExecutor$Worker.run(ThreadPoolExecutor.java:641)
        at com.android.internal.util.ConcurrentUtils$1$1.run(ConcurrentUtils.java:62)
09-18 15:29:02.335 8874-9052/system_process I/ActivityTaskManager: Config changes=200 {1.0 ?mcc?mnc [en_US] ldltr sw432dp w432dp h792dp 400dpi nrml long port night finger -keyb/h/h -nav/h winConfig={ mBounds=Rect(0, 0 - 1080, 2160) mAppBounds=Rect(0, 0 - 1080, 2040) mWindowingMode=fullscreen mDisplayWindowingMode=fullscreen mActivityType=undefined mAlwaysOnTop=undefined mRotation=ROTATION_0} s.4}
09-18 15:29:02.351 8874-9052/system_process I/ActivityTaskManager: Override config changes=200 {1.0 ?mcc?mnc [en_US] ldltr sw432dp w432dp h792dp 400dpi nrml long port night finger -keyb/h/h -nav/h winConfig={ mBounds=Rect(0, 0 - 1080, 2160) mAppBounds=Rect(0, 0 - 1080, 2040) mWindowingMode=fullscreen mDisplayWindowingMode=fullscreen mActivityType=undefined mAlwaysOnTop=undefined mRotation=ROTATION_0} s.4} for displayId=0
09-18 15:29:02.353 8874-9052/system_process D/SystemServerInitThreadPool: Finished executing UiModeManager.onStart
09-18 15:29:02.353 8874-8874/system_process D/SystemServerTiming: StartDeviceIdleController took to complete: 19ms
09-18 15:29:02.353 8874-8874/system_process I/SystemServer: StartDevicePolicyManager
09-18 15:29:02.354 8874-8874/system_process I/SystemServiceManager: Starting com.android.server.devicepolicy.DevicePolicyManagerService$Lifecycle
09-18 15:29:02.361 8874-8874/system_process D/SystemServerTiming: StartDevicePolicyManager took to complete: 8ms
09-18 15:29:02.361 8874-8874/system_process I/SystemServer: StartStatusBarManagerService
09-18 15:29:02.362 8874-8874/system_process D/SystemServerTiming: StartStatusBarManagerService took to complete: 0ms
09-18 15:29:02.362 8874-8874/system_process D/SystemServer: ContentCaptureService disabled because resource is not overlaid
    AttentionService is not configured on this device
    SystemCaptionsManagerService disabled because resource is not overlaid
    AppPredictionService not defined by OEM
    ContentSuggestionsService not defined by OEM
09-18 15:29:02.362 8874-8874/system_process I/SystemServer: InitNetworkStackClient
09-18 15:29:02.363 8874-8874/system_process D/SystemServerTiming: InitNetworkStackClient took to complete: 1ms
09-18 15:29:02.363 8874-8874/system_process I/SystemServer: StartNetworkManagementService
09-18 15:29:02.365 8679-8679/? I/netd: registerUnsolicitedEventListener() <0.04ms>
09-18 15:29:02.365 8874-9053/system_process D/SystemServerInitThreadPool: Finished executing PersistentDataBlockService.onStart
09-18 15:29:02.366 8874-8874/system_process D/SystemServerTiming: StartNetworkManagementService took to complete: 2ms
09-18 15:29:02.366 8874-8874/system_process I/SystemServer: StartIpSecService
09-18 15:29:02.366 8874-8874/system_process D/SystemServerTiming: StartIpSecService took to complete: 1ms
09-18 15:29:02.366 8874-8874/system_process I/SystemServer: StartTextServicesManager
09-18 15:29:02.366 8874-8874/system_process I/SystemServiceManager: Starting com.android.server.textservices.TextServicesManagerService$Lifecycle
09-18 15:29:02.367 8874-8874/system_process D/SystemServerTiming: StartTextServicesManager took to complete: 1ms
09-18 15:29:02.367 8874-8874/system_process I/SystemServer: StartTextClassificationManagerService
09-18 15:29:02.367 8874-8874/system_process I/SystemServiceManager: Starting com.android.server.textclassifier.TextClassificationManagerService$Lifecycle
09-18 15:29:02.368 8874-8874/system_process D/SystemServerTiming: StartTextClassificationManagerService took to complete: 0ms
09-18 15:29:02.368 8874-8874/system_process I/SystemServer: StartNetworkScoreService
09-18 15:29:02.368 8874-8874/system_process I/SystemServiceManager: Starting com.android.server.NetworkScoreService$Lifecycle
09-18 15:29:02.369 8874-8874/system_process I/NetworkScoreService: Registering network_score
09-18 15:29:02.369 8874-8874/system_process D/SystemServerTiming: StartNetworkScoreService took to complete: 2ms
09-18 15:29:02.369 8874-8874/system_process I/SystemServer: StartNetworkStatsService
09-18 15:29:02.371 8874-8874/system_process D/SystemServerTiming: StartNetworkStatsService took to complete: 1ms
09-18 15:29:02.371 8874-8874/system_process I/SystemServer: StartNetworkPolicyManagerService
09-18 15:29:02.373 8874-8874/system_process D/SystemServerTiming: StartNetworkPolicyManagerService took to complete: 3ms
09-18 15:29:02.373 8874-8874/system_process I/SystemServer: StartWifi
09-18 15:29:02.375 8874-8874/system_process I/SystemServiceManager: Starting com.android.server.wifi.WifiService
09-18 15:29:02.383 8675-8675/? I/Zygote: Preloading resources...
09-18 15:29:02.387 897-1116/? I/ThermalEngine: vs_get_temperature: read[0] xo_therm 46000 mC, weight[0] 2
09-18 15:29:02.388 897-1116/? I/ThermalEngine: vs_get_temperature: read[1] quiet_therm 40000 mC, weight[1] 1
09-18 15:29:02.389 8675-8675/? W/Resources: Preloaded drawable resource #0x108027e (android:drawable/dialog_background_material) that varies with configuration!!
09-18 15:29:02.400 8675-8675/? I/Zygote: ...preloaded 64 resources in 16ms.
09-18 15:29:02.403 8675-8675/? I/Zygote: ...preloaded 41 resources in 3ms.
09-18 15:29:02.403 8675-8675/? D/ZygoteInitTiming_lazy: PreloadResources took to complete: 117ms
09-18 15:29:02.408 8874-8874/system_process E/HostapdHal: Malformed channel value detected: java.lang.NumberFormatException: For input string: ""
09-18 15:29:02.414 8675-8675/? D/libEGL: loaded /vendor/lib/egl/libEGL_adreno.so
09-18 15:29:02.419 8675-8675/? D/libEGL: loaded /vendor/lib/egl/libGLESv1_CM_adreno.so
09-18 15:29:02.420 8874-8874/system_process D/WifiCountryCode: mDefaultCountryCode null mRevertCountryCodeOnCellularLoss false
09-18 15:29:02.421 8874-8874/system_process D/WifiApConfigStore: 2G band allowed channels are:1,6,11
09-18 15:29:02.423 8675-8675/? D/libEGL: loaded /vendor/lib/egl/libGLESv2_adreno.so
09-18 15:29:02.423 8874-8874/system_process E/WifiScoringParams: Inconsistent config_wifi_framework_ resources: rssi2=-100:-80:-100:-60,rssi5=-100:-77:-100:-57,pps=0:1:100,horizon=15,nud=8,expid=0
    java.lang.IllegalArgumentException
        at com.android.server.wifi.ScoringParams$Values.validateRange(ScoringParams.java:120)
        at com.android.server.wifi.ScoringParams$Values.validateRssiArray(ScoringParams.java:113)
        at com.android.server.wifi.ScoringParams$Values.validate(ScoringParams.java:101)
        at com.android.server.wifi.ScoringParams.loadResources(ScoringParams.java:234)
        at com.android.server.wifi.ScoringParams.<init>(ScoringParams.java:212)
        at com.android.server.wifi.WifiInjector.<init>(WifiInjector.java:265)
        at com.android.server.wifi.WifiService.<init>(WifiService.java:32)
        at java.lang.reflect.Constructor.newInstance0(Native Method)
        at java.lang.reflect.Constructor.newInstance(Constructor.java:343)
        at com.android.server.SystemServiceManager.startService(SystemServiceManager.java:102)
        at com.android.server.SystemServiceManager.startService(SystemServiceManager.java:76)
        at com.android.server.SystemServer.startOtherServices(SystemServer.java:1356)
        at com.android.server.SystemServer.run(SystemServer.java:529)
        at com.android.server.SystemServer.main(SystemServer.java:356)
        at java.lang.reflect.Method.invoke(Native Method)
        at com.android.internal.os.RuntimeInit$MethodAndArgsCaller.run(RuntimeInit.java:491)
        at com.android.internal.os.ZygoteInit.main(ZygoteInit.java:918)
09-18 15:29:02.424 8874-8874/system_process I/DropBoxManagerService: add tag=system_server_wtf isTagEnabled=true flags=0x2
09-18 15:29:02.428 8874-8874/system_process I/WifiScoringParams: rssi2=-100:-80:-100:-60,rssi5=-100:-77:-100:-57,pps=0:1:100,horizon=15,nud=8,expid=0
09-18 15:29:02.445 8675-8675/? I/Zygote: Preloading shared libraries...
09-18 15:29:02.450 8675-8675/? I/Zygote: Called ZygoteHooks.endPreload()
    Installed AndroidKeyStoreProvider in 1ms.
09-18 15:29:02.454 8874-8874/system_process D/WifiOpenNetworkNotifier: Settings toggle enabled=true
09-18 15:29:02.454 8874-8874/system_process D/WifiCarrierNetworkNotifier: Settings toggle enabled=true
09-18 15:29:02.456 8675-8675/? I/Zygote: Warmed up JCA providers in 6ms.
09-18 15:29:02.456 8675-8675/? D/Zygote: end preload
09-18 15:29:02.457 8874-8969/system_process D/SystemServerTimingAsync: SecondaryZygotePreload took to complete: 603ms
09-18 15:29:02.457 8874-8969/system_process D/SystemServerInitThreadPool: Finished executing SecondaryZygotePreload
09-18 15:29:02.457 8874-8874/system_process D/WifiActiveModeWarden: Starting Wifi in WifiDisabledState
09-18 15:29:02.457 8874-9059/system_process D/WifiActiveModeWarden: Entering WifiDisabledState
09-18 15:29:02.458 8874-8874/system_process D/WakeupController: WifiWake enabled
09-18 15:29:02.459 8874-8874/system_process E/WifiClientModeImpl: getWifiLinkLayerStats called without an interface
09-18 15:29:02.460 8874-8874/system_process E/SupplicantStaIfaceHal: Can't call setDebugParams, ISupplicant is null
09-18 15:29:02.460 8874-8874/system_process I/WifiService: Registering wifi
09-18 15:29:02.461 8874-8874/system_process D/SystemServerTiming: StartWifi took to complete: 87ms
09-18 15:29:02.461 8874-8874/system_process I/SystemServer: StartWifiScanning
09-18 15:29:02.461 8874-8874/system_process I/SystemServiceManager: Starting com.android.server.wifi.scanner.WifiScanningService
09-18 15:29:02.461 8874-8874/system_process I/WifiScanningService: Creating wifiscanner
09-18 15:29:02.465 8874-8874/system_process I/WifiScanningService: Publishing wifiscanner
09-18 15:29:02.465 8874-8874/system_process D/SystemServerTiming: StartWifiScanning took to complete: 5ms
09-18 15:29:02.465 8874-8874/system_process I/SystemServer: StartWifiP2P
09-18 15:29:02.465 8874-8874/system_process I/SystemServiceManager: Starting com.android.server.wifi.p2p.WifiP2pService
09-18 15:29:02.470 8874-8874/system_process W/HalDevMgr: isWifiStarted called but mWifi is null!?
09-18 15:29:02.471 8874-8874/system_process I/WifiP2pService: Registering wifip2p
09-18 15:29:02.471 8874-8874/system_process D/SystemServerTiming: StartWifiP2P took to complete: 6ms
09-18 15:29:02.471 8874-8874/system_process I/SystemServer: StartEthernet
09-18 15:29:02.472 8874-8874/system_process I/SystemServiceManager: Starting com.android.server.ethernet.EthernetService
09-18 15:29:02.472 8874-8874/system_process I/EthernetService: Registering service ethernet
09-18 15:29:02.472 8874-8874/system_process D/SystemServerTiming: StartEthernet took to complete: 0ms
09-18 15:29:02.472 8874-8874/system_process I/SystemServer: StartConnectivityService
09-18 15:29:02.475 8874-8874/system_process D/ConnectivityService: ConnectivityService starting up
09-18 15:29:02.477 8874-8874/system_process D/ConnectivityService: wifiOnly=false
09-18 15:29:02.491 8874-8874/system_process D/SystemServerTiming: StartConnectivityService took to complete: 19ms
09-18 15:29:02.491 8874-8874/system_process I/SystemServer: StartNsdService
09-18 15:29:02.494 8874-8874/system_process D/NsdService: Network service discovery is enabled
09-18 15:29:02.499 8874-8874/system_process D/SystemServerTiming: StartNsdService took to complete: 8ms
09-18 15:29:02.499 8874-8874/system_process I/SystemServer: StartSystemUpdateManagerService
09-18 15:29:02.500 8874-8874/system_process I/SystemUpdateManagerService: No existing info file /data/system/system-update-info.xml
09-18 15:29:02.500 8874-8874/system_process D/SystemServerTiming: StartSystemUpdateManagerService took to complete: 1ms
09-18 15:29:02.500 8874-8874/system_process I/SystemServer: StartUpdateLockService
09-18 15:29:02.501 8874-8874/system_process D/SystemServerTiming: StartUpdateLockService took to complete: 0ms
09-18 15:29:02.501 8874-8874/system_process I/SystemServer: StartNotificationManager
09-18 15:29:02.501 8874-8874/system_process I/SystemServiceManager: Starting com.android.server.notification.NotificationManagerService
09-18 15:29:02.529 8874-8874/system_process D/ConditionProviders.SCP: new ScheduleConditionProvider()
09-18 15:29:02.555 8874-8874/system_process I/NotificationListeners: Read notification listener permissions from xml
09-18 15:29:02.555 8874-8874/system_process I/NotificationAssistants: Read notification assistant permissions from xml
09-18 15:29:02.556 8874-8874/system_process I/ConditionProviders: Read condition provider permissions from xml
    Read condition provider permissions from xml
09-18 15:29:02.556 8874-8874/system_process D/NotificationAssistants: Approving default notification assistant for user 0
09-18 15:29:02.556 8874-8874/system_process I/ConditionProviders:  Allowing condition provider android.ext.services/android.ext.services.notification.Assistant
09-18 15:29:02.558 8874-8874/system_process D/NotificationService: Set default NAS to be android.ext.services/android.ext.services.notification.Assistant in 0
09-18 15:29:02.570 585-585/? E/ServiceManager: add_service('notification',6b) uid=1000 - ALREADY REGISTERED, OVERRIDE
09-18 15:29:02.570 585-585/? I/ServiceManager: service 'notification' died
09-18 15:29:02.571 8874-8874/system_process W/SystemServiceManager: Service com.android.server.notification.NotificationManagerService took 51 ms in onStart
09-18 15:29:02.591 8874-8874/system_process D/SystemServerTiming: StartNotificationManager took to complete: 91ms
09