09-18 15:28:53.672 8443-8468/system_process I/DropBoxManagerService: add tag=system_server_strictmode isTagEnabled=true flags=0x2
09-18 15:28:53.672 8239-8239/? V/Riru: jniRegisterNativeMethods android/mtp/MtpDatabase
    jniRegisterNativeMethods android/mtp/MtpPropertyGroup
09-18 15:28:53.672 8239-8239/? D/MtpDeviceJNI: register_android_mtp_MtpDevice
09-18 15:28:53.672 8239-8239/? I/zygote: Thread[1,tid=8239,Native,Thread*=0xf467be00,peer=0x12cc0260,"main"] recursive attempt to load library "libmedia_jni.so"
09-18 15:28:53.672 8239-8239/? V/Riru: jniRegisterNativeMethods android/mtp/MtpDevice
09-18 15:28:53.672 8239-8239/? I/zygote: Thread[1,tid=8239,Native,Thread*=0xf467be00,peer=0x12cc0260,"main"] recursive attempt to load library "libmedia_jni.so"
09-18 15:28:53.672 8239-8239/? V/Riru: jniRegisterNativeMethods android/mtp/MtpServer
    jniRegisterNativeMethods android/media/MediaCodec
    jniRegisterNativeMethods android/media/MediaSync
09-18 15:28:53.673 8239-8239/? V/Riru: jniRegisterNativeMethods android/media/MediaExtractor
    jniRegisterNativeMethods android/media/MediaMuxer
    jniRegisterNativeMethods android/media/MediaCodecList
    jniRegisterNativeMethods android/media/MediaCrypto
    jniRegisterNativeMethods android/media/MediaDrm
    jniRegisterNativeMethods android/media/MediaDescrambler
    jniRegisterNativeMethods android/media/MediaHTTPConnection
09-18 15:28:53.682 8239-8239/? V/Riru: jniRegisterNativeMethods android/media/SoundPool
09-18 15:28:53.682 8239-8239/? W/Zygote: Class not found for preloading: android.media.audiopolicy.AudioProductStrategies
    Class not found for preloading: android.media.audiopolicy.AudioVolumeGroups
09-18 15:28:53.686 8443-8468/system_process I/chatty: uid=1000(system) android.io identical 3 lines
09-18 15:28:53.712 8443-8468/system_process I/DropBoxManagerService: add tag=system_server_strictmode isTagEnabled=true flags=0x2
09-18 15:28:53.713 8443-8443/system_process D/SystemServerTiming: WindowManagerServiceOnInitReady took to complete: 82ms
09-18 15:28:53.716 8443-8443/system_process I/SystemServer: StartInputManager
09-18 15:28:53.717 8443-8443/system_process I/InputManager: Starting input manager
09-18 15:28:53.721 8443-8614/system_process D/SystemServerInitThreadPool: Started executing StartHidlServices
09-18 15:28:53.723 8443-8468/system_process I/DropBoxManagerService: add tag=system_server_strictmode isTagEnabled=true flags=0x2
09-18 15:28:53.727 8443-8614/system_process I/ServiceManagement: Registered android.frameworks.sensorservice@1.0::ISensorManager/default (start delay of 2404ms)
09-18 15:28:53.729 8443-8443/system_process I/InputManager: Enabling motion classifier because just booted: feature enabled, long press timeout = 400
09-18 15:28:53.729 8443-8616/system_process D/EventHub: No input device configuration file found for device 'msm8998-tasha-snd-card Button Jack'.
09-18 15:28:53.729 8443-8443/system_process I/InputClassifier: Enabling motion classifier
09-18 15:28:53.731 8443-8614/system_process I/ServiceManagement: Registered android.frameworks.schedulerservice@1.0::ISchedulingPolicyService/default (start delay of 2407ms)
09-18 15:28:53.732 8443-8614/system_process D/SystemServerTimingAsync: StartHidlServices took to complete: 10ms
09-18 15:28:53.732 8443-8614/system_process D/SystemServerInitThreadPool: Finished executing StartHidlServices
09-18 15:28:53.733 8443-8468/system_process I/DropBoxManagerService: add tag=system_server_strictmode isTagEnabled=true flags=0x2
09-18 15:28:53.736 586-586/? I/hwservicemanager: getTransport: Cannot find entry android.hardware.input.classifier@1.0::IInputClassifier/default in either framework or device manifest.
09-18 15:28:53.736 8443-8443/system_process D/SystemServerTiming: StartInputManager took to complete: 21ms
09-18 15:28:53.736 8443-8617/system_process I/InputClassifier: Could not obtain InputClassifier HAL
09-18 15:28:53.737 8443-8443/system_process I/SystemServer: DisplayManagerWindowManagerAndInputReady
09-18 15:28:53.737 8443-8443/system_process D/SystemServerTiming: DisplayManagerWindowManagerAndInputReady took to complete: 0ms
09-18 15:28:53.737 8443-8443/system_process I/SystemServer: StartBluetoothService
09-18 15:28:53.737 8443-8443/system_process I/SystemServiceManager: Starting com.android.server.BluetoothService
09-18 15:28:53.740 8443-8468/system_process I/DropBoxManagerService: add tag=system_server_strictmode isTagEnabled=true flags=0x2
09-18 15:28:53.744 8239-8239/? W/Zygote: Class not found for preloading: android.view.-$$Lambda$SurfaceView$Cs7TGTdA1lXf9qW8VOJAfEsMjdk
09-18 15:28:53.745 8443-8443/system_process D/BluetoothManagerService: Loading stored name and address
    Stored bluetooth Name=Modifier,Address=9C:2E:A1:CF:98:38
09-18 15:28:53.746 8443-8443/system_process D/BluetoothManagerService: Bluetooth persisted state: 0
09-18 15:28:53.746 8443-8468/system_process I/DropBoxManagerService: add tag=system_server_strictmode isTagEnabled=true flags=0x2
09-18 15:28:53.747 8239-8239/? W/Zygote: Class not found for preloading: android.view.SurfaceView$3
09-18 15:28:53.748 8443-8443/system_process D/BluetoothManagerService: Detected SystemUiUid: 10106
09-18 15:28:53.748 8443-8443/system_process D/SystemServerTiming: StartBluetoothService took to complete: 11ms
09-18 15:28:53.748 8443-8443/system_process I/SystemServer: IpConnectivityMetrics
09-18 15:28:53.749 8443-8443/system_process I/SystemServiceManager: Starting com.android.server.connectivity.IpConnectivityMetrics
09-18 15:28:53.749 8239-8239/? W/Zygote: Class not found for preloading: android.view.textclassifier.-$$Lambda$TextClassificationManager$JIaezIJbMig_-kVzN6oArzkTsJE
09-18 15:28:53.750 8443-8443/system_process D/SystemServerTiming: IpConnectivityMetrics took to complete: 2ms
09-18 15:28:53.751 8443-8443/system_process I/SystemServer: NetworkWatchlistService
09-18 15:28:53.751 8443-8443/system_process I/SystemServiceManager: Starting com.android.server.net.watchlist.NetworkWatchlistService$Lifecycle
09-18 15:28:53.751 8443-8468/system_process I/DropBoxManagerService: add tag=system_server_strictmode isTagEnabled=true flags=0x2
09-18 15:28:53.751 8443-8616/system_process W/EventHub: Unable to disable kernel key repeat for /dev/input/event5: Function not implemented
09-18 15:28:53.751 8443-8616/system_process I/EventHub: wakeMechanism=EPOLLWAKEUP, usingClockIoctl=true
    New device: id=1, fd=135, path='/dev/input/event5', name='msm8998-tasha-snd-card Button Jack', classes=0x1, configuration='', keyLayout='/system/usr/keylayout/Generic.kl', keyCharacterMap='/system/usr/keychars/Generic.kcm', builtinKeyboard=false, 
09-18 15:28:53.751 8443-8616/system_process D/EventHub: No input device configuration file found for device 'msm8998-tasha-snd-card Headset Jack'.
09-18 15:28:53.751 8443-8616/system_process I/EventHub: wakeMechanism=EPOLLWAKEUP, usingClockIoctl=true
    New device: id=2, fd=132, path='/dev/input/event4', name='msm8998-tasha-snd-card Headset Jack', classes=0x80, configuration='', keyLayout='', keyCharacterMap='', builtinKeyboard=false, 
09-18 15:28:53.752 8443-8616/system_process D/EventHub: No input device configuration file found for device 'gpio-keys'.
09-18 15:28:53.756 8239-8239/? W/Zygote: Class not found for preloading: com.android.internal.net.NetworkStatsFactory
09-18 15:28:53.754 8443-8468/system_process I/chatty: uid=1000(system) android.io identical 1 line
09-18 15:28:53.756 8443-8468/system_process I/DropBoxManagerService: add tag=system_server_strictmode isTagEnabled=true flags=0x2
09-18 15:28:53.757 8443-8443/system_process I/WatchlistSettings: Reload watchlist settings done
09-18 15:28:53.758 8443-8443/system_process D/SystemServerTiming: NetworkWatchlistService took to complete: 7ms
09-18 15:28:53.758 8443-8443/system_process I/SystemServer: PinnerService
09-18 15:28:53.758 8443-8443/system_process I/SystemServiceManager: Starting com.android.server.PinnerService
09-18 15:28:53.759 8443-8616/system_process W/EventHub: Unable to disable kernel key repeat for /dev/input/event3: Function not implemented
09-18 15:28:53.759 8443-8616/system_process I/EventHub: wakeMechanism=EPOLLWAKEUP, usingClockIoctl=true
    New device: id=3, fd=138, path='/dev/input/event3', name='gpio-keys', classes=0x81, configuration='', keyLayout='/system/usr/keylayout/Generic.kl', keyCharacterMap='/system/usr/keychars/Generic.kcm', builtinKeyboard=false, 
09-18 15:28:53.759 8443-8616/system_process D/EventHub: No input device configuration file found for device 'qpnp_pon'.
09-18 15:28:53.759 8239-8239/? W/Zygote: Class not found for preloading: com.android.internal.telephony.-$$Lambda$PhoneSubInfoController$8HFbCDJDN1mrLJG980qYH5MGqMk
09-18 15:28:53.760 8239-8239/? W/Zygote: Class not found for preloading: com.android.internal.telephony.-$$Lambda$PhoneSubInfoController$U28a_EGx2cvmQhDfRRgonMt5Zrc
    Class not found for preloading: com.android.internal.telephony.-$$Lambda$SubscriptionInfoUpdater$-zZXM9oMRZ3vZz7dJOG19J00Bmw
    Class not found for preloading: com.android.internal.telephony.-$$Lambda$SubscriptionInfoUpdater$D5yF1HbS4cvCyoAj3FESkPtA_0g
    Class not found for preloading: com.android.internal.telephony.-$$Lambda$SubscriptionInfoUpdater$MMx9iQX0JVqqMPLTUZhdBubFSzU
09-18 15:28:53.761 8443-8443/system_process D/SystemServerTiming: PinnerService took to complete: 2ms
09-18 15:28:53.761 8443-8443/system_process I/SystemServer: SignedConfigService
09-18 15:28:53.761 8443-8474/system_process D/PinnerService: pinRangeStream: null
09-18 15:28:53.761 8443-8443/system_process D/SystemServerTiming: SignedConfigService took to complete: 1ms
09-18 15:28:53.762 8239-8239/? W/Zygote: Class not found for preloading: com.android.internal.telephony.NewNitzStateMachine$1
    Class not found for preloading: com.android.internal.telephony.NewNitzStateMachine
    Class not found for preloading: com.android.internal.telephony.NewTimeServiceHelper$1
    Class not found for preloading: com.android.internal.telephony.NewTimeServiceHelper$Listener
    Class not found for preloading: com.android.internal.telephony.NewTimeServiceHelper
    Class not found for preloading: com.android.internal.telephony.PhoneConfigurationModels
09-18 15:28:53.763 8239-8239/? W/Zygote: Class not found for preloading: com.android.internal.telephony.SubscriptionController$ScLocalLog
09-18 15:28:53.764 8239-8239/? W/Zygote: Class not found for preloading: com.android.internal.telephony.UiccSmsController
    Class not found for preloading: com.android.internal.telephony.dataconnection.DcController$2
09-18 15:28:53.769 8443-8618/system_process I/WatchlistLoggingHandler: No need to aggregate record yet.
    Milliseconds spent on tryAggregateRecords(): 0
09-18 15:28:53.769 8443-8468/system_process I/DropBoxManagerService: add tag=system_server_strictmode isTagEnabled=true flags=0x2
09-18 15:28:53.769 8443-8474/system_process D/PinnerService: pinRangeStream: null
09-18 15:28:53.783 8443-8616/system_process W/EventHub: Unable to disable kernel key repeat for /dev/input/event0: Function not implemented
09-18 15:28:53.783 8443-8616/system_process I/EventHub: wakeMechanism=EPOLLWAKEUP, usingClockIoctl=true
    New device: id=4, fd=142, path='/dev/input/event0', name='qpnp_pon', classes=0x1, configuration='', keyLayout='/system/usr/keylayout/Generic.kl', keyCharacterMap='/system/usr/keychars/Generic.kcm', builtinKeyboard=false, 
09-18 15:28:53.784 8443-8616/system_process D/EventHub: No input device configuration file found for device 'uinput-goodix'.
09-18 15:28:53.795 8239-8239/? I/Zygote: ...preloaded 7582 classes in 322ms.
09-18 15:28:53.795 8239-8239/? I/zygote: VMRuntime.preloadDexCaches starting
09-18 15:28:53.802 8443-8616/system_process W/EventHub: Unable to disable kernel key repeat for /dev/input/event2: Function not implemented
09-18 15:28:53.802 8443-8616/system_process I/EventHub: wakeMechanism=EPOLLWAKEUP, usingClockIoctl=true
    New device: id=5, fd=143, path='/dev/input/event2', name='uinput-goodix', classes=0x1, configuration='', keyLayout='/vendor/usr/keylayout/uinput-goodix.kl', keyCharacterMap='/system/usr/keychars/Generic.kcm', builtinKeyboard=false, 
09-18 15:28:53.802 8443-8616/system_process D/EventHub: No input device configuration file found for device 'synaptics_dsx'.
09-18 15:28:53.797 8443-8474/system_process I/chatty: uid=1000(system) android.bg identical 2 lines
09-18 15:28:53.802 8443-8474/system_process D/PinnerService: pinRangeStream: null
09-18 15:28:53.803 8443-8468/system_process I/DropBoxManagerService: add tag=system_server_strictmode isTagEnabled=true flags=0x2
09-18 15:28:53.806 8443-8474/system_process D/PinnerService: pinRangeStream: null
09-18 15:28:53.806 8443-8616/system_process W/EventHub: Unable to disable kernel key repeat for /dev/input/event1: Function not implemented
09-18 15:28:53.806 8443-8616/system_process I/EventHub: wakeMechanism=EPOLLWAKEUP, usingClockIoctl=true
    New device: id=6, fd=141, path='/dev/input/event1', name='synaptics_dsx', classes=0x15, configuration='', keyLayout='/vendor/usr/keylayout/synaptics_dsx.kl', keyCharacterMap='/system/usr/keychars/Generic.kcm', builtinKeyboard=false, 
09-18 15:28:53.812 8443-8616/system_process I/InputReader: Device added: id=-1, name='Virtual', sources=0x00000301
09-18 15:28:53.813 8443-8616/system_process I/InputReader: Touch device 'synaptics_dsx' could not query the properties of its associated display.  The device will be inoperable until the display size becomes available.
    Device added: id=6, name='synaptics_dsx', sources=0x00001103
    Device added: id=5, name='uinput-goodix', sources=0x00000101
09-18 15:28:53.814 8443-8616/system_process I/InputReader: Device added: id=4, name='qpnp_pon', sources=0x00000101
    Device added: id=3, name='gpio-keys', sources=0x80000101
    Device added: id=2, name='msm8998-tasha-snd-card Headset Jack', sources=0x80000000
    Device added: id=1, name='msm8998-tasha-snd-card Button Jack', sources=0x00000101
09-18 15:28:53.823 8443-8443/system_process I/WindowManager: SAFE MODE not enabled
09-18 15:28:53.812 8443-8474/system_process I/chatty: uid=1000(system) android.bg identical 4 lines
09-18 15:28:53.823 8443-8474/system_process D/PinnerService: pinRangeStream: null
09-18 15:28:53.823 8443-8443/system_process I/SystemServer: StartInputMethodManagerLifecycle
09-18 15:28:53.823 8443-8443/system_process I/SystemServiceManager: Starting com.android.server.inputmethod.InputMethodManagerService$Lifecycle
09-18 15:28:53.824 8239-8239/? I/zygote: VMRuntime.preloadDexCaches strings total=332856 before=9849 after=9849
    VMRuntime.preloadDexCaches types total=36368 before=7357 after=7626
    VMRuntime.preloadDexCaches fields total=162783 before=8038 after=8239
    VMRuntime.preloadDexCaches methods total=285088 before=11193 after=11625
    VMRuntime.preloadDexCaches finished
09-18 15:28:53.824 8239-8239/? D/ZygoteInitTiming_lazy: PreloadClasses took to complete: 350ms
09-18 15:28:53.825 8239-8239/? I/zygote: The ClassLoaderContext is a special shared library.
09-18 15:28:53.820 8239-8239/? W/main: type=1400 audit(0.0:999): avc: denied { write } for name="/" dev="tmpfs" ino=22509 scontext=u:r:zygote:s0 tcontext=u:object_r:system_file:s0 tclass=dir permissive=0
09-18 15:28:53.827 8239-8239/? D/ApplicationLoaders: Created zygote-cached class loader: /system/framework/android.hidl.base-V1.0-java.jar
09-18 15:28:53.823 8239-8239/? W/main: type=1400 audit(0.0:1000): avc: denied { write } for name="/" dev="tmpfs" ino=22509 scontext=u:r:zygote:s0 tcontext=u:object_r:system_file:s0 tclass=dir permissive=0
09-18 15:28:53.828 8239-8239/? I/zygote: The ClassLoaderContext is a special shared library.
09-18 15:28:53.830 8239-8239/? D/ApplicationLoaders: Created zygote-cached class loader: /system/framework/android.hidl.manager-V1.0-java.jar
09-18 15:28:53.830 8239-8239/? D/ZygoteInitTiming_lazy: CacheNonBootClasspathClassLoaders took to complete: 7ms
09-18 15:28:53.833 8443-8474/system_process D/PinnerService: pinRangeStream: null
09-18 15:28:53.860 8443-8474/system_process I/chatty: uid=1000(system) android.bg identical 5 lines
09-18 15:28:53.861 8443-8474/system_process D/PinnerService: pinRangeStream: null
09-18 15:28:53.867 8443-8443/system_process D/SystemServerTiming: StartInputMethodManagerLifecycle took to complete: 44ms
09-18 15:28:53.867 8443-8443/system_process I/SystemServer: StartAccessibilityManagerService
09-18 15:28:53.867 8443-8443/system_process I/SystemServiceManager: Starting com.android.server.accessibility.AccessibilityManagerService$Lifecycle
09-18 15:28:53.871 8443-8443/system_process D/SystemServerTiming: StartAccessibilityManagerService took to complete: 4ms
09-18 15:28:53.871 8443-8443/system_process I/SystemServer: MakeDisplayReady
09-18 15:28:53.872 8443-8443/system_process W/InputReader: Device has associated, but no associated display id.
09-18 15:28:53.877 8443-8443/system_process I/ActivityTaskManager: Config changes=20005df8 {1.0 ?mcc?mnc [en_US] ldltr sw432dp w432dp h792dp 400dpi nrml long port ?uimode ?night finger -keyb/h/h -nav/h winConfig={ mBounds=Rect(0, 0 - 1080, 2160) mAppBounds=Rect(0, 0 - 1080, 2040) mWindowingMode=fullscreen mDisplayWindowingMode=fullscreen mActivityType=undefined mAlwaysOnTop=undefined mRotation=ROTATION_0} s.2}
09-18 15:28:53.883 8443-8443/system_process I/ActivityTaskManager: Override config changes=60007dfc {1.0 ?mcc?mnc [en_US] ldltr sw432dp w432dp h792dp 400dpi nrml long port ?uimode ?night finger -keyb/h/h -nav/h winConfig={ mBounds=Rect(0, 0 - 1080, 2160) mAppBounds=Rect(0, 0 - 1080, 2040) mWindowingMode=fullscreen mDisplayWindowingMode=fullscreen mActivityType=undefined mAlwaysOnTop=undefined mRotation=ROTATION_0} s.2} for displayId=0
09-18 15:28:53.887 8443-8443/system_process D/SystemServerTiming: MakeDisplayReady took to complete: 16ms
09-18 15:28:53.887 8443-8443/system_process I/SystemServer: StartStorageManagerService
09-18 15:28:53.887 8443-8443/system_process I/SystemServiceManager: Starting com.android.server.StorageManagerService$Lifecycle
09-18 15:28:53.888 8443-8469/system_process I/InputManager-JNI: Viewport [0] to add: local:0
09-18 15:28:53.889 8443-8616/system_process I/InputReader: Reconfiguring input devices.  changes=0x00000004
    Device reconfigured: id=6, name='synaptics_dsx', size 1080x2160, orientation 0, mode 1, display id 0
09-18 15:28:53.893 8443-8620/system_process D/StorageManagerService: Thinking about init, mBootCompleted=false, mDaemonConnected=true
    Thinking about reset, mBootCompleted=false, mDaemonConnected=true
    Thinking about init, mBootCompleted=false, mDaemonConnected=true
    Thinking about reset, mBootCompleted=false, mDaemonConnected=true
09-18 15:28:53.893 8443-8443/system_process D/SystemServerTiming: StartStorageManagerService took to complete: 6ms
09-18 15:28:53.893 8443-8443/system_process I/SystemServer: StartStorageStatsService
09-18 15:28:53.893 8443-8443/system_process I/SystemServiceManager: Starting com.android.server.usage.StorageStatsService$Lifecycle
09-18 15:28:53.895 927-1036/? D/installd: Found quota mount /dev/block/bootdevice/by-name/userdata at /data
09-18 15:28:53.910 8239-8239/? I/Zygote: Preloading resources...
09-18 15:28:53.915 8239-8239/? W/Resources: Preloaded drawable resource #0x108027e (android:drawable/dialog_background_material) that varies with configuration!!
09-18 15:28:53.919 927-2014/? D/installd: Found quota mount /dev/block/bootdevice/by-name/userdata at /data
09-18 15:28:53.927 8239-8239/? I/Zygote: ...preloaded 64 resources in 17ms.
09-18 15:28:53.930 8239-8239/? I/Zygote: ...preloaded 41 resources in 3ms.
09-18 15:28:53.930 8239-8239/? D/ZygoteInitTiming_lazy: PreloadResources took to complete: 99ms
09-18 15:28:53.940 8239-8239/? D/libEGL: loaded /vendor/lib/egl/libEGL_adreno.so
09-18 15:28:53.941 8443-8443/system_process D/SystemServerTiming: StartStorageStatsService took to complete: 47ms
09-18 15:28:53.941 8443-8443/system_process I/SystemServer: StartUiModeManager
09-18 15:28:53.941 8443-8443/system_process I/SystemServiceManager: Starting com.android.server.UiModeManagerService
09-18 15:28:53.945 8239-8239/? D/libEGL: loaded /vendor/lib/egl/libGLESv1_CM_adreno.so
09-18 15:28:53.946 8443-8443/system_process D/SystemServerTiming: StartUiModeManager took to complete: 5ms
09-18 15:28:53.946 8443-8443/system_process I/SystemServer: UpdatePackagesIfNeeded
09-18 15:28:53.946 8443-8443/system_process I/Watchdog: Pausing HandlerChecker: main thread for reason: dexopt. Pause count: 1
    Resuming HandlerChecker: main thread for reason: dexopt. Pause count: 0
09-18 15:28:53.946 8443-8443/system_process D/SystemServerTiming: UpdatePackagesIfNeeded took to complete: 0ms
09-18 15:28:53.946 8443-8443/system_process I/SystemServer: PerformFstrimIfNeeded
09-18 15:28:53.947 8443-8443/system_process D/SystemServerTiming: PerformFstrimIfNeeded took to complete: 0ms
09-18 15:28:53.947 8443-8443/system_process I/SystemServer: StartLockSettingsService
09-18 15:28:53.947 8443-8443/system_process I/SystemServiceManager: Starting com.android.server.locksettings.LockSettingsService$Lifecycle
09-18 15:28:53.949 8239-8239/? D/libEGL: loaded /vendor/lib/egl/libGLESv2_adreno.so
09-18 15:28:53.947 8443-8622/system_process D/SystemServerInitThreadPool: Started executing UiModeManager.onStart
09-18 15:28:53.967 8443-8622/system_process I/ActivityTaskManager: Config changes=200 {1.0 ?mcc?mnc [en_US] ldltr sw432dp w432dp h792dp 400dpi nrml long port night finger -keyb/h/h -nav/h winConfig={ mBounds=Rect(0, 0 - 1080, 2160) mAppBounds=Rect(0, 0 - 1080, 2040) mWindowingMode=fullscreen mDisplayWindowingMode=fullscreen mActivityType=undefined mAlwaysOnTop=undefined mRotation=ROTATION_0} s.4}
09-18 15:28:53.970 8239-8239/? I/Zygote: Preloading shared libraries...
09-18 15:28:53.973 8443-8443/system_process D/SystemServerTiming: StartLockSettingsService took to complete: 27ms
09-18 15:28:53.974 8443-8443/system_process I/SystemServer: StartPersistentDataBlock
09-18 15:28:53.974 8443-8443/system_process I/SystemServiceManager: Starting com.android.server.PersistentDataBlockService
09-18 15:28:53.974 8239-8239/? I/Zygote: Called ZygoteHooks.endPreload()
09-18 15:28:53.975 8239-8239/? I/Zygote: Installed AndroidKeyStoreProvider in 0ms.
09-18 15:28:53.975 8443-8443/system_process D/SystemServerTiming: StartPersistentDataBlock took to complete: 1ms
09-18 15:28:53.975 8443-8443/system_process I/SystemServer: StartTestHarnessMode
09-18 15:28:53.975 8443-8443/system_process I/SystemServiceManager: Starting com.android.server.testharness.TestHarnessModeService
09-18 15:28:53.976 8443-8623/system_process D/SystemServerInitThreadPool: Started executing PersistentDataBlockService.onStart
09-18 15:28:53.976 8443-8443/system_process D/SystemServerTiming: StartTestHarnessMode took to complete: 1ms
09-18 15:28:53.976 8443-8443/system_process I/SystemServer: StartOemLockService
09-18 15:28:53.976 8443-8623/system_process E/PersistentDataBlockService: not able to find package com.google.android.gms
    android.content.pm.PackageManager$NameNotFoundException: com.google.android.gms
        at android.app.ApplicationPackageManager.getPackageUidAsUser(ApplicationPackageManager.java:311)
        at com.android.server.PersistentDataBlockService.getAllowedUid(PersistentDataBlockService.java:153)
        at com.android.server.PersistentDataBlockService.lambda$onStart$0$PersistentDataBlockService(PersistentDataBlockService.java:166)
        at com.android.server.-$$Lambda$PersistentDataBlockService$EZl9OYaT2eNL7kfSr2nKUBjxidk.run(Unknown Source:2)
        at com.android.server.SystemServerInitThreadPool.lambda$submit$0$SystemServerInitThreadPool(SystemServerInitThreadPool.java:72)
        at com.android.server.-$$Lambda$SystemServerInitThreadPool$jLyL3DFmbjsFesU5SGktD3NoWSc.run(Unknown Source:6)
        at java.util.concurrent.Executors$RunnableAdapter.call(Executors.java:462)
        at java.util.concurrent.FutureTask.run(FutureTask.java:266)
        at java.util.concurrent.ThreadPoolExecutor.runWorker(ThreadPoolExecutor.java:1167)
        at java.util.concurrent.ThreadPoolExecutor$Worker.run(ThreadPoolExecutor.java:641)
        at com.android.internal.util.ConcurrentUtils$1$1.run(ConcurrentUtils.java:62)
09-18 15:28:53.977 8443-8443/system_process I/SystemServiceManager: Starting com.android.server.oemlock.OemLockService
09-18 15:28:53.977 586-586/? I/hwservicemanager: getTransport: Cannot find entry android.hardware.oemlock@1.0::IOemLock/default in either framework or device manifest.
09-18 15:28:53.978 8443-8443/system_process I/OemLock: OemLock HAL not present on device
    Using persistent data block based lock
09-18 15:28:53.979 8443-8443/system_process D/SystemServerTiming: StartOemLockService took to complete: 2ms
09-18 15:28:53.979 8443-8443/system_process I/SystemServer: StartDeviceIdleController
09-18 15:28:53.979 8443-8443/system_process I/SystemServiceManager: Starting com.android.server.DeviceIdleController
09-18 15:28:53.980 8239-8239/? I/Zygote: Warmed up JCA providers in 6ms.
09-18 15:28:53.980 8239-8239/? D/Zygote: end preload
09-18 15:28:53.981 8443-8547/system_process D/SystemServerTimingAsync: SecondaryZygotePreload took to complete: 570ms
09-18 15:28:53.981 8443-8547/system_process D/SystemServerInitThreadPool: Finished executing SecondaryZygotePreload
09-18 15:28:53.985 8443-8622/system_process I/ActivityTaskManager: Override config changes=200 {1.0 ?mcc?mnc [en_US] ldltr sw432dp w432dp h792dp 400dpi nrml long port night finger -keyb/h/h -nav/h winConfig={ mBounds=Rect(0, 0 - 1080, 2160) mAppBounds=Rect(0, 0 - 1080, 2040) mWindowingMode=fullscreen mDisplayWindowingMode=fullscreen mActivityType=undefined mAlwaysOnTop=undefined mRotation=ROTATION_0} s.4} for displayId=0
09-18 15:28:53.988 8443-8622/system_process D/SystemServerInitThreadPool: Finished executing UiModeManager.onStart
09-18 15:28:53.999 8443-8443/system_process D/SystemServerTiming: StartDeviceIdleController took to complete: 20ms
09-18 15:28:53.999 8443-8443/system_process I/SystemServer: StartDevicePolicyManager
09-18 15:28:53.999 8443-8443/system_process I/SystemServiceManager: Starting com.android.server.devicepolicy.DevicePolicyManagerService$Lifecycle
09-18 15:28:54.006 8443-8623/system_process D/SystemServerInitThreadPool: Finished executing PersistentDataBlockService.onStart
09-18 15:28:54.009 8443-8443/system_process D/SystemServerTiming: StartDevicePolicyManager took to complete: 10ms
09-18 15:28:54.009 8443-8443/system_process I/SystemServer: StartStatusBarManagerService
09-18 15:28:54.010 8443-8443/system_process D/SystemServerTiming: StartStatusBarManagerService took to complete: 1ms
09-18 15:28:54.011 8443-8443/system_process D/SystemServer: ContentCaptureService disabled because resource is not overlaid
    AttentionService is not configured on this device
    SystemCaptionsManagerService disabled because resource is not overlaid
    AppPredictionService not defined by OEM
    ContentSuggestionsService not defined by OEM
09-18 15:28:54.011 8443-8443/system_process I/SystemServer: InitNetworkStackClient
09-18 15:28:54.012 8443-8443/system_process D/SystemServerTiming: InitNetworkStackClient took to complete: 1ms
09-18 15:28:54.012 8443-8443/system_process I/SystemServer: StartNetworkManagementService
09-18 15:28:54.015 8244-8259/? I/netd: registerUnsolicitedEventListener() <0.04ms>
09-18 15:28:54.015 8443-8443/system_process D/SystemServerTiming: StartNetworkManagementService took to complete: 3ms
09-18 15:28:54.015 8443-8443/system_process I/SystemServer: StartIpSecService
09-18 15:28:54.016 8443-8443/system_process D/SystemServerTiming: StartIpSecService took to complete: 0ms
09-18 15:28:54.016 8443-8443/system_process I/SystemServer: StartTextServicesManager
09-18 15:28:54.016 8443-8443/system_process I/SystemServiceManager: Starting com.android.server.textservices.TextServicesManagerService$Lifecycle
09-18 15:28:54.017 8443-8443/system_process D/SystemServerTiming: StartTextServicesManager took to complete: 1ms
09-18 15:28:54.017 8443-8443/system_process I/SystemServer: StartTextClassificationManagerService
09-18 15:28:54.017 8443-8443/system_process I/SystemServiceManager: Starting com.android.server.textclassifier.TextClassificationManagerService$Lifecycle
09-18 15:28:54.017 8443-8443/system_process D/SystemServerTiming: StartTextClassificationManagerService took to complete: 1ms
09-18 15:28:54.017 8443-8443/system_process I/SystemServer: StartNetworkScoreService
09-18 15:28:54.017 8443-8443/system_process I/SystemServiceManager: Starting com.android.server.NetworkScoreService$Lifecycle
09-18 15:28:54.019 8443-8443/system_process I/NetworkScoreService: Registering network_score
09-18 15:28:54.019 8443-8443/system_process D/SystemServerTiming: StartNetworkScoreService took to complete: 1ms
09-18 15:28:54.019 8443-8443/system_process I/SystemServer: StartNetworkStatsService
09-18 15:28:54.020 8443-8443/system_process D/SystemServerTiming: StartNetworkStatsService took to complete: 2ms
09-18 15:28:54.020 8443-8443/system_process I/SystemServer: StartNetworkPolicyManagerService
09-18 15:28:54.023 8443-8443/system_process D/SystemServerTiming: StartNetworkPolicyManagerService took to complete: 2ms
09-18 15:28:54.023 8443-8443/system_process I/SystemServer: StartWifi
09-18 15:28:54.024 8443-8443/system_process I/SystemServiceManager: Starting com.android.server.wifi.WifiService
09-18 15:28:54.058 8443-8443/system_process E/HostapdHal: Malformed channel value detected: java.lang.NumberFormatException: For input string: ""
09-18 15:28:54.069 8443-8443/system_process D/WifiCountryCode: mDefaultCountryCode null mRevertCountryCodeOnCellularLoss false
09-18 15:28:54.069 8443-8443/system_process D/WifiApConfigStore: 2G band allowed channels are:1,6,11
09-18 15:28:54.072 8443-8443/system_process E/WifiScoringParams: Inconsistent config_wifi_framework_ resources: rssi2=-100:-80:-100:-60,rssi5=-100:-77:-100:-57,pps=0:1:100,horizon=15,nud=8,expid=0
    java.lang.IllegalArgumentException
        at com.android.server.wifi.ScoringParams$Values.validateRange(ScoringParams.java:120)
        at com.android.server.wifi.ScoringParams$Values.validateRssiArray(ScoringParams.java:113)
        at com.android.server.wifi.ScoringParams$Values.validate(ScoringParams.java:101)
        at com.android.server.wifi.ScoringParams.loadResources(ScoringParams.java:234)
        at com.android.server.wifi.ScoringParams.<init>(ScoringParams.java:212)
        at com.android.server.wifi.WifiInjector.<init>(WifiInjector.java:265)
        at com.android.server.wifi.WifiService.<init>(WifiService.java:32)
        at java.lang.reflect.Constructor.newInstance0(Native Method)
        at java.lang.reflect.Constructor.newInstance(Constructor.java:343)
        at com.android.server.SystemServiceManager.startService(SystemServiceManager.java:102)
        at com.android.server.SystemServiceManager.startService(SystemServiceManager.java:76)
        at com.android.server.SystemServer.startOtherServices(SystemServer.java:1356)
        at com.android.server.SystemServer.run(SystemServer.java:529)
        at com.android.server.SystemServer.main(SystemServer.java:356)
        at java.lang.reflect.Method.invoke(Native Method)
        at com.android.internal.os.RuntimeInit$MethodAndArgsCaller.run(RuntimeInit.java:491)
        at com.android.internal.os.ZygoteInit.main(ZygoteInit.java:918)
09-18 15:28:54.073 8443-8443/system_process I/DropBoxManagerService: add tag=system_server_wtf isTagEnabled=true flags=0x2
09-18 15:28:54.076 8443-8443/system_process I/WifiScoringParams: rssi2=-100:-80:-100:-60,rssi5=-100:-77:-100:-57,pps=0:1:100,horizon=15,nud=8,expid=0
09-18 15:28:54.099 8443-8443/system_process D/WifiOpenNetworkNotifier: Settings toggle enabled=true
09-18 15:28:54.099 8443-8443/system_process D/WifiCarrierNetworkNotifier: Settings toggle enabled=true
09-18 15:28:54.102 8443-8443/system_process D/WifiActiveModeWarden: Starting Wifi in WifiDisabledState
09-18 15:28:54.102 8443-8629/system_process D/WifiActiveModeWarden: Entering WifiDisabledState
09-18 15:28:54.102 8443-8443/system_process D/WakeupController: WifiWake enabled
09-18 15:28:54.104 8443-8443/system_process E/WifiClientModeImpl: getWifiLinkLayerStats called without an interface
09-18 15:28:54.105 8443-8443/system_process E/SupplicantStaIfaceHal: Can't call setDebugParams, ISupplicant is null
09-18 15:28:54.105 8443-8443/system_process I/WifiService: Registering wifi
09-18 15:28:54.105 8443-8443/system_process D/SystemServerTiming: StartWifi took to complete: 83ms
09-18 15:28:54.105 8443-8443/system_process I/SystemServer: StartWifiScanning
09-18 15:28:54.106 8443-8443/system_process I/SystemServiceManager: Starting com.android.server.wifi.scanner.WifiScanningService
09-18 15:28:54.106 8443-8443/system_process I/WifiScanningService: Creating wifiscanner
09-18 15:28:54.107 8443-8443/system_process I/WifiScanningService: Publishing wifiscanner
09-18 15:28:54.107 8443-8443/system_process D/SystemServerTiming: StartWifiScanning took to complete: 2ms
09-18 15:28:54.107 8443-8443/system_process I/SystemServer: StartWifiP2P
09-18 15:28:54.107 8443-8443/system_process I/SystemServiceManager: Starting com.android.server.wifi.p2p.WifiP2pService
09-18 15:28:54.112 8443-8443/system_process W/HalDevMgr: isWifiStarted called but mWifi is null!?
09-18 15:28:54.113 8443-8443/system_process I/WifiP2pService: Registering wifip2p
09-18 15:28:54.113 8443-8443/system_process D/SystemServerTiming: StartWifiP2P took to complete: 5ms
09-18 15:28:54.113 8443-8443/system_process I/SystemServer: StartEthernet
09-18 15:28:54.113 8443-8443/system_process I/SystemServiceManager: Starting com.android.server.ethernet.EthernetService
09-18 15:28:54.113 8443-8443/system_process I/EthernetService: Registering service ethernet
09-18 15:28:54.113 8443-8443/system_process D/SystemServerTiming: StartEthernet took to complete: 1ms
09-18 15:28:54.113 8443-8443/system_process I/SystemServer: StartConnectivityService
09-18 15:28:54.116 8443-8443/system_process D/ConnectivityService: ConnectivityService starting up
09-18 15:28:54.121 8443-8443/system_process D/ConnectivityService: wifiOnly=false
09-18 15:28:54.135 8443-8443/system_process D/SystemServerTiming: StartConnectivityService took to complete: 21ms
09-18 15:28:54.135 8443-8443/system_process I/SystemServer: StartNsdService
09-18 15:28:54.137 8443-8443/system_process D/NsdService: Network service discovery is enabled
09-18 15:28:54.141 8443-8443/system_process D/SystemServerTiming: StartNsdService took to complete: 7ms
09-18 15:28:54.141 8443-8443/system_process I/SystemServer: StartSystemUpdateManagerService
09-18 15:28:54.141 8443-8443/system_process I/SystemUpdateManagerService: No existing info file /data/system/system-update-info.xml
09-18 15:28:54.142 8443-8443/system_process D/SystemServerTiming: StartSystemUpdateManagerService took to complete: 0ms
09-18 15:28:54.142 8443-8443/system_process I/SystemServer: StartUpdateLockService
09-18 15:28:54.142 8443-8443/system_process D/SystemServerTiming: StartUpdateLockService took to complete: 1ms
09-18 15:28:54.142 8443-8443/system_process I/SystemServer: StartNotificationManager
09-18 15:28:54.142 8443-8443/system_process I/SystemServiceManager: Starting com.android.server.notification.NotificationManagerService
09-18 15:28:54.167 8443-8443/system_process D/ConditionProviders.SCP: new ScheduleConditionProvider()
09-18 15:28:54.189 8443-8443/system_process I/NotificationListeners: Read notification listener permissions from xml
09-18 15:28:54.189 8443-8443/system_process I/NotificationAssistants: Read notification assistant permissions from xml
09-18 15:28:54.189 8443-8443/system_process I/ConditionProviders: Read condition provider permissions from xml
    Read condition provider permissions from xml
09-18 15:28:54.189 8443-8443/system_process D/NotificationAssistants: Approving default notification assistant for user 0
09-18 15:28:54.190 8443-8443/system_process I/ConditionProviders:  Allowing condition provider android.ext.services/android.ext.services.notification.Assistant
09-18 15:28:54.191 8443-8443/system_process D/NotificationService: Set default NAS to be android.ext.services/android.ext.services.notification.Assistant in 0
09-18 15:28:54.204 585-585/? E/ServiceManager: add_service('notification',6b) uid=1000 - ALREADY REGISTERED, OVERRIDE
09-18 15:28:54.205 585-585/? I/ServiceManager: service 'notification' died
09-18 15:28:54.207 8443-8443/system_process D/SystemServerTiming: StartNotificationManager took to complete: 65ms
09-18 15:28:54.207 8443-8443/system_process I/SystemServer: StartDeviceMonitor
09-18 15:28:54.207 8443-8443/system_process I/SystemServiceManager: Starting com.android.server.storage.DeviceStorageMonitorService
09-18 15:28:54.211 8443-8443/system_process D/SystemServerTiming: StartDeviceMonitor took to complete: 3ms
09-18 15:28:54.211 8443-8443/system_process I/SystemServer: StartLocationManagerService
09-18 15:28:54.212 8443-8443/system_process D/SystemServerTiming: StartLocationManagerService took to complete: 1ms
09-18 15:28:54.212 8443-8443/system_process I/SystemServer: StartCountryDetectorService
09-18 15:28:54.212 8443-8443/system_process D/SystemServerTiming: StartCountryDetectorService took to complete: 0ms
09-18 15:28:54.212 8443-8443/system_process I/SystemServer: StartTimeDetectorService
09-18 15:28:54.212 8443-8443/system_process I/SystemServiceManager: Starting com.android.server.timedetector.TimeDetectorService$Lifecycle
09-18 15:28:54.213 8443-8443/system_process D/SystemServerTiming: StartTimeDetectorService took to complete: 1ms
09-18 15:28:54.213 8443-8443/system_process I/SystemServer: StartSearchManagerService
09-18 15:28:54.213 8443-8443/system_process I/SystemServiceManager: Starting com.android.server.search.SearchManagerService$Lifecycle
09-18 15:28:54.214 8443-8443/system_process D/SystemServerTiming: StartSearchManagerService took to complete: 2ms
09-18 15:28:54.214 8443-8443/system_process I/SystemServer: StartWallpaperManagerService
09-18 15:28:54.214 8443-8443/system_process I/SystemServiceManager: Starting com.android.server.wallpaper.WallpaperManagerService$Lifecycle
09-18 15:28:54.216 8443-8443/system_process D/SystemServerTiming: StartWallpaperManagerService took to complete: 1ms
09-18 15:28:54.216 8443-8443/system_process I/SystemServer: StartAudioService
09-18 15:28:54.216 8443-8443/system_process I/SystemServiceManager: Starting com.android.server.audio.AudioService$Lifecycle
09-18 15:28:54.225 8443-8443/system_process I/android_os_HwBinder: HwBinder: Starting thread pool for getting: android.hidl.manager@1.0::IServiceManager/default
09-18 15:28:54.232 8241-8404/? W/AudioFlinger: no wake lock to update, system not ready yet
09-18 15:28:54.232 8241-8408/? W/AudioFlinger: no wake lock to update, system not ready yet
09-18 15:28:54.232 8241-8401/? W/AudioFlinger: no wake lock to update, system not ready yet
09-18 15:28:54.234 8241-8241/? D/PermissionCache: checking android.permission.MODIFY_AUDIO_ROUTING for uid=1000 => granted (732 us)
09-18 15:28:54.234 8241-8241/? D/AudioPolicyManagerCustom: setForceUse() usage 4, config 0, mPhoneState 0
09-18 15:28:54.234 8443-8443/system_process W/TelecomManager: Telecom Service not found.
09-18 15:28:54.235 8241-8241/? D/AudioPolicyManagerCustom: setForceUse() usage 3, config 8, mPhoneState 0
09-18 15:28:54.238 8241-8313/? D/AudioPolicyManagerCustom: setForceUse() usage 6, config 0, mPhoneState 0
09-18 15:28:54.241 8241-8313/? D/PermissionCache: checking android.permission.MODIFY_AUDIO_SETTINGS for uid=1000 => granted (1552 us)
09-18 15:28:54.243 8246-8253/? D/audio_hw_primary: adev_set_mic_mute state 0
09-18 15:28:54.243 8246-8253/? W/DeviceHAL: Error from HAL Device in function set_mic_mute: Function not implemented
    Error from HAL Device in function set_mic_mute: Function not implemented
09-18 15:28:54.244 8443-8443/system_process E/AudioSystem-JNI: Command failed for android_media_AudioSystem_muteMicrophone: -38
09-18 15:28:54.300 897-1123/? I/ThermalEngine: vs_get_temperature: read[0] xo_therm 46000 mC, weight[0] 2
09-18 15:28:54.301 897-1123/? I/ThermalEngine: vs_get_temperature: read[1] quiet_therm 40000 mC, weight[1] 1
09-18 15:28:54.302 897-1123/? I/ThermalEngine: vs_get_temperature: read[0] xo_therm 46000 mC, weight[0] 2
09-18 15:28:54.304 897-1123/? I/ThermalEngine: vs_get_temperature: read[1] quiet_therm 40000 mC, weight[1] 1
09-18 15:28:54.338 8241-8313/? D/AudioFlinger: isLowRamDevice:false totalMemory:6004461568 mClientSharedHeapSize:33554432
09-18 15:28:54.339 8241-8313/? D/AudioPolicyManagerCustom: setForceUse() usage 7, config 0, mPhoneState 0
09-18 15:28:54.344 8443-8443/system_process D/SystemServerTiming: StartAudioService took to complete: 128ms
09-18 15:28:54.345 8443-8443/system_process I/SystemServer: StartDockObserver
09-18 15:28:54.345 8443-8443/system_process I/SystemServiceManager: Starting com.android.server.DockObserver
09-18 15:28:54.348 8443-8443/system_process W/DockObserver: This kernel does not have dock station support
09-18 15:28:54.352 8443-8443/system_process D/SystemServerTiming: StartDockObserver took to complete: 7ms
09-18 15:28:54.352 8443-8443/system_process I/SystemServer: StartWiredAccessoryManager
09-18 15:28:54.359 897-1116/? I/ThermalEngine: vs_get_temperature: read[0] xo_therm 46000 mC, weight[0] 2
09-18 15:28:54.360 897-1116/? I/ThermalEngine: vs_get_temperature: read[1] quiet_therm 40000 mC, weight[1] 1
09-18 15:28:54.366 8443-8443/system_process W/WiredAccessoryManager: This kernel does not have usb audio support
09-18 15:28:54.367 8443-8443/system_process D/SystemServerTiming: StartWiredAccessoryManager took to complete: 14ms
09-18 15:28:54.368 8443-8443/system_process I/SystemServer: StartMidiManager
09-18 15:28:54.371 8443-8443/system_process I/SystemServiceManager: Starting com.android.server.midi.MidiService$Lifecycle
09-18 15:28:54.373 8443-8443/system_process D/SystemServerTiming: StartMidiManager took to complete: 2ms
09-18 15:28:54.373 8443-8443/system_process I/SystemServer: StartAdbService
09-18 15:28:54.374 8443-8443/system_process I/SystemServiceManager: Starting com.android.server.adb.AdbService$Lifecycle
09-18 15:28:54.379 8443-8443/system_process D/SystemServerTiming: StartAdbService took to complete: 6ms
09-18 15:28:54.379 8443-8443/system_process I/SystemServer: StartUsbService
09-18 15:28:54.380 8443-8443/system_process I/SystemServiceManager: Starting com.android.server.usb.UsbService$Lifecycle
09-18 15:28:54.387 8443-8443/system_process E/UsbDeviceManager: failed to write to /sys/class/android_usb/android0/f_rndis/ethaddr
09-18 15:28:54.387 586-586/? I/hwservicemanager: getTransport: Cannot find entry android.hardware.usb.gadget@1.0::IUsbGadget/default in either framework or device manifest.
09-18 15:28:54.389 8443-8443/system_process I/UsbDeviceManager: USB GADGET HAL not present in the device
    java.util.NoSuchElementException
        at android.os.HwBinder.getService(Native Method)
        at android.hardware.usb.gadget.V1_0.IUsbGadget.getService(IUsbGadget.java:55)
        at android.hardware.usb.gadget.V1_0.IUsbGadget.getService(IUsbGadget.java:62)
        at com.android.server.usb.UsbDeviceManager.<init>(UsbDeviceManager.java:266)
        at com.android.server.usb.UsbService.<init>(UsbService.java:150)
        at com.android.server.usb.UsbService$Lifecycle.onStart(UsbService.java:84)
        at com.android.server.SystemServiceManager.startService(SystemServiceManager.java:130)
        at com.android.server.SystemServiceManager.startService(SystemServiceManager.java:117)
        at com.android.server.SystemServiceManager.startService(SystemServiceManager.java:76)
        at com.android.server.SystemServer.startOtherServices(SystemServer.java:1562)
        at com.android.server.SystemServer.run(SystemServer.java:529)
        at com.android.server.SystemServer.main(SystemServer.java:356)
        at java.lang.reflect.Method.invoke(Native Method)
        at com.android.internal.os.RuntimeInit$MethodAndArgsCaller.run(RuntimeInit.java:491)
        at com.android.internal.os.ZygoteInit.main(ZygoteInit.java:918)
09-18 15:28:54.389 8443-8443/system_process E/UsbDeviceManagerJNI: could not open control for mtp Permission denied
09-18 15:28:54.389 8443-8443/system_process E/UsbDeviceManager: Failed to open control for mtp
09-18 15:28:54.389 8443-8443/system_process E/UsbDeviceManagerJNI: could not open control for ptp Permission denied
09-18 15:28:54.389 8443-8443/system_process E/UsbDeviceManager: Failed to open control for ptp
09-18 15:28:54.409 8443-8443/system_process W/StorageManagerService: No primary storage defined yet; hacking together a stub
09-18 15:28:54.413 8443-8443/system_process I/android_os_HwBinder: HwBinder: Starting thread pool for getting: android.hidl.manager@1.0::IServiceManager/default
09-18 15:28:54.414 8443-8483/system_process I/UsbPortManager: Usb hal service started android.hardware.usb@1.0::IUsb default
09-18 15:28:54.415 8443-8443/system_process I/android_os_HwBinder: HwBinder: Starting thread pool for getting: android.hardware.usb@1.0::IUsb/default
09-18 15:28:54.417 795-795/? I/android.hardware.usb@1.0-service: otg_default
    canChangeMode: 0 canChagedata: 0 canChangePower:0
09-18 15:28:54.419 8443-8443/system_process D/SystemServerTiming: StartUsbService took to complete: 40ms
09-18 15:28:54.419 8443-8443/system_process I/SystemServer: StartSerialService
09-18 15:28:54.420 8443-8443/system_process D/SystemServerTiming: StartSerialService took to complete: 0ms
09-18 15:28:54.420 8443-8443/system_process I/SystemServer: StartHardwarePropertiesManagerService
09-18 15:28:54.420 586-586/? I/hwservicemanager: getTransport: Cannot find entry android.hardware.thermal@1.0::IThermal/default in either framework or device manifest.
09-18 15:28:54.420 8443-8443/system_process E/HardwarePropertiesManagerService-JNI: Unable to get Thermal service.
09-18 15:28:54.421 8443-8443/system_process D/SystemServerTiming: StartHardwarePropertiesManagerService took to complete: 1ms
09-18 15:28:54.421 8443-8443/system_process I/SystemServer: StartTwilightService
09-18 15:28:54.421 8443-8443/system_process I/SystemServiceManager: Starting com.android.server.twilight.TwilightService
09-18 15:28:54.421 8443-8443/system_process D/SystemServerTiming: StartTwilightService took to complete: 1ms
09-18 15:28:54.422 8443-8443/system_process I/SystemServer: StartColorDisplay
09-18 15:28:54.422 8443-8443/system_process I/SystemServiceManager: Starting com.android.server.display.color.ColorDisplayService
09-18 15:28:54.423 8443-8443/system_process D/SystemServerTiming: StartColorDisplay took to complete: 2ms
09-18 15:28:54.423 8443-8443/system_process I/SystemServer: StartJobScheduler
09-18 15:28:54.424 8443-8443/system_process I/SystemServiceManager: Starting com.android.server.job.JobSchedulerService
09-18 15:28:54.428 8443-8443/system_process D/JobStore: Start tag: job-info
09-18 15:28:54.430 8443-8443/system_process I/JobStore: Read 6 jobs
09-18 15:28:54.437 8443-8443/system_process D/SystemServerTiming: StartJobScheduler took to complete: 13ms
09-18 15:28:54.437 8443-8443/system_process I/SystemServer: StartSoundTrigger
09-18 15:28:54.437 8443-8443/system_process I/SystemServiceManager: Starting com.android.server.soundtrigger.SoundTriggerService
09-18 15:28:54.438 8443-8443/system_process D/SystemServerTiming: StartSoundTrigger took to complete: 1ms
09-18 15:28:54.438 8443-8443/system_process I/SystemServer: StartTrustManager
09-18 15:28:54.438 8443-8443/system_process I/SystemServiceManager: Starting com.android.server.trust.TrustManagerService
09-18 15:28:54.440 8443-8443/system_process D/SystemServerTiming: StartTrustManager took to complete: 2ms
09-18 15:28:54.440 8443-8443/system_process I/SystemServer: StartBackupManager
09-18 15:28:54.441 8443-8443/system_process I/SystemServiceManager: Starting com.android.server.backup.BackupManagerService$Lifecycle
09-18 15:28:54.443 8443-8443/system_process D/SystemServerTiming: StartBackupManager took to complete: 3ms
09-18 15:28:54.443 8443-8443/system_process I/SystemServer: StartAppWidgetService
09-18 15:28:54.444 8443-8443/system_process I/SystemServiceManager: Starting com.android.server.appwidget.AppWidgetService
09-18 15:28:54.447 8443-8443/system_process D/SystemServerTiming: StartAppWidgetService took to complete: 3ms
09-18 15:28:54.447 8443-8443/system_process I/SystemServer: StartRoleManagerService
09-18 15:28:54.450 8443-8443/system_process D/SystemServerTiming: StartRoleManagerService took to complete: 3ms
09-18 15:28:54.450 8443-8443/system_process I/SystemServer: StartVoiceRecognitionManager
09-18 15:28:54.450 8443-8443/system_process I/SystemServiceManager: Starting com.android.server.voiceinteraction.VoiceInteractionManagerService
09-18 15:28:54.453 8443-8443/system_process I/RoleUserState: Read roles.xml successfully
09-18 15:28:54.454 8443-8443/system_process W/VoiceInteractionManagerService: Unable to resolve default voice recognition service.
09-18 15:28:54.455 8443-8443/system_process D/SystemServerTiming: StartVoiceRecognitionManager took to complete: 5ms
09-18 15:28:54.455 8443-8443/system_process I/SystemServer: StartGestureLauncher
09-18 15:28:54.455 8443-8443/system_process I/SystemServiceManager: Starting com.android.server.GestureLauncherService
09-18 15:28:54.455 8443-8443/system_process D/SystemServerTiming: StartGestureLauncher took to complete: 1ms
09-18 15:28:54.455 8443-8443/system_process I/SystemServer: StartSensorNotification
09-18 15:28:54.455 8443-8443/system_process I/SystemServiceManager: Starting com.android.server.SensorNotificationService
09-18 15:28:54.456 8443-8443/system_process D/SystemServerTiming: StartSensorNotification took to complete: 0ms
09-18 15:28:54.456 8443-8443/system_process I/SystemServer: StartContextHubSystemService
