09-19 00:29:49.645 1814-2045/system_process I/EventHub: wakeMechanism=EPOLLWAKEUP, usingClockIoctl=true
    New device: id=6, fd=143, path='/dev/input/event1', name='synaptics_dsx', classes=0x15, configuration='', keyLayout='/vendor/usr/keylayout/synaptics_dsx.kl', keyCharacterMap='/system/usr/keychars/Generic.kcm', builtinKeyboard=false, 
09-19 00:29:49.650 771-771/? I/Zygote: ...preloaded 64 resources in 12ms.
09-19 00:29:49.652 771-771/? I/Zygote: ...preloaded 41 resources in 3ms.
09-19 00:29:49.633 1814-1895/system_process I/chatty: uid=1000(system) android.bg identical 7 lines
09-19 00:29:49.633 1814-1895/system_process D/PinnerService: pinRangeStream: null
09-19 00:29:49.652 771-771/? D/ZygoteInitTiming_lazy: PreloadResources took to complete: 88ms
09-19 00:29:49.652 1814-2045/system_process I/InputReader: Device added: id=-1, name='Virtual', sources=0x00000301
09-19 00:29:49.653 1814-2045/system_process I/InputReader: Touch device 'synaptics_dsx' could not query the properties of its associated display.  The device will be inoperable until the display size becomes available.
    Device added: id=6, name='synaptics_dsx', sources=0x00001103
    Device added: id=5, name='gpio-keys', sources=0x80000101
    Device added: id=4, name='qpnp_pon', sources=0x00000101
    Device added: id=3, name='uinput-goodix', sources=0x00000101
    Device added: id=2, name='msm8998-tasha-snd-card Headset Jack', sources=0x80000000
    Device added: id=1, name='msm8998-tasha-snd-card Button Jack', sources=0x00000101
09-19 00:29:49.654 1814-1814/system_process I/WindowManager: SAFE MODE not enabled
09-19 00:29:49.654 1814-1814/system_process I/SystemServer: StartInputMethodManagerLifecycle
09-19 00:29:49.654 1814-1814/system_process I/SystemServiceManager: Starting com.android.server.inputmethod.InputMethodManagerService$Lifecycle
09-19 00:29:49.671 1814-1895/system_process D/PinnerService: pinRangeStream: null
09-19 00:29:49.672 771-771/? D/libEGL: loaded /vendor/lib/egl/libEGL_adreno.so
09-19 00:29:49.679 771-771/? D/libEGL: loaded /vendor/lib/egl/libGLESv1_CM_adreno.so
09-19 00:29:49.682 771-771/? D/libEGL: loaded /vendor/lib/egl/libGLESv2_adreno.so
09-19 00:29:49.702 771-771/? I/Zygote: Preloading shared libraries...
09-19 00:29:49.701 1814-1895/system_process D/PinnerService: pinRangeStream: null
09-19 00:29:49.704 1814-1814/system_process D/SystemServerTiming: StartInputMethodManagerLifecycle took to complete: 49ms
09-19 00:29:49.704 1814-1814/system_process I/SystemServer: StartAccessibilityManagerService
09-19 00:29:49.704 1814-1814/system_process I/SystemServiceManager: Starting com.android.server.accessibility.AccessibilityManagerService$Lifecycle
09-19 00:29:49.706 771-771/? I/Zygote: Called ZygoteHooks.endPreload()
09-19 00:29:49.707 771-771/? I/Zygote: Installed AndroidKeyStoreProvider in 0ms.
09-19 00:29:49.707 1814-1895/system_process D/PinnerService: pinRangeStream: null
09-19 00:29:49.710 1814-1814/system_process D/SystemServerTiming: StartAccessibilityManagerService took to complete: 6ms
09-19 00:29:49.710 1814-1814/system_process I/SystemServer: MakeDisplayReady
09-19 00:29:49.711 771-771/? I/Zygote: Warmed up JCA providers in 5ms.
09-19 00:29:49.711 771-771/? D/Zygote: end preload
09-19 00:29:49.711 1814-2023/system_process D/SystemServerTimingAsync: SecondaryZygotePreload took to complete: 517ms
09-19 00:29:49.711 1814-1814/system_process W/InputReader: Device has associated, but no associated display id.
09-19 00:29:49.711 1814-2023/system_process D/SystemServerInitThreadPool: Finished executing SecondaryZygotePreload
09-19 00:29:49.716 1814-1814/system_process I/ActivityTaskManager: Config changes=20005df8 {1.0 ?mcc?mnc [en_US] ldltr sw432dp w432dp h792dp 400dpi nrml long port ?uimode ?night finger -keyb/h/h -nav/h winConfig={ mBounds=Rect(0, 0 - 1080, 2160) mAppBounds=Rect(0, 0 - 1080, 2040) mWindowingMode=fullscreen mDisplayWindowingMode=fullscreen mActivityType=undefined mAlwaysOnTop=undefined mRotation=ROTATION_0} s.2}
09-19 00:29:49.727 1814-1814/system_process I/ActivityTaskManager: Override config changes=60007dfc {1.0 ?mcc?mnc [en_US] ldltr sw432dp w432dp h792dp 400dpi nrml long port ?uimode ?night finger -keyb/h/h -nav/h winConfig={ mBounds=Rect(0, 0 - 1080, 2160) mAppBounds=Rect(0, 0 - 1080, 2040) mWindowingMode=fullscreen mDisplayWindowingMode=fullscreen mActivityType=undefined mAlwaysOnTop=undefined mRotation=ROTATION_0} s.2} for displayId=0
09-19 00:29:49.730 1814-1814/system_process D/SystemServerTiming: MakeDisplayReady took to complete: 20ms
09-19 00:29:49.731 1814-1814/system_process I/SystemServer: StartStorageManagerService
09-19 00:29:49.731 1814-1814/system_process I/SystemServiceManager: Starting com.android.server.StorageManagerService$Lifecycle
09-19 00:29:49.731 1814-1887/system_process I/InputManager-JNI: Viewport [0] to add: local:0
09-19 00:29:49.732 1814-2045/system_process I/InputReader: Reconfiguring input devices.  changes=0x00000004
    Device reconfigured: id=6, name='synaptics_dsx', size 1080x2160, orientation 0, mode 1, display id 0
09-19 00:29:49.740 1814-1895/system_process D/PinnerService: pinRangeStream: null
09-19 00:29:49.741 1814-1895/system_process D/PinnerService: pinRangeStream: null
09-19 00:29:49.742 1814-2048/system_process D/StorageManagerService: Thinking about init, mBootCompleted=false, mDaemonConnected=true
09-19 00:29:49.742 1814-1814/system_process D/SystemServerTiming: StartStorageManagerService took to complete: 12ms
09-19 00:29:49.742 1814-1814/system_process I/SystemServer: StartStorageStatsService
09-19 00:29:49.742 1814-2048/system_process D/StorageManagerService: Thinking about reset, mBootCompleted=false, mDaemonConnected=true
09-19 00:29:49.742 1814-1814/system_process I/SystemServiceManager: Starting com.android.server.usage.StorageStatsService$Lifecycle
09-19 00:29:49.742 1814-2048/system_process D/StorageManagerService: Thinking about init, mBootCompleted=false, mDaemonConnected=true
    Thinking about reset, mBootCompleted=false, mDaemonConnected=true
09-19 00:29:49.743 953-2012/? D/installd: Found quota mount /dev/block/bootdevice/by-name/userdata at /data
09-19 00:29:49.760 1814-1895/system_process D/PinnerService: pinRangeStream: null
09-19 00:29:49.775 1814-1814/system_process D/SystemServerTiming: StartStorageStatsService took to complete: 32ms
09-19 00:29:49.775 1814-1814/system_process I/SystemServer: StartUiModeManager
09-19 00:29:49.775 1814-1814/system_process I/SystemServiceManager: Starting com.android.server.UiModeManagerService
09-19 00:29:49.777 1814-2049/system_process D/SystemServerInitThreadPool: Started executing UiModeManager.onStart
09-19 00:29:49.778 1814-1814/system_process D/SystemServerTiming: StartUiModeManager took to complete: 4ms
09-19 00:29:49.778 1814-1814/system_process I/SystemServer: UpdatePackagesIfNeeded
09-19 00:29:49.778 1814-1814/system_process I/Watchdog: Pausing HandlerChecker: main thread for reason: dexopt. Pause count: 1
    Resuming HandlerChecker: main thread for reason: dexopt. Pause count: 0
09-19 00:29:49.778 1814-1814/system_process D/SystemServerTiming: UpdatePackagesIfNeeded took to complete: 0ms
09-19 00:29:49.778 1814-1814/system_process I/SystemServer: PerformFstrimIfNeeded
09-19 00:29:49.778 1814-1814/system_process D/SystemServerTiming: PerformFstrimIfNeeded took to complete: 0ms
09-19 00:29:49.779 1814-1814/system_process I/SystemServer: StartLockSettingsService
09-19 00:29:49.779 1814-1814/system_process I/SystemServiceManager: Starting com.android.server.locksettings.LockSettingsService$Lifecycle
09-19 00:29:49.787 1814-1895/system_process D/PinnerService: pinRangeStream: null
09-19 00:29:49.788 1814-1895/system_process D/PinnerService: pinRangeStream: null
09-19 00:29:49.796 1814-1814/system_process D/SystemServerTiming: StartLockSettingsService took to complete: 18ms
09-19 00:29:49.796 1814-1814/system_process I/SystemServer: StartPersistentDataBlock
09-19 00:29:49.796 1814-1814/system_process I/SystemServiceManager: Starting com.android.server.PersistentDataBlockService
09-19 00:29:49.797 1814-1814/system_process D/SystemServerTiming: StartPersistentDataBlock took to complete: 1ms
09-19 00:29:49.797 1814-2049/system_process I/ActivityTaskManager: Config changes=200 {1.0 ?mcc?mnc [en_US] ldltr sw432dp w432dp h792dp 400dpi nrml long port night finger -keyb/h/h -nav/h winConfig={ mBounds=Rect(0, 0 - 1080, 2160) mAppBounds=Rect(0, 0 - 1080, 2040) mWindowingMode=fullscreen mDisplayWindowingMode=fullscreen mActivityType=undefined mAlwaysOnTop=undefined mRotation=ROTATION_0} s.4}
09-19 00:29:49.797 1814-1814/system_process I/SystemServer: StartTestHarnessMode
09-19 00:29:49.798 1814-1814/system_process I/SystemServiceManager: Starting com.android.server.testharness.TestHarnessModeService
09-19 00:29:49.798 1814-2050/system_process D/SystemServerInitThreadPool: Started executing PersistentDataBlockService.onStart
09-19 00:29:49.799 1814-1814/system_process D/SystemServerTiming: StartTestHarnessMode took to complete: 2ms
09-19 00:29:49.799 1814-1814/system_process I/SystemServer: StartOemLockService
09-19 00:29:49.799 1814-1814/system_process I/SystemServiceManager: Starting com.android.server.oemlock.OemLockService
09-19 00:29:49.760 953-2012/? D/installd: Found quota mount /dev/block/bootdevice/by-name/userdata at /data
09-19 00:29:49.801 586-586/? I/hwservicemanager: getTransport: Cannot find entry android.hardware.oemlock@1.0::IOemLock/default in either framework or device manifest.
09-19 00:29:49.801 1814-1814/system_process I/OemLock: OemLock HAL not present on device
    Using persistent data block based lock
09-19 00:29:49.803 1814-2050/system_process E/PersistentDataBlockService: not able to find package com.google.android.gms
    android.content.pm.PackageManager$NameNotFoundException: com.google.android.gms
        at android.app.ApplicationPackageManager.getPackageUidAsUser(ApplicationPackageManager.java:311)
        at com.android.server.PersistentDataBlockService.getAllowedUid(PersistentDataBlockService.java:153)
        at com.android.server.PersistentDataBlockService.lambda$onStart$0$PersistentDataBlockService(PersistentDataBlockService.java:166)
        at com.android.server.-$$Lambda$PersistentDataBlockService$EZl9OYaT2eNL7kfSr2nKUBjxidk.run(Unknown Source:2)
        at com.android.server.SystemServerInitThreadPool.lambda$submit$0$SystemServerInitThreadPool(SystemServerInitThreadPool.java:72)
        at com.android.server.-$$Lambda$SystemServerInitThreadPool$jLyL3DFmbjsFesU5SGktD3NoWSc.run(Unknown Source:6)
        at java.util.concurrent.Executors$RunnableAdapter.call(Executors.java:462)
        at java.util.concurrent.FutureTask.run(FutureTask.java:266)
        at java.util.concurrent.ThreadPoolExecutor.runWorker(ThreadPoolExecutor.java:1167)
        at java.util.concurrent.ThreadPoolExecutor$Worker.run(ThreadPoolExecutor.java:641)
        at com.android.internal.util.ConcurrentUtils$1$1.run(ConcurrentUtils.java:62)
09-19 00:29:49.803 1814-1814/system_process D/SystemServerTiming: StartOemLockService took to complete: 4ms
09-19 00:29:49.803 1814-1814/system_process I/SystemServer: StartDeviceIdleController
09-19 00:29:49.803 1814-1814/system_process I/SystemServiceManager: Starting com.android.server.DeviceIdleController
09-19 00:29:49.821 1814-2049/system_process I/ActivityTaskManager: Override config changes=200 {1.0 ?mcc?mnc [en_US] ldltr sw432dp w432dp h792dp 400dpi nrml long port night finger -keyb/h/h -nav/h winConfig={ mBounds=Rect(0, 0 - 1080, 2160) mAppBounds=Rect(0, 0 - 1080, 2040) mWindowingMode=fullscreen mDisplayWindowingMode=fullscreen mActivityType=undefined mAlwaysOnTop=undefined mRotation=ROTATION_0} s.4} for displayId=0
09-19 00:29:49.827 1814-2049/system_process D/SystemServerInitThreadPool: Finished executing UiModeManager.onStart
09-19 00:29:49.828 1814-1814/system_process D/SystemServerTiming: StartDeviceIdleController took to complete: 24ms
09-19 00:29:49.828 1814-1814/system_process I/SystemServer: StartDevicePolicyManager
09-19 00:29:49.828 1814-1814/system_process I/SystemServiceManager: Starting com.android.server.devicepolicy.DevicePolicyManagerService$Lifecycle
09-19 00:29:49.834 1814-1814/system_process D/SystemServerTiming: StartDevicePolicyManager took to complete: 6ms
09-19 00:29:49.834 1814-1814/system_process I/SystemServer: StartStatusBarManagerService
09-19 00:29:49.834 1814-1814/system_process D/SystemServerTiming: StartStatusBarManagerService took to complete: 0ms
09-19 00:29:49.835 1814-1814/system_process D/SystemServer: ContentCaptureService disabled because resource is not overlaid
    AttentionService is not configured on this device
    SystemCaptionsManagerService disabled because resource is not overlaid
    AppPredictionService not defined by OEM
    ContentSuggestionsService not defined by OEM
09-19 00:29:49.835 1814-1814/system_process I/SystemServer: InitNetworkStackClient
09-19 00:29:49.838 1814-1814/system_process D/SystemServerTiming: InitNetworkStackClient took to complete: 3ms
09-19 00:29:49.839 1814-1814/system_process I/SystemServer: StartNetworkManagementService
09-19 00:29:49.840 922-922/? E/QTI_SDM_INFO: [qti_rmnet_peripheral.c:739] qti_file_open():Could not open device file. Errno 2 error msg=No such file or directory
09-19 00:29:49.841 769-1093/? I/netd: registerUnsolicitedEventListener() <0.04ms>
09-19 00:29:49.842 1814-1814/system_process D/SystemServerTiming: StartNetworkManagementService took to complete: 4ms
09-19 00:29:49.842 1814-1814/system_process I/SystemServer: StartIpSecService
09-19 00:29:49.842 1814-2050/system_process D/SystemServerInitThreadPool: Finished executing PersistentDataBlockService.onStart
09-19 00:29:49.843 1814-1814/system_process D/SystemServerTiming: StartIpSecService took to complete: 0ms
09-19 00:29:49.843 1814-1814/system_process I/SystemServer: StartTextServicesManager
09-19 00:29:49.843 1814-1814/system_process I/SystemServiceManager: Starting com.android.server.textservices.TextServicesManagerService$Lifecycle
09-19 00:29:49.844 1814-1814/system_process D/SystemServerTiming: StartTextServicesManager took to complete: 1ms
09-19 00:29:49.844 1814-1814/system_process I/SystemServer: StartTextClassificationManagerService
09-19 00:29:49.844 1814-1814/system_process I/SystemServiceManager: Starting com.android.server.textclassifier.TextClassificationManagerService$Lifecycle
09-19 00:29:49.844 1814-1814/system_process D/SystemServerTiming: StartTextClassificationManagerService took to complete: 1ms
09-19 00:29:49.844 1814-1814/system_process I/SystemServer: StartNetworkScoreService
09-19 00:29:49.844 1814-1814/system_process I/SystemServiceManager: Starting com.android.server.NetworkScoreService$Lifecycle
09-19 00:29:49.845 1814-1814/system_process I/NetworkScoreService: Registering network_score
09-19 00:29:49.845 1814-1814/system_process D/SystemServerTiming: StartNetworkScoreService took to complete: 1ms
09-19 00:29:49.845 1814-1814/system_process I/SystemServer: StartNetworkStatsService
09-19 00:29:49.847 1814-1814/system_process D/SystemServerTiming: StartNetworkStatsService took to complete: 2ms
09-19 00:29:49.847 1814-1814/system_process I/SystemServer: StartNetworkPolicyManagerService
09-19 00:29:49.850 1814-1814/system_process D/SystemServerTiming: StartNetworkPolicyManagerService took to complete: 2ms
09-19 00:29:49.850 1814-1814/system_process I/SystemServer: StartWifi
09-19 00:29:49.851 1814-1814/system_process I/SystemServiceManager: Starting com.android.server.wifi.WifiService
09-19 00:29:49.881 1814-1814/system_process E/HostapdHal: Malformed channel value detected: java.lang.NumberFormatException: For input string: ""
09-19 00:29:49.890 1814-1814/system_process D/WifiCountryCode: mDefaultCountryCode null mRevertCountryCodeOnCellularLoss false
09-19 00:29:49.890 1814-1814/system_process D/WifiApConfigStore: 2G band allowed channels are:1,6,11
09-19 00:29:49.892 1814-1814/system_process E/WifiScoringParams: Inconsistent config_wifi_framework_ resources: rssi2=-100:-80:-100:-60,rssi5=-100:-77:-100:-57,pps=0:1:100,horizon=15,nud=8,expid=0
    java.lang.IllegalArgumentException
        at com.android.server.wifi.ScoringParams$Values.validateRange(ScoringParams.java:120)
        at com.android.server.wifi.ScoringParams$Values.validateRssiArray(ScoringParams.java:113)
        at com.android.server.wifi.ScoringParams$Values.validate(ScoringParams.java:101)
        at com.android.server.wifi.ScoringParams.loadResources(ScoringParams.java:234)
        at com.android.server.wifi.ScoringParams.<init>(ScoringParams.java:212)
        at com.android.server.wifi.WifiInjector.<init>(WifiInjector.java:265)
        at com.android.server.wifi.WifiService.<init>(WifiService.java:32)
        at java.lang.reflect.Constructor.newInstance0(Native Method)
        at java.lang.reflect.Constructor.newInstance(Constructor.java:343)
        at com.android.server.SystemServiceManager.startService(SystemServiceManager.java:102)
        at com.android.server.SystemServiceManager.startService(SystemServiceManager.java:76)
        at com.android.server.SystemServer.startOtherServices(SystemServer.java:1356)
        at com.android.server.SystemServer.run(SystemServer.java:529)
        at com.android.server.SystemServer.main(SystemServer.java:356)
        at java.lang.reflect.Method.invoke(Native Method)
        at com.android.internal.os.RuntimeInit$MethodAndArgsCaller.run(RuntimeInit.java:491)
        at com.android.internal.os.ZygoteInit.main(ZygoteInit.java:918)
09-19 00:29:49.893 1814-1814/system_process I/DropBoxManagerService: add tag=system_server_wtf isTagEnabled=true flags=0x2
09-19 00:29:49.952 1814-1885/system_process I/DropBoxManagerService: add tag=system_server_strictmode isTagEnabled=true flags=0x2
09-19 00:29:49.955 1814-1814/system_process I/WifiScoringParams: rssi2=-100:-80:-100:-60,rssi5=-100:-77:-100:-57,pps=0:1:100,horizon=15,nud=8,expid=0
09-19 00:29:50.003 1814-1814/system_process D/WifiOpenNetworkNotifier: Settings toggle enabled=true
09-19 00:29:50.003 1814-1814/system_process D/WifiCarrierNetworkNotifier: Settings toggle enabled=true
09-19 00:29:50.006 1814-1814/system_process D/WifiActiveModeWarden: Starting Wifi in WifiDisabledState
09-19 00:29:50.006 1814-2056/system_process D/WifiActiveModeWarden: Entering WifiDisabledState
09-19 00:29:50.006 1814-1814/system_process D/WakeupController: WifiWake enabled
09-19 00:29:50.007 1814-1814/system_process E/WifiClientModeImpl: getWifiLinkLayerStats called without an interface
09-19 00:29:50.009 1814-1814/system_process E/SupplicantStaIfaceHal: Can't call setDebugParams, ISupplicant is null
09-19 00:29:50.009 1814-1814/system_process I/WifiService: Registering wifi
09-19 00:29:49.992 1814-1885/system_process I/chatty: uid=1000(system) android.io identical 12 lines
09-19 00:29:49.995 1814-1885/system_process I/DropBoxManagerService: add tag=system_server_strictmode isTagEnabled=true flags=0x2
09-19 00:29:50.009 1814-1814/system_process D/SystemServerTiming: StartWifi took to complete: 160ms
09-19 00:29:50.009 1814-1814/system_process I/SystemServer: StartWifiScanning
09-19 00:29:50.010 1814-1814/system_process I/SystemServiceManager: Starting com.android.server.wifi.scanner.WifiScanningService
09-19 00:29:50.010 1814-1814/system_process I/WifiScanningService: Creating wifiscanner
09-19 00:29:50.011 1814-1814/system_process I/WifiScanningService: Publishing wifiscanner
09-19 00:29:50.011 1814-1814/system_process D/SystemServerTiming: StartWifiScanning took to complete: 2ms
09-19 00:29:50.011 1814-1814/system_process I/SystemServer: StartWifiP2P
09-19 00:29:50.011 1814-1814/system_process I/SystemServiceManager: Starting com.android.server.wifi.p2p.WifiP2pService
09-19 00:29:50.014 927-1078/? I/ThermalEngine: vs_get_temperature: read[0] xo_therm 42000 mC, weight[0] 2
09-19 00:29:50.015 927-1078/? I/ThermalEngine: vs_get_temperature: read[1] quiet_therm 33000 mC, weight[1] 1
09-19 00:29:50.016 1814-1814/system_process W/HalDevMgr: isWifiStarted called but mWifi is null!?
09-19 00:29:50.016 1814-1814/system_process I/WifiP2pService: Registering wifip2p
09-19 00:29:50.016 927-1070/? I/ThermalEngine: vs_get_temperature: read[0] xo_therm 42000 mC, weight[0] 2
09-19 00:29:50.017 1814-1814/system_process D/SystemServerTiming: StartWifiP2P took to complete: 5ms
09-19 00:29:50.017 1814-1814/system_process I/SystemServer: StartEthernet
09-19 00:29:50.017 1814-1814/system_process I/SystemServiceManager: Starting com.android.server.ethernet.EthernetService
09-19 00:29:50.017 1814-1814/system_process I/EthernetService: Registering service ethernet
09-19 00:29:50.017 927-1070/? I/ThermalEngine: vs_get_temperature: read[1] quiet_therm 33000 mC, weight[1] 1
09-19 00:29:50.017 1814-1814/system_process D/SystemServerTiming: StartEthernet took to complete: 1ms
09-19 00:29:50.017 1814-1814/system_process I/SystemServer: StartConnectivityService
09-19 00:29:50.018 927-1078/? I/ThermalEngine: vs_get_temperature: read[0] xo_therm 42000 mC, weight[0] 2
09-19 00:29:50.019 927-1078/? I/ThermalEngine: vs_get_temperature: read[1] quiet_therm 33000 mC, weight[1] 1
    handle_thresh_sig: SS Id SS-CLUSTER1-SP0, Read SKIN-VIRTUAL-SENSOR 39000mC
09-19 00:29:50.020 1814-1814/system_process D/ConnectivityService: ConnectivityService starting up
09-19 00:29:50.022 1814-1814/system_process D/ConnectivityService: wifiOnly=false
09-19 00:29:50.034 1814-1814/system_process D/SystemServerTiming: StartConnectivityService took to complete: 17ms
09-19 00:29:50.034 1814-1814/system_process I/SystemServer: StartNsdService
09-19 00:29:50.035 1814-1814/system_process D/NsdService: Network service discovery is enabled
09-19 00:29:50.038 1814-1814/system_process D/SystemServerTiming: StartNsdService took to complete: 4ms
09-19 00:29:50.039 1814-1814/system_process I/SystemServer: StartSystemUpdateManagerService
09-19 00:29:50.039 1814-1814/system_process I/SystemUpdateManagerService: No existing info file /data/system/system-update-info.xml
09-19 00:29:50.039 1814-1814/system_process D/SystemServerTiming: StartSystemUpdateManagerService took to complete: 1ms
09-19 00:29:50.039 1814-1814/system_process I/SystemServer: StartUpdateLockService
09-19 00:29:50.040 1814-1814/system_process D/SystemServerTiming: StartUpdateLockService took to complete: 1ms
09-19 00:29:50.040 1814-1814/system_process I/SystemServer: StartNotificationManager
09-19 00:29:50.040 1814-1814/system_process I/SystemServiceManager: Starting com.android.server.notification.NotificationManagerService
09-19 00:29:50.052 953-2012/? W/cutils: Expected path /data/user_de/0/ru.bluecat.android.xposed.mods.appsettings with mode 700 but found 755
09-19 00:29:50.056 1044-1044/? I/Atfwd_Daemon: qmi_client_init_instance status retry : 2
     qmi_client_init_instance....
09-19 00:29:50.057 1044-1044/? I/Atfwd_Daemon: qmi_client_init_instance status: 0, num_retries: 3, retryCnt: 2
    qmi_client_register_error_cb status: 0
    result : 0 	 ,Init step :1 	 ,qmiErrorCode: 0
     Back to main.
     tryinit complete with connectresult: 0
     TrtyInit: retryCnt: 1
    Invalid type 2
     tryinit complete with connectresult: 0
    Trying to register 8 commands:
    cmd0: +CKPD
    sending QMI_AT_REG_AT_CMD_FWD_REQ_V01 message
09-19 00:29:50.058 1044-1044/? I/Atfwd_Daemon: cmd1: +CTSA
    sending QMI_AT_REG_AT_CMD_FWD_REQ_V01 message
    cmd2: +CFUN
    sending QMI_AT_REG_AT_CMD_FWD_REQ_V01 message
09-19 00:29:50.059 1044-1044/? I/Atfwd_Daemon: cmd3: +CMAR
    sending QMI_AT_REG_AT_CMD_FWD_REQ_V01 message
    cmd4: +CDIS
    sending QMI_AT_REG_AT_CMD_FWD_REQ_V01 message
    cmd5: +CRSL
    sending QMI_AT_REG_AT_CMD_FWD_REQ_V01 message
09-19 00:29:50.059 1814-1814/system_process D/ConditionProviders.SCP: new ScheduleConditionProvider()
09-19 00:29:50.060 1044-1044/? I/Atfwd_Daemon: cmd6: +CSS
    sending QMI_AT_REG_AT_CMD_FWD_REQ_V01 message
    cmd7: $QCPWRDN
    sending QMI_AT_REG_AT_CMD_FWD_REQ_V01 message
    Registered AT Commands event handler
    Waiting for ctrCond
09-19 00:29:50.078 1814-1814/system_process I/NotificationListeners: Read notification listener permissions from xml
09-19 00:29:50.078 1814-1814/system_process I/NotificationAssistants: Read notification assistant permissions from xml
09-19 00:29:50.078 1814-1814/system_process I/ConditionProviders: Read condition provider permissions from xml
    Read condition provider permissions from xml
09-19 00:29:50.079 1814-1814/system_process D/NotificationAssistants: Approving default notification assistant for user 0
09-19 00:29:50.079 1814-1814/system_process I/ConditionProviders:  Allowing condition provider android.ext.services/android.ext.services.notification.Assistant
09-19 00:29:50.080 1814-1814/system_process D/NotificationService: Set default NAS to be android.ext.services/android.ext.services.notification.Assistant in 0
09-19 00:29:50.090 585-585/? E/ServiceManager: add_service('notification',6b) uid=1000 - ALREADY REGISTERED, OVERRIDE
09-19 00:29:50.090 585-585/? I/ServiceManager: service 'notification' died
09-19 00:29:50.091 1814-1814/system_process D/SystemServerTiming: StartNotificationManager took to complete: 51ms
09-19 00:29:50.091 1814-1814/system_process I/SystemServer: StartDeviceMonitor
09-19 00:29:50.091 1814-1814/system_process I/SystemServiceManager: Starting com.android.server.storage.DeviceStorageMonitorService
09-19 00:29:50.093 1814-1814/system_process D/SystemServerTiming: StartDeviceMonitor took to complete: 1ms
09-19 00:29:50.093 1814-1814/system_process I/SystemServer: StartLocationManagerService
09-19 00:29:50.093 1814-1814/system_process D/SystemServerTiming: StartLocationManagerService took to complete: 1ms
09-19 00:29:50.093 1814-1814/system_process I/SystemServer: StartCountryDetectorService
09-19 00:29:50.094 1814-1814/system_process D/SystemServerTiming: StartCountryDetectorService took to complete: 0ms
09-19 00:29:50.094 1814-1814/system_process I/SystemServer: StartTimeDetectorService
09-19 00:29:50.094 1814-1814/system_process I/SystemServiceManager: Starting com.android.server.timedetector.TimeDetectorService$Lifecycle
09-19 00:29:50.094 1814-1814/system_process D/SystemServerTiming: StartTimeDetectorService took to complete: 1ms
09-19 00:29:50.094 1814-1814/system_process I/SystemServer: StartSearchManagerService
09-19 00:29:50.095 1814-1814/system_process I/SystemServiceManager: Starting com.android.server.search.SearchManagerService$Lifecycle
09-19 00:29:50.097 1814-1814/system_process D/SystemServerTiming: StartSearchManagerService took to complete: 3ms
09-19 00:29:50.097 1814-1814/system_process I/SystemServer: StartWallpaperManagerService
09-19 00:29:50.097 1814-1814/system_process I/SystemServiceManager: Starting com.android.server.wallpaper.WallpaperManagerService$Lifecycle
09-19 00:29:50.099 1814-1814/system_process D/SystemServerTiming: StartWallpaperManagerService took to complete: 2ms
09-19 00:29:50.099 1814-1814/system_process I/SystemServer: StartAudioService
09-19 00:29:50.099 1814-1814/system_process I/SystemServiceManager: Starting com.android.server.audio.AudioService$Lifecycle
09-19 00:29:50.105 1814-1814/system_process I/android_os_HwBinder: HwBinder: Starting thread pool for getting: android.hidl.manager@1.0::IServiceManager/default
09-19 00:29:50.109 833-1333/? W/AudioFlinger: no wake lock to update, system not ready yet
09-19 00:29:50.109 833-1357/? W/AudioFlinger: no wake lock to update, system not ready yet
09-19 00:29:50.109 833-1332/? W/AudioFlinger: no wake lock to update, system not ready yet
09-19 00:29:50.111 833-833/? D/PermissionCache: checking android.permission.MODIFY_AUDIO_ROUTING for uid=1000 => granted (627 us)
09-19 00:29:50.111 833-833/? D/AudioPolicyManagerCustom: setForceUse() usage 4, config 0, mPhoneState 0
09-19 00:29:50.111 1814-1814/system_process W/TelecomManager: Telecom Service not found.
09-19 00:29:50.111 833-833/? D/AudioPolicyManagerCustom: setForceUse() usage 3, config 8, mPhoneState 0
09-19 00:29:50.115 833-894/? D/AudioPolicyManagerCustom: setForceUse() usage 6, config 0, mPhoneState 0
09-19 00:29:50.116 833-833/? D/PermissionCache: checking android.permission.MODIFY_AUDIO_SETTINGS for uid=1000 => granted (297 us)
09-19 00:29:50.117 777-854/? D/audio_hw_primary: adev_set_mic_mute state 0
09-19 00:29:50.117 777-854/? W/DeviceHAL: Error from HAL Device in function set_mic_mute: Function not implemented
    Error from HAL Device in function set_mic_mute: Function not implemented
09-19 00:29:50.117 1814-1814/system_process E/AudioSystem-JNI: Command failed for android_media_AudioSystem_muteMicrophone: -38
09-19 00:29:50.120 1814-2013/system_process D/SystemServerTimingAsync: AppDataPrepare took to complete: 867ms
09-19 00:29:50.120 1814-2013/system_process I/PackageManager: Deferred reconcileAppsData finished 190 packages
09-19 00:29:50.120 1814-2013/system_process D/SystemServerInitThreadPool: Finished executing prepareAppData
09-19 00:29:50.144 833-2072/? D/AudioFlinger: isLowRamDevice:false totalMemory:6004461568 mClientSharedHeapSize:33554432
09-19 00:29:50.145 833-833/? D/AudioPolicyManagerCustom: setForceUse() usage 7, config 0, mPhoneState 0
09-19 00:29:50.146 1814-1814/system_process D/SystemServerTiming: StartAudioService took to complete: 46ms
09-19 00:29:50.146 1814-1814/system_process I/SystemServer: StartDockObserver
09-19 00:29:50.146 1814-1814/system_process I/SystemServiceManager: Starting com.android.server.DockObserver
09-19 00:29:50.147 1814-1814/system_process W/DockObserver: This kernel does not have dock station support
09-19 00:29:50.147 1814-1814/system_process D/SystemServerTiming: StartDockObserver took to complete: 1ms
09-19 00:29:50.147 1814-1814/system_process I/SystemServer: StartWiredAccessoryManager
09-19 00:29:50.148 1814-1814/system_process W/WiredAccessoryManager: This kernel does not have usb audio support
09-19 00:29:50.149 1814-1814/system_process D/SystemServerTiming: StartWiredAccessoryManager took to complete: 1ms
09-19 00:29:50.149 1814-1814/system_process I/SystemServer: StartMidiManager
09-19 00:29:50.149 1814-1814/system_process I/SystemServiceManager: Starting com.android.server.midi.MidiService$Lifecycle
09-19 00:29:50.150 1814-1814/system_process D/SystemServerTiming: StartMidiManager took to complete: 1ms
09-19 00:29:50.150 1814-1814/system_process I/SystemServer: StartAdbService
09-19 00:29:50.150 1814-1814/system_process I/SystemServiceManager: Starting com.android.server.adb.AdbService$Lifecycle
09-19 00:29:50.152 1814-1814/system_process D/SystemServerTiming: StartAdbService took to complete: 2ms
09-19 00:29:50.152 1814-1814/system_process I/SystemServer: StartUsbService
09-19 00:29:50.152 1814-1814/system_process I/SystemServiceManager: Starting com.android.server.usb.UsbService$Lifecycle
09-19 00:29:50.156 1814-1814/system_process E/UsbDeviceManager: failed to write to /sys/class/android_usb/android0/f_rndis/ethaddr
09-19 00:29:50.157 586-586/? I/hwservicemanager: getTransport: Cannot find entry android.hardware.usb.gadget@1.0::IUsbGadget/default in either framework or device manifest.
09-19 00:29:50.159 1814-1814/system_process I/UsbDeviceManager: USB GADGET HAL not present in the device
    java.util.NoSuchElementException
        at android.os.HwBinder.getService(Native Method)
        at android.hardware.usb.gadget.V1_0.IUsbGadget.getService(IUsbGadget.java:55)
        at android.hardware.usb.gadget.V1_0.IUsbGadget.getService(IUsbGadget.java:62)
        at com.android.server.usb.UsbDeviceManager.<init>(UsbDeviceManager.java:266)
        at com.android.server.usb.UsbService.<init>(UsbService.java:150)
        at com.android.server.usb.UsbService$Lifecycle.onStart(UsbService.java:84)
        at com.android.server.SystemServiceManager.startService(SystemServiceManager.java:130)
        at com.android.server.SystemServiceManager.startService(SystemServiceManager.java:117)
        at com.android.server.SystemServiceManager.startService(SystemServiceManager.java:76)
        at com.android.server.SystemServer.startOtherServices(SystemServer.java:1562)
        at com.android.server.SystemServer.run(SystemServer.java:529)
        at com.android.server.SystemServer.main(SystemServer.java:356)
        at java.lang.reflect.Method.invoke(Native Method)
        at com.android.internal.os.RuntimeInit$MethodAndArgsCaller.run(RuntimeInit.java:491)
        at com.android.internal.os.ZygoteInit.main(ZygoteInit.java:918)
09-19 00:29:50.159 1814-1814/system_process E/UsbDeviceManagerJNI: could not open control for mtp Permission denied
09-19 00:29:50.159 1814-1814/system_process E/UsbDeviceManager: Failed to open control for mtp
09-19 00:29:50.159 1814-1814/system_process E/UsbDeviceManagerJNI: could not open control for ptp Permission denied
09-19 00:29:50.159 1814-1814/system_process E/UsbDeviceManager: Failed to open control for ptp
09-19 00:29:50.174 1814-1814/system_process W/StorageManagerService: No primary storage defined yet; hacking together a stub
09-19 00:29:50.178 1814-1814/system_process I/android_os_HwBinder: HwBinder: Starting thread pool for getting: android.hidl.manager@1.0::IServiceManager/default
09-19 00:29:50.180 1814-1908/system_process I/UsbPortManager: Usb hal service started android.hardware.usb@1.0::IUsb default
09-19 00:29:50.182 1814-1908/system_process I/android_os_HwBinder: HwBinder: Starting thread pool for getting: android.hardware.usb@1.0::IUsb/default
09-19 00:29:50.183 797-797/? I/android.hardware.usb@1.0-service: registering callback
    otg_default
09-19 00:29:50.183 797-2076/? E/android.hardware.usb@1.0-service: creating thread
09-19 00:29:50.184 797-797/? I/android.hardware.usb@1.0-service: canChangeMode: 0 canChagedata: 0 canChangePower:0
09-19 00:29:50.186 1814-1814/system_process D/SystemServerTiming: StartUsbService took to complete: 34ms
09-19 00:29:50.186 1814-1814/system_process I/SystemServer: StartSerialService
09-19 00:29:50.187 1814-1814/system_process D/SystemServerTiming: StartSerialService took to complete: 2ms
09-19 00:29:50.187 1814-1814/system_process I/SystemServer: StartHardwarePropertiesManagerService
09-19 00:29:50.188 586-586/? I/hwservicemanager: getTransport: Cannot find entry android.hardware.thermal@1.0::IThermal/default in either framework or device manifest.
09-19 00:29:50.188 1814-1814/system_process E/HardwarePropertiesManagerService-JNI: Unable to get Thermal service.
09-19 00:29:50.188 1814-1814/system_process D/SystemServerTiming: StartHardwarePropertiesManagerService took to complete: 1ms
09-19 00:29:50.189 1814-1814/system_process I/SystemServer: StartTwilightService
09-19 00:29:50.189 1814-1814/system_process I/SystemServiceManager: Starting com.android.server.twilight.TwilightService
09-19 00:29:50.189 1814-1814/system_process D/SystemServerTiming: StartTwilightService took to complete: 1ms
09-19 00:29:50.189 1814-1814/system_process I/SystemServer: StartColorDisplay
09-19 00:29:50.189 1814-1814/system_process I/SystemServiceManager: Starting com.android.server.display.color.ColorDisplayService
09-19 00:29:50.192 1814-1814/system_process D/SystemServerTiming: StartColorDisplay took to complete: 2ms
09-19 00:29:50.192 1814-1814/system_process I/SystemServer: StartJobScheduler
09-19 00:29:50.192 1814-1814/system_process I/SystemServiceManager: Starting com.android.server.job.JobSchedulerService
09-19 00:29:50.198 1814-1814/system_process D/JobStore: Start tag: job-info
09-19 00:29:50.200 1814-1814/system_process I/JobStore: Read 7 jobs
09-19 00:29:50.209 1814-1814/system_process D/SystemServerTiming: StartJobScheduler took to complete: 16ms
09-19 00:29:50.209 1814-1814/system_process I/SystemServer: StartSoundTrigger
09-19 00:29:50.209 1814-1814/system_process I/SystemServiceManager: Starting com.android.server.soundtrigger.SoundTriggerService
09-19 00:29:50.211 1814-1814/system_process D/SystemServerTiming: StartSoundTrigger took to complete: 1ms
09-19 00:29:50.211 1814-1814/system_process I/SystemServer: StartTrustManager
09-19 00:29:50.211 1814-1814/system_process I/SystemServiceManager: Starting com.android.server.trust.TrustManagerService
09-19 00:29:50.214 1814-1814/system_process D/SystemServerTiming: StartTrustManager took to complete: 2ms
09-19 00:29:50.214 1814-1814/system_process I/SystemServer: StartBackupManager
09-19 00:29:50.214 1814-1814/system_process I/SystemServiceManager: Starting com.android.server.backup.BackupManagerService$Lifecycle
09-19 00:29:50.216 1814-1814/system_process D/SystemServerTiming: StartBackupManager took to complete: 3ms
09-19 00:29:50.217 1814-1814/system_process I/SystemServer: StartAppWidgetService
09-19 00:29:50.217 1814-1814/system_process I/SystemServiceManager: Starting com.android.server.appwidget.AppWidgetService
09-19 00:29:50.221 1814-1814/system_process D/SystemServerTiming: StartAppWidgetService took to complete: 4ms
09-19 00:29:50.221 1814-1814/system_process I/SystemServer: StartRoleManagerService
09-19 00:29:50.224 1814-1814/system_process D/SystemServerTiming: StartRoleManagerService took to complete: 3ms
09-19 00:29:50.225 1814-1814/system_process I/SystemServer: StartVoiceRecognitionManager
09-19 00:29:50.225 1814-1814/system_process I/SystemServiceManager: Starting com.android.server.voiceinteraction.VoiceInteractionManagerService
09-19 00:29:50.229 1814-1814/system_process I/RoleUserState: Read roles.xml successfully
09-19 00:29:50.230 1814-1814/system_process W/VoiceInteractionManagerService: Unable to resolve default voice recognition service.
09-19 00:29:50.230 1814-1814/system_process D/SystemServerTiming: StartVoiceRecognitionManager took to complete: 6ms
09-19 00:29:50.231 1814-1814/system_process I/SystemServer: StartGestureLauncher
09-19 00:29:50.231 1814-1814/system_process I/SystemServiceManager: Starting com.android.server.GestureLauncherService
09-19 00:29:50.231 1814-1814/system_process D/SystemServerTiming: StartGestureLauncher took to complete: 1ms
09-19 00:29:50.231 1814-1814/system_process I/SystemServer: StartSensorNotification
09-19 00:29:50.231 1814-1814/system_process I/SystemServiceManager: Starting com.android.server.SensorNotificationService
09-19 00:29:50.232 1814-1814/system_process D/SystemServerTiming: StartSensorNotification took to complete: 0ms
09-19 00:29:50.232 1814-1814/system_process I/SystemServer: StartContextHubSystemService
09-19 00:29:50.232 1814-1814/system_process I/SystemServiceManager: Starting com.android.server.ContextHubSystemService
09-19 00:29:50.232 1814-1814/system_process D/SystemServerTiming: StartContextHubSystemService took to complete: 1ms
09-19 00:29:50.232 1814-1814/system_process I/SystemServer: StartDiskStatsService
09-19 00:29:50.232 1814-1891/system_process D/SystemServerInitThreadPool: Started executing Init ContextHubSystemService
09-19 00:29:50.234 586-586/? I/hwservicemanager: getTransport: Cannot find entry android.hardware.contexthub@1.0::IContexthub/default in either framework or device manifest.
09-19 00:29:50.234 1814-1891/system_process I/ContextHubService: Context Hub HAL service not found
09-19 00:29:50.234 1814-1814/system_process D/SystemServerTiming: StartDiskStatsService took to complete: 2ms
09-19 00:29:50.234 1814-1891/system_process D/SystemServerInitThreadPool: Finished executing Init ContextHubSystemService
09-19 00:29:50.234 1814-1814/system_process I/SystemServer: RuntimeService
09-19 00:29:50.235 1814-1814/system_process D/SystemServerTiming: RuntimeService took to complete: 1ms
09-19 00:29:50.236 1814-1814/system_process I/SystemServer: StartNetworkTimeUpdateService
09-19 00:29:50.236 1814-1814/system_process D/SystemServer: Using networkTimeUpdater class=class com.android.server.NewNetworkTimeUpdateService
09-19 00:29:50.237 1814-1814/system_process D/SystemServerTiming: StartNetworkTimeUpdateService took to complete: 2ms
09-19 00:29:50.237 1814-1814/system_process I/SystemServer: CertBlacklister
09-19 00:29:50.238 1814-1814/system_process D/SystemServerTiming: CertBlacklister took to complete: 1ms
09-19 00:29:50.239 1814-1814/system_process I/SystemServer: StartEmergencyAffordanceService
09-19 00:29:50.239 1814-1814/system_process I/SystemServiceManager: Starting com.android.server.emergency.EmergencyAffordanceService
09-19 00:29:50.239 1814-1814/system_process D/SystemServerTiming: StartEmergencyAffordanceService took to complete: 1ms
09-19 00:29:50.239 1814-1814/system_process I/SystemServer: StartDreamManager
09-19 00:29:50.239 1814-1814/system_process I/SystemServiceManager: Starting com.android.server.dreams.DreamManagerService
09-19 00:29:50.242 1814-1814/system_process D/SystemServerTiming: StartDreamManager took to complete: 2ms
09-19 00:29:50.242 1814-1814/system_process I/SystemServer: AddGraphicsStatsService
09-19 00:29:50.244 1814-1814/system_process D/SystemServerTiming: AddGraphicsStatsService took to complete: 3ms
09-19 00:29:50.245 1814-1814/system_process I/SystemServer: StartPrintManager
09-19 00:29:50.245 1814-1814/system_process I/SystemServiceManager: Starting com.android.server.print.PrintManagerService
09-19 00:29:50.247 1814-1814/system_process D/SystemServerTiming: StartPrintManager took to complete: 3ms
09-19 00:29:50.247 1814-1814/system_process I/SystemServer: StartCompanionDeviceManager
09-19 00:29:50.248 1814-1814/system_process I/SystemServiceManager: Starting com.android.server.companion.CompanionDeviceManagerService
09-19 00:29:50.250 1814-1814/system_process D/SystemServerTiming: StartCompanionDeviceManager took to complete: 2ms
09-19 00:29:50.250 1814-1814/system_process I/SystemServer: StartRestrictionManager
09-19 00:29:50.250 1814-1814/system_process I/SystemServiceManager: Starting com.android.server.restrictions.RestrictionsManagerService
09-19 00:29:50.251 1814-1814/system_process D/SystemServerTiming: StartRestrictionManager took to complete: 2ms
09-19 00:29:50.251 1814-1814/system_process I/SystemServer: StartMediaSessionService
09-19 00:29:50.251 1814-1814/system_process I/SystemServiceManager: Starting com.android.server.media.MediaSessionService
09-19 00:29:50.265 1814-1814/system_process D/SystemServerTiming: StartMediaSessionService took to complete: 13ms
09-19 00:29:50.265 1814-1814/system_process I/SystemServer: StartMediaResourceMonitor
09-19 00:29:50.265 1814-1814/system_process I/SystemServiceManager: Starting com.android.server.media.MediaResourceMonitorService
09-19 00:29:50.265 1814-1814/system_process D/SystemServerTiming: StartMediaResourceMonitor took to complete: 0ms
09-19 00:29:50.265 1814-1814/system_process I/SystemServer: StartMediaRouterService
09-19 00:29:50.268 1814-1814/system_process D/SystemServerTiming: StartMediaRouterService took to complete: 2ms
09-19 00:29:50.268 1814-1814/system_process I/SystemServer: StartFingerprintSensor
09-19 00:29:50.268 1814-1814/system_process I/SystemServiceManager: Starting com.android.server.biometrics.fingerprint.FingerprintService
09-19 00:29:50.272 1814-1814/system_process D/SystemServerTiming: StartFingerprintSensor took to complete: 4ms
09-19 00:29:50.272 1814-2015/system_process D/SystemServerInitThreadPool: Started executing FingerprintService.onStart
09-19 00:29:50.272 1814-1814/system_process I/SystemServer: StartBiometricService
09-19 00:29:50.272 1814-1814/system_process I/SystemServiceManager: Starting com.android.server.biometrics.BiometricService
09-19 00:29:50.273 1814-2015/system_process V/FingerprintService: mDaemon was null, reconnect to fingerprint
09-19 00:29:50.275 1814-2015/system_process I/android_os_HwBinder: HwBinder: Starting thread pool for getting: android.hardware.biometrics.fingerprint@2.1::IBiometricsFingerprint/default
09-19 00:29:50.276 1814-2015/system_process V/FingerprintService: Fingerprint HAL id: 493275586560
09-19 00:29:50.276 1814-1814/system_process D/SystemServerTiming: StartBiometricService took to complete: 5ms
09-19 00:29:50.276 1814-1814/system_process I/SystemServer: StartBackgroundDexOptService
09-19 00:29:50.276 1814-1814/system_process W/BackgroundDexOptService: SysProp pm.dexopt.downgrade_after_inactive_days not set
09-19 00:29:50.277 1814-1814/system_process D/SystemServerTiming: StartBackgroundDexOptService took to complete: 1ms
09-19 00:29:50.277 1814-1814/system_process I/SystemServer: StartDynamicCodeLoggingService
09-19 00:29:50.277 1107-1107/? I/[goodix][gf_hal]: [gf_hal_set_active_group] group_id=0
09-19 00:29:50.278 1814-1814/system_process D/SystemServerTiming: StartDynamicCodeLoggingService took to complete: 1ms
09-19 00:29:50.278 1814-1814/system_process I/SystemServer: StartPruneInstantAppsJobService
09-19 00:29:50.278 1814-1814/system_process D/SystemServerTiming: StartPruneInstantAppsJobService took to complete: 0ms
09-19 00:29:50.278 1814-1814/system_process I/SystemServer: StartShortcutServiceLifecycle
09-19 00:29:50.279 1814-1814/system_process I/SystemServiceManager: Starting com.android.server.pm.ShortcutService$Lifecycle
09-19 00:29:50.283 1814-1814/system_process D/SystemServerTiming: StartShortcutServiceLifecycle took to complete: 4ms
09-19 00:29:50.283 1814-1814/system_process I/SystemServer: StartLauncherAppsService
09-19 00:29:50.283 1814-1814/system_process I/SystemServiceManager: Starting com.android.server.pm.LauncherAppsService
09-19 00:29:50.285 1814-1814/system_process D/SystemServerTiming: StartLauncherAppsService took to complete: 2ms
09-19 00:29:50.285 1814-1814/system_process I/SystemServer: StartCrossProfileAppsService
09-19 00:29:50.285 1814-1814/system_process I/SystemServiceManager: Starting com.android.server.pm.CrossProfileAppsService
09-19 00:29:50.286 1814-1814/system_process D/SystemServerTiming: StartCrossProfileAppsService took to complete: 2ms
09-19 00:29:50.286 1814-1814/system_process I/SystemServer: StartMediaProjectionManager
09-19 00:29:50.286 1814-1814/system_process I/SystemServiceManager: Starting com.android.server.media.projection.MediaProjectionManagerService
09-19 00:29:50.293 1814-1814/system_process V/MediaRouter: Selecting route: RouteInfo{ name=Phone, description=null, status=null, category=RouteCategory{ name=System types=ROUTE_TYPE_LIVE_AUDIO ROUTE_TYPE_LIVE_VIDEO  groupable=false }, supportedTypes=ROUTE_TYPE_LIVE_AUDIO ROUTE_TYPE_LIVE_VIDEO , presentationDisplay=null }
09-19 00:29:50.295 1814-1814/system_process D/SystemServerTiming: StartMediaProjectionManager took to complete: 9ms
09-19 00:29:50.295 1814-1814/system_process I/SystemServer: StartSliceManagerService
09-19 00:29:50.295 1814-1814/system_process I/SystemServiceManager: Starting com.android.server.slice.SliceManagerService$Lifecycle
09-19 00:29:50.298 1814-1814/system_process D/SystemServerTiming: StartSliceManagerService took to complete: 3ms
09-19 00:29:50.298 1814-1814/system_process I/SystemServer: StartCameraServiceProxy
09-19 00:29:50.298 1814-1814/system_process I/SystemServiceManager: Starting com.android.server.camera.CameraServiceProxy
09-19 00:29:50.302 1814-1814/system_process D/SystemServerTiming: StartCameraServiceProxy took to complete: 4ms
09-19 00:29:50.302 1814-1814/system_process I/SystemServer: StartStatsCompanionService
09-19 00:29:50.303 1814-1814/system_process I/SystemServiceManager: Starting com.android.server.stats.StatsCompanionService$Lifecycle
09-19 00:29:50.306 1814-1814/system_process I/StatsCompanionService: register thermal listener successfully
09-19 00:29:50.310 1814-1814/system_process D/SystemServerTiming: StartStatsCompanionService took to complete: 8ms
09-19 00:29:50.310 1814-1814/system_process I/SystemServer: StartIncidentCompanionService
09-19 00:29:50.310 1814-1814/system_process I/SystemServiceManager: Starting com.android.server.incident.IncidentCompanionService
09-19 00:29:50.312 1814-1814/system_process D/SystemServerTiming: StartIncidentCompanionService took to complete: 1ms
09-19 00:29:50.321 1814-2015/system_process V/FingerprintService: Enumerating user(0)
09-19 00:29:50.321 1814-2015/system_process D/SystemServerInitThreadPool: Finished executing FingerprintService.onStart
09-19 00:29:50.360 1814-1814/system_process W/system_server: resources.arsc in APK '/data/app/com.eg.android.AlipayGphone-g2wGsn_Abpmx-VV8R0W5-w==/base.apk' is compressed.
09-19 00:29:50.490 1814-1814/system_process I/SystemServer: StartMmsService
09-19 00:29:50.490 1814-1814/system_process I/SystemServiceManager: Starting com.android.server.MmsServiceBroker
09-19 00:29:50.492 1814-1814/system_process D/SystemServerTiming: StartMmsService took to complete: 2ms
09-19 00:29:50.492 1814-1814/system_process I/SystemServer: StartAutoFillService
09-19 00:29:50.492 1814-1814/system_process I/SystemServiceManager: Starting com.android.server.autofill.AutofillManagerService
09-19 00:29:50.495 1814-1814/system_process D/AutofillManagerService: setLogLevelFromSettings(): level=2, debug=true, verbose=false
    setMaxPartitionsFromSettings(): 10
    setMaxVisibleDatasetsFromSettings(): 0
09-19 00:29:50.497 1814-1883/system_process D/AutofillUI: destroySaveUiUiThread(): already destroyed
09-19 00:29:50.497 1814-1814/system_process D/AutofillManagerServiceImpl: Reset component for user 0:
09-19 00:29:50.498 1814-1814/system_process D/SystemServerTiming: StartAutoFillService took to complete: 7ms
09-19 00:29:50.498 1814-1814/system_process I/SystemServer: StartClipboardService
09-19 00:29:50.499 1814-1814/system_process I/SystemServiceManager: Starting com.android.server.clipboard.ClipboardService
09-19 00:29:50.500 1814-1814/system_process D/SystemServerTiming: StartClipboardService took to complete: 2ms
09-19 00:29:50.500 1814-1814/system_process I/SystemServer: AppServiceManager
09-19 00:29:50.500 1814-1814/system_process I/SystemServiceManager: Starting com.android.server.appbinding.AppBindingService$Lifecycle
09-19 00:29:50.502 1814-1814/system_process D/SystemServerTiming: AppServiceManager took to complete: 2ms
09-19 00:29:50.504 1814-1814/system_process I/LineageSystemServer: Attempting to start service org.lineageos.platform.internal.ProfileManagerService
