09-17 21:45:16.072 8348-8527/system_process D/SystemServerInitThreadPool: Finished executing UiModeManager.onStart
09-17 21:45:16.086 8348-8348/system_process D/SystemServerTiming: StartDeviceIdleController took to complete: 21ms
09-17 21:45:16.086 8348-8348/system_process I/SystemServer: StartDevicePolicyManager
09-17 21:45:16.086 8348-8348/system_process I/SystemServiceManager: Starting com.android.server.devicepolicy.DevicePolicyManagerService$Lifecycle
09-17 21:45:16.091 8348-8528/system_process D/SystemServerInitThreadPool: Finished executing PersistentDataBlockService.onStart
09-17 21:45:16.097 8348-8348/system_process D/SystemServerTiming: StartDevicePolicyManager took to complete: 11ms
09-17 21:45:16.097 8348-8348/system_process I/SystemServer: StartStatusBarManagerService
09-17 21:45:16.098 8348-8348/system_process D/SystemServerTiming: StartStatusBarManagerService took to complete: 1ms
09-17 21:45:16.098 8348-8348/system_process D/SystemServer: ContentCaptureService disabled because resource is not overlaid
    AttentionService is not configured on this device
    SystemCaptionsManagerService disabled because resource is not overlaid
    AppPredictionService not defined by OEM
    ContentSuggestionsService not defined by OEM
09-17 21:45:16.098 8348-8348/system_process I/SystemServer: InitNetworkStackClient
09-17 21:45:16.099 8348-8348/system_process D/SystemServerTiming: InitNetworkStackClient took to complete: 1ms
09-17 21:45:16.099 8348-8348/system_process I/SystemServer: StartNetworkManagementService
09-17 21:45:16.102 8152-8152/? I/netd: registerUnsolicitedEventListener() <0.05ms>
09-17 21:45:16.102 8348-8348/system_process D/SystemServerTiming: StartNetworkManagementService took to complete: 3ms
09-17 21:45:16.102 8348-8348/system_process I/SystemServer: StartIpSecService
09-17 21:45:16.103 8348-8348/system_process D/SystemServerTiming: StartIpSecService took to complete: 1ms
09-17 21:45:16.103 8348-8348/system_process I/SystemServer: StartTextServicesManager
09-17 21:45:16.103 8348-8348/system_process I/SystemServiceManager: Starting com.android.server.textservices.TextServicesManagerService$Lifecycle
09-17 21:45:16.104 8348-8348/system_process D/SystemServerTiming: StartTextServicesManager took to complete: 1ms
09-17 21:45:16.104 8348-8348/system_process I/SystemServer: StartTextClassificationManagerService
09-17 21:45:16.104 8348-8348/system_process I/SystemServiceManager: Starting com.android.server.textclassifier.TextClassificationManagerService$Lifecycle
09-17 21:45:16.105 8348-8348/system_process D/SystemServerTiming: StartTextClassificationManagerService took to complete: 1ms
09-17 21:45:16.105 8348-8348/system_process I/SystemServer: StartNetworkScoreService
09-17 21:45:16.105 8348-8348/system_process I/SystemServiceManager: Starting com.android.server.NetworkScoreService$Lifecycle
09-17 21:45:16.106 8348-8348/system_process I/NetworkScoreService: Registering network_score
09-17 21:45:16.106 8348-8348/system_process D/SystemServerTiming: StartNetworkScoreService took to complete: 1ms
09-17 21:45:16.106 8348-8348/system_process I/SystemServer: StartNetworkStatsService
09-17 21:45:16.107 8348-8348/system_process D/SystemServerTiming: StartNetworkStatsService took to complete: 2ms
09-17 21:45:16.108 8348-8348/system_process I/SystemServer: StartNetworkPolicyManagerService
09-17 21:45:16.110 8348-8348/system_process D/SystemServerTiming: StartNetworkPolicyManagerService took to complete: 2ms
09-17 21:45:16.110 8348-8348/system_process I/SystemServer: StartWifi
09-17 21:45:16.112 8348-8348/system_process I/SystemServiceManager: Starting com.android.server.wifi.WifiService
09-17 21:45:16.145 8348-8348/system_process E/HostapdHal: Malformed channel value detected: java.lang.NumberFormatException: For input string: ""
09-17 21:45:16.155 8348-8348/system_process D/WifiCountryCode: mDefaultCountryCode null mRevertCountryCodeOnCellularLoss false
09-17 21:45:16.155 8348-8348/system_process D/WifiApConfigStore: 2G band allowed channels are:1,6,11
09-17 21:45:16.158 8348-8348/system_process E/WifiScoringParams: Inconsistent config_wifi_framework_ resources: rssi2=-100:-80:-100:-60,rssi5=-100:-77:-100:-57,pps=0:1:100,horizon=15,nud=8,expid=0
    java.lang.IllegalArgumentException
        at com.android.server.wifi.ScoringParams$Values.validateRange(ScoringParams.java:120)
        at com.android.server.wifi.ScoringParams$Values.validateRssiArray(ScoringParams.java:113)
        at com.android.server.wifi.ScoringParams$Values.validate(ScoringParams.java:101)
        at com.android.server.wifi.ScoringParams.loadResources(ScoringParams.java:234)
        at com.android.server.wifi.ScoringParams.<init>(ScoringParams.java:212)
        at com.android.server.wifi.WifiInjector.<init>(WifiInjector.java:265)
        at com.android.server.wifi.WifiService.<init>(WifiService.java:32)
        at java.lang.reflect.Constructor.newInstance0(Native Method)
        at java.lang.reflect.Constructor.newInstance(Constructor.java:343)
        at com.android.server.SystemServiceManager.startService(SystemServiceManager.java:102)
        at com.android.server.SystemServiceManager.startService(SystemServiceManager.java:76)
        at com.android.server.SystemServer.startOtherServices(SystemServer.java:1356)
        at com.android.server.SystemServer.run(SystemServer.java:529)
        at com.android.server.SystemServer.main(SystemServer.java:356)
        at java.lang.reflect.Method.invoke(Native Method)
        at com.android.internal.os.RuntimeInit$MethodAndArgsCaller.run(RuntimeInit.java:491)
        at com.android.internal.os.ZygoteInit.main(ZygoteInit.java:918)
09-17 21:45:16.158 8348-8348/system_process I/DropBoxManagerService: add tag=system_server_wtf isTagEnabled=true flags=0x2
09-17 21:45:16.161 8348-8348/system_process I/WifiScoringParams: rssi2=-100:-80:-100:-60,rssi5=-100:-77:-100:-57,pps=0:1:100,horizon=15,nud=8,expid=0
09-17 21:45:16.183 8348-8348/system_process D/WifiOpenNetworkNotifier: Settings toggle enabled=true
09-17 21:45:16.183 8348-8348/system_process D/WifiCarrierNetworkNotifier: Settings toggle enabled=true
09-17 21:45:16.185 8348-8348/system_process D/WifiActiveModeWarden: Starting Wifi in WifiDisabledState
09-17 21:45:16.185 8348-8534/system_process D/WifiActiveModeWarden: Entering WifiDisabledState
09-17 21:45:16.186 8348-8348/system_process D/WakeupController: WifiWake enabled
09-17 21:45:16.187 8348-8348/system_process E/WifiClientModeImpl: getWifiLinkLayerStats called without an interface
09-17 21:45:16.188 8348-8348/system_process E/SupplicantStaIfaceHal: Can't call setDebugParams, ISupplicant is null
09-17 21:45:16.188 8348-8348/system_process I/WifiService: Registering wifi
09-17 21:45:16.189 8348-8348/system_process D/SystemServerTiming: StartWifi took to complete: 79ms
09-17 21:45:16.189 8348-8348/system_process I/SystemServer: StartWifiScanning
09-17 21:45:16.189 8348-8348/system_process I/SystemServiceManager: Starting com.android.server.wifi.scanner.WifiScanningService
09-17 21:45:16.189 8348-8348/system_process I/WifiScanningService: Creating wifiscanner
09-17 21:45:16.191 8348-8348/system_process I/WifiScanningService: Publishing wifiscanner
09-17 21:45:16.191 8348-8348/system_process D/SystemServerTiming: StartWifiScanning took to complete: 2ms
09-17 21:45:16.191 8348-8348/system_process I/SystemServer: StartWifiP2P
09-17 21:45:16.191 8348-8348/system_process I/SystemServiceManager: Starting com.android.server.wifi.p2p.WifiP2pService
09-17 21:45:16.195 8348-8348/system_process W/HalDevMgr: isWifiStarted called but mWifi is null!?
09-17 21:45:16.195 8348-8348/system_process I/WifiP2pService: Registering wifip2p
09-17 21:45:16.196 8348-8348/system_process D/SystemServerTiming: StartWifiP2P took to complete: 5ms
09-17 21:45:16.196 8348-8348/system_process I/SystemServer: StartEthernet
09-17 21:45:16.196 8348-8348/system_process I/SystemServiceManager: Starting com.android.server.ethernet.EthernetService
09-17 21:45:16.196 8348-8348/system_process I/EthernetService: Registering service ethernet
09-17 21:45:16.196 8348-8348/system_process D/SystemServerTiming: StartEthernet took to complete: 0ms
09-17 21:45:16.196 8348-8348/system_process I/SystemServer: StartConnectivityService
09-17 21:45:16.199 8348-8348/system_process D/ConnectivityService: ConnectivityService starting up
09-17 21:45:16.205 8348-8348/system_process D/ConnectivityService: wifiOnly=false
09-17 21:45:16.218 8348-8348/system_process D/SystemServerTiming: StartConnectivityService took to complete: 21ms
09-17 21:45:16.218 8348-8348/system_process I/SystemServer: StartNsdService
09-17 21:45:16.222 8348-8348/system_process D/NsdService: Network service discovery is enabled
09-17 21:45:16.225 8348-8348/system_process D/SystemServerTiming: StartNsdService took to complete: 7ms
09-17 21:45:16.225 8348-8348/system_process I/SystemServer: StartSystemUpdateManagerService
09-17 21:45:16.225 8348-8348/system_process I/SystemUpdateManagerService: No existing info file /data/system/system-update-info.xml
09-17 21:45:16.225 8348-8348/system_process D/SystemServerTiming: StartSystemUpdateManagerService took to complete: 1ms
09-17 21:45:16.226 8348-8348/system_process I/SystemServer: StartUpdateLockService
09-17 21:45:16.226 8348-8348/system_process D/SystemServerTiming: StartUpdateLockService took to complete: 0ms
09-17 21:45:16.226 8348-8348/system_process I/SystemServer: StartNotificationManager
09-17 21:45:16.226 8348-8348/system_process I/SystemServiceManager: Starting com.android.server.notification.NotificationManagerService
09-17 21:45:16.252 8348-8348/system_process D/ConditionProviders.SCP: new ScheduleConditionProvider()
09-17 21:45:16.275 8348-8348/system_process I/NotificationListeners: Read notification listener permissions from xml
09-17 21:45:16.275 8348-8348/system_process I/NotificationAssistants: Read notification assistant permissions from xml
09-17 21:45:16.276 8348-8348/system_process I/ConditionProviders: Read condition provider permissions from xml
    Read condition provider permissions from xml
09-17 21:45:16.276 8348-8348/system_process D/NotificationAssistants: Approving default notification assistant for user 0
09-17 21:45:16.276 8348-8348/system_process I/ConditionProviders:  Allowing condition provider android.ext.services/android.ext.services.notification.Assistant
09-17 21:45:16.278 937-1119/? I/ThermalEngine: vs_get_temperature: read[0] xo_therm 45000 mC, weight[0] 2
09-17 21:45:16.279 937-1119/? I/ThermalEngine: vs_get_temperature: read[1] quiet_therm 37000 mC, weight[1] 1
09-17 21:45:16.279 8348-8348/system_process D/NotificationService: Set default NAS to be android.ext.services/android.ext.services.notification.Assistant in 0
09-17 21:45:16.294 589-589/? E/ServiceManager: add_service('notification',6b) uid=1000 - ALREADY REGISTERED, OVERRIDE
09-17 21:45:16.294 589-589/? I/ServiceManager: service 'notification' died
09-17 21:45:16.295 8348-8348/system_process D/SystemServerTiming: StartNotificationManager took to complete: 69ms
09-17 21:45:16.295 8348-8348/system_process I/SystemServer: StartDeviceMonitor
09-17 21:45:16.295 8348-8348/system_process I/SystemServiceManager: Starting com.android.server.storage.DeviceStorageMonitorService
09-17 21:45:16.298 8348-8348/system_process D/SystemServerTiming: StartDeviceMonitor took to complete: 3ms
09-17 21:45:16.298 8348-8348/system_process I/SystemServer: StartLocationManagerService
09-17 21:45:16.298 8348-8348/system_process D/SystemServerTiming: StartLocationManagerService took to complete: 0ms
09-17 21:45:16.298 8348-8348/system_process I/SystemServer: StartCountryDetectorService
09-17 21:45:16.298 8348-8348/system_process D/SystemServerTiming: StartCountryDetectorService took to complete: 0ms
09-17 21:45:16.298 8348-8348/system_process I/SystemServer: StartTimeDetectorService
09-17 21:45:16.298 8348-8348/system_process I/SystemServiceManager: Starting com.android.server.timedetector.TimeDetectorService$Lifecycle
09-17 21:45:16.299 8348-8348/system_process D/SystemServerTiming: StartTimeDetectorService took to complete: 0ms
09-17 21:45:16.299 8348-8348/system_process I/SystemServer: StartSearchManagerService
09-17 21:45:16.299 8348-8348/system_process I/SystemServiceManager: Starting com.android.server.search.SearchManagerService$Lifecycle
09-17 21:45:16.300 8348-8348/system_process D/SystemServerTiming: StartSearchManagerService took to complete: 1ms
09-17 21:45:16.300 8348-8348/system_process I/SystemServer: StartWallpaperManagerService
09-17 21:45:16.300 8348-8348/system_process I/SystemServiceManager: Starting com.android.server.wallpaper.WallpaperManagerService$Lifecycle
09-17 21:45:16.301 8348-8348/system_process D/SystemServerTiming: StartWallpaperManagerService took to complete: 1ms
09-17 21:45:16.301 8348-8348/system_process I/SystemServer: StartAudioService
09-17 21:45:16.301 8348-8348/system_process I/SystemServiceManager: Starting com.android.server.audio.AudioService$Lifecycle
09-17 21:45:16.308 8348-8348/system_process I/android_os_HwBinder: HwBinder: Starting thread pool for getting: android.hidl.manager@1.0::IServiceManager/default
09-17 21:45:16.312 8149-8299/? W/AudioFlinger: no wake lock to update, system not ready yet
09-17 21:45:16.312 8149-8302/? W/AudioFlinger: no wake lock to update, system not ready yet
09-17 21:45:16.313 8149-8306/? W/AudioFlinger: no wake lock to update, system not ready yet
09-17 21:45:16.314 8149-8149/? D/PermissionCache: checking android.permission.MODIFY_AUDIO_ROUTING for uid=1000 => granted (461 us)
09-17 21:45:16.314 8149-8149/? D/AudioPolicyManagerCustom: setForceUse() usage 4, config 0, mPhoneState 0
09-17 21:45:16.315 8348-8348/system_process W/TelecomManager: Telecom Service not found.
09-17 21:45:16.315 8149-8149/? D/AudioPolicyManagerCustom: setForceUse() usage 3, config 8, mPhoneState 0
09-17 21:45:16.317 8149-8206/? D/AudioPolicyManagerCustom: setForceUse() usage 6, config 0, mPhoneState 0
09-17 21:45:16.317 8149-8149/? D/PermissionCache: checking android.permission.MODIFY_AUDIO_SETTINGS for uid=1000 => granted (140 us)
09-17 21:45:16.318 8154-8154/? D/audio_hw_primary: adev_set_mic_mute state 0
09-17 21:45:16.318 8154-8154/? W/DeviceHAL: Error from HAL Device in function set_mic_mute: Function not implemented
    Error from HAL Device in function set_mic_mute: Function not implemented
09-17 21:45:16.319 8348-8348/system_process E/AudioSystem-JNI: Command failed for android_media_AudioSystem_muteMicrophone: -38
09-17 21:45:16.344 8149-8149/? D/AudioFlinger: isLowRamDevice:false totalMemory:6004461568 mClientSharedHeapSize:33554432
09-17 21:45:16.345 8149-8149/? D/AudioPolicyManagerCustom: setForceUse() usage 7, config 0, mPhoneState 0
09-17 21:45:16.346 8348-8348/system_process D/SystemServerTiming: StartAudioService took to complete: 45ms
09-17 21:45:16.346 8348-8348/system_process I/SystemServer: StartDockObserver
09-17 21:45:16.346 8348-8348/system_process I/SystemServiceManager: Starting com.android.server.DockObserver
09-17 21:45:16.346 8348-8348/system_process W/DockObserver: This kernel does not have dock station support
09-17 21:45:16.347 8348-8348/system_process D/SystemServerTiming: StartDockObserver took to complete: 1ms
09-17 21:45:16.347 8348-8348/system_process I/SystemServer: StartWiredAccessoryManager
09-17 21:45:16.348 8348-8348/system_process W/WiredAccessoryManager: This kernel does not have usb audio support
09-17 21:45:16.349 8348-8348/system_process D/SystemServerTiming: StartWiredAccessoryManager took to complete: 2ms
09-17 21:45:16.349 8348-8348/system_process I/SystemServer: StartMidiManager
09-17 21:45:16.349 8348-8348/system_process I/SystemServiceManager: Starting com.android.server.midi.MidiService$Lifecycle
09-17 21:45:16.350 8348-8348/system_process D/SystemServerTiming: StartMidiManager took to complete: 1ms
09-17 21:45:16.350 8348-8348/system_process I/SystemServer: StartAdbService
09-17 21:45:16.350 8348-8348/system_process I/SystemServiceManager: Starting com.android.server.adb.AdbService$Lifecycle
09-17 21:45:16.352 8348-8348/system_process D/SystemServerTiming: StartAdbService took to complete: 2ms
09-17 21:45:16.352 8348-8348/system_process I/SystemServer: StartUsbService
09-17 21:45:16.352 8348-8348/system_process I/SystemServiceManager: Starting com.android.server.usb.UsbService$Lifecycle
09-17 21:45:16.358 8348-8348/system_process E/UsbDeviceManager: failed to write to /sys/class/android_usb/android0/f_rndis/ethaddr
09-17 21:45:16.358 590-590/? I/hwservicemanager: getTransport: Cannot find entry android.hardware.usb.gadget@1.0::IUsbGadget/default in either framework or device manifest.
09-17 21:45:16.360 8348-8348/system_process I/UsbDeviceManager: USB GADGET HAL not present in the device
    java.util.NoSuchElementException
        at android.os.HwBinder.getService(Native Method)
        at android.hardware.usb.gadget.V1_0.IUsbGadget.getService(IUsbGadget.java:55)
        at android.hardware.usb.gadget.V1_0.IUsbGadget.getService(IUsbGadget.java:62)
        at com.android.server.usb.UsbDeviceManager.<init>(UsbDeviceManager.java:266)
        at com.android.server.usb.UsbService.<init>(UsbService.java:150)
        at com.android.server.usb.UsbService$Lifecycle.onStart(UsbService.java:84)
        at com.android.server.SystemServiceManager.startService(SystemServiceManager.java:130)
        at com.android.server.SystemServiceManager.startService(SystemServiceManager.java:117)
        at com.android.server.SystemServiceManager.startService(SystemServiceManager.java:76)
        at com.android.server.SystemServer.startOtherServices(SystemServer.java:1562)
        at com.android.server.SystemServer.run(SystemServer.java:529)
        at com.android.server.SystemServer.main(SystemServer.java:356)
        at java.lang.reflect.Method.invoke(Native Method)
        at com.android.internal.os.RuntimeInit$MethodAndArgsCaller.run(RuntimeInit.java:491)
        at com.android.internal.os.ZygoteInit.main(ZygoteInit.java:918)
09-17 21:45:16.360 8348-8348/system_process E/UsbDeviceManagerJNI: could not open control for mtp Permission denied
09-17 21:45:16.360 8348-8348/system_process E/UsbDeviceManager: Failed to open control for mtp
09-17 21:45:16.360 8348-8348/system_process E/UsbDeviceManagerJNI: could not open control for ptp Permission denied
09-17 21:45:16.360 8348-8348/system_process E/UsbDeviceManager: Failed to open control for ptp
09-17 21:45:16.379 8348-8348/system_process W/StorageManagerService: No primary storage defined yet; hacking together a stub
09-17 21:45:16.384 8348-8348/system_process I/android_os_HwBinder: HwBinder: Starting thread pool for getting: android.hidl.manager@1.0::IServiceManager/default
09-17 21:45:16.386 8348-8388/system_process I/UsbPortManager: Usb hal service started android.hardware.usb@1.0::IUsb default
09-17 21:45:16.387 8348-8348/system_process I/android_os_HwBinder: HwBinder: Starting thread pool for getting: android.hardware.usb@1.0::IUsb/default
09-17 21:45:16.388 804-804/? I/android.hardware.usb@1.0-service: otg_default
09-17 21:45:16.389 804-804/? I/android.hardware.usb@1.0-service: canChangeMode: 0 canChagedata: 0 canChangePower:0
09-17 21:45:16.391 8348-8348/system_process D/SystemServerTiming: StartUsbService took to complete: 39ms
09-17 21:45:16.391 8348-8348/system_process I/SystemServer: StartSerialService
09-17 21:45:16.392 8348-8348/system_process D/SystemServerTiming: StartSerialService took to complete: 1ms
09-17 21:45:16.392 8348-8348/system_process I/SystemServer: StartHardwarePropertiesManagerService
09-17 21:45:16.392 590-590/? I/hwservicemanager: getTransport: Cannot find entry android.hardware.thermal@1.0::IThermal/default in either framework or device manifest.
09-17 21:45:16.392 8348-8348/system_process E/HardwarePropertiesManagerService-JNI: Unable to get Thermal service.
09-17 21:45:16.393 8348-8348/system_process D/SystemServerTiming: StartHardwarePropertiesManagerService took to complete: 1ms
09-17 21:45:16.393 8348-8348/system_process I/SystemServer: StartTwilightService
09-17 21:45:16.393 8348-8348/system_process I/SystemServiceManager: Starting com.android.server.twilight.TwilightService
09-17 21:45:16.394 8348-8348/system_process D/SystemServerTiming: StartTwilightService took to complete: 1ms
09-17 21:45:16.394 8348-8348/system_process I/SystemServer: StartColorDisplay
09-17 21:45:16.394 8348-8348/system_process I/SystemServiceManager: Starting com.android.server.display.color.ColorDisplayService
09-17 21:45:16.396 8348-8348/system_process D/SystemServerTiming: StartColorDisplay took to complete: 2ms
09-17 21:45:16.396 8348-8348/system_process I/SystemServer: StartJobScheduler
09-17 21:45:16.396 8348-8348/system_process I/SystemServiceManager: Starting com.android.server.job.JobSchedulerService
09-17 21:45:16.401 8348-8348/system_process D/JobStore: Start tag: job-info
09-17 21:45:16.404 8348-8348/system_process I/JobStore: Read 7 jobs
09-17 21:45:16.412 8348-8348/system_process D/SystemServerTiming: StartJobScheduler took to complete: 16ms
09-17 21:45:16.412 8348-8348/system_process I/SystemServer: StartSoundTrigger
09-17 21:45:16.412 8348-8348/system_process I/SystemServiceManager: Starting com.android.server.soundtrigger.SoundTriggerService
09-17 21:45:16.413 8348-8348/system_process D/SystemServerTiming: StartSoundTrigger took to complete: 2ms
09-17 21:45:16.414 8348-8348/system_process I/SystemServer: StartTrustManager
09-17 21:45:16.414 8348-8348/system_process I/SystemServiceManager: Starting com.android.server.trust.TrustManagerService
09-17 21:45:16.415 8348-8348/system_process D/SystemServerTiming: StartTrustManager took to complete: 1ms
09-17 21:45:16.415 8348-8348/system_process I/SystemServer: StartBackupManager
09-17 21:45:16.416 8348-8348/system_process I/SystemServiceManager: Starting com.android.server.backup.BackupManagerService$Lifecycle
09-17 21:45:16.417 8348-8348/system_process D/SystemServerTiming: StartBackupManager took to complete: 2ms
09-17 21:45:16.419 8348-8348/system_process I/SystemServer: StartAppWidgetService
09-17 21:45:16.419 8348-8348/system_process I/SystemServiceManager: Starting com.android.server.appwidget.AppWidgetService
09-17 21:45:16.422 8348-8348/system_process D/SystemServerTiming: StartAppWidgetService took to complete: 3ms
09-17 21:45:16.422 8348-8348/system_process I/SystemServer: StartRoleManagerService
09-17 21:45:16.425 8348-8348/system_process D/SystemServerTiming: StartRoleManagerService took to complete: 3ms
09-17 21:45:16.425 8348-8348/system_process I/SystemServer: StartVoiceRecognitionManager
09-17 21:45:16.426 8348-8348/system_process I/SystemServiceManager: Starting com.android.server.voiceinteraction.VoiceInteractionManagerService
09-17 21:45:16.428 8348-8348/system_process I/RoleUserState: Read roles.xml successfully
09-17 21:45:16.429 8348-8348/system_process W/VoiceInteractionManagerService: Unable to resolve default voice recognition service.
09-17 21:45:16.430 8348-8348/system_process D/SystemServerTiming: StartVoiceRecognitionManager took to complete: 5ms
09-17 21:45:16.430 8348-8348/system_process I/SystemServer: StartGestureLauncher
09-17 21:45:16.430 8348-8348/system_process I/SystemServiceManager: Starting com.android.server.GestureLauncherService
09-17 21:45:16.430 8348-8348/system_process D/SystemServerTiming: StartGestureLauncher took to complete: 1ms
09-17 21:45:16.431 8348-8348/system_process I/SystemServer: StartSensorNotification
09-17 21:45:16.431 8348-8348/system_process I/SystemServiceManager: Starting com.android.server.SensorNotificationService
09-17 21:45:16.431 8348-8348/system_process D/SystemServerTiming: StartSensorNotification took to complete: 0ms
09-17 21:45:16.431 8348-8348/system_process I/SystemServer: StartContextHubSystemService
09-17 21:45:16.431 8348-8348/system_process I/SystemServiceManager: Starting com.android.server.ContextHubSystemService
09-17 21:45:16.431 8348-8348/system_process D/SystemServerTiming: StartContextHubSystemService took to complete: 0ms
09-17 21:45:16.431 8348-8348/system_process I/SystemServer: StartDiskStatsService
09-17 21:45:16.431 8348-8378/system_process D/SystemServerInitThreadPool: Started executing Init ContextHubSystemService
09-17 21:45:16.432 590-590/? I/hwservicemanager: getTransport: Cannot find entry android.hardware.contexthub@1.0::IContexthub/default in either framework or device manifest.
09-17 21:45:16.432 8348-8378/system_process I/ContextHubService: Context Hub HAL service not found
09-17 21:45:16.432 8348-8378/system_process D/SystemServerInitThreadPool: Finished executing Init ContextHubSystemService
09-17 21:45:16.433 8348-8348/system_process D/SystemServerTiming: StartDiskStatsService took to complete: 2ms
09-17 21:45:16.433 8348-8348/system_process I/SystemServer: RuntimeService
09-17 21:45:16.434 8348-8348/system_process D/SystemServerTiming: RuntimeService took to complete: 1ms
09-17 21:45:16.434 8348-8348/system_process I/SystemServer: StartNetworkTimeUpdateService
09-17 21:45:16.435 8348-8348/system_process D/SystemServer: Using networkTimeUpdater class=class com.android.server.NewNetworkTimeUpdateService
09-17 21:45:16.436 8348-8348/system_process D/SystemServerTiming: StartNetworkTimeUpdateService took to complete: 2ms
09-17 21:45:16.436 8348-8348/system_process I/SystemServer: CertBlacklister
09-17 21:45:16.437 8348-8348/system_process D/SystemServerTiming: CertBlacklister took to complete: 1ms
09-17 21:45:16.437 8348-8348/system_process I/SystemServer: StartEmergencyAffordanceService
09-17 21:45:16.437 8348-8348/system_process I/SystemServiceManager: Starting com.android.server.emergency.EmergencyAffordanceService
09-17 21:45:16.437 8348-8348/system_process D/SystemServerTiming: StartEmergencyAffordanceService took to complete: 1ms
09-17 21:45:16.438 8348-8348/system_process I/SystemServer: StartDreamManager
09-17 21:45:16.438 8348-8348/system_process I/SystemServiceManager: Starting com.android.server.dreams.DreamManagerService
09-17 21:45:16.439 8348-8348/system_process D/SystemServerTiming: StartDreamManager took to complete: 1ms
09-17 21:45:16.439 8348-8348/system_process I/SystemServer: AddGraphicsStatsService
09-17 21:45:16.440 8348-8348/system_process D/SystemServerTiming: AddGraphicsStatsService took to complete: 1ms
09-17 21:45:16.440 8348-8348/system_process I/SystemServer: StartPrintManager
09-17 21:45:16.441 8348-8348/system_process I/SystemServiceManager: Starting com.android.server.print.PrintManagerService
09-17 21:45:16.442 8348-8348/system_process D/SystemServerTiming: StartPrintManager took to complete: 1ms
09-17 21:45:16.442 8348-8348/system_process I/SystemServer: StartCompanionDeviceManager
09-17 21:45:16.443 8348-8348/system_process I/SystemServiceManager: Starting com.android.server.companion.CompanionDeviceManagerService
09-17 21:45:16.444 8348-8348/system_process D/SystemServerTiming: StartCompanionDeviceManager took to complete: 2ms
09-17 21:45:16.444 8348-8348/system_process I/SystemServer: StartRestrictionManager
09-17 21:45:16.444 8348-8348/system_process I/SystemServiceManager: Starting com.android.server.restrictions.RestrictionsManagerService
09-17 21:45:16.445 8348-8348/system_process D/SystemServerTiming: StartRestrictionManager took to complete: 1ms
09-17 21:45:16.445 8348-8348/system_process I/SystemServer: StartMediaSessionService
09-17 21:45:16.445 8348-8348/system_process I/SystemServiceManager: Starting com.android.server.media.MediaSessionService
09-17 21:45:16.458 8348-8348/system_process D/SystemServerTiming: StartMediaSessionService took to complete: 13ms
09-17 21:45:16.458 8348-8348/system_process I/SystemServer: StartMediaResourceMonitor
09-17 21:45:16.458 8348-8348/system_process I/SystemServiceManager: Starting com.android.server.media.MediaResourceMonitorService
09-17 21:45:16.458 8348-8348/system_process D/SystemServerTiming: StartMediaResourceMonitor took to complete: 1ms
09-17 21:45:16.458 8348-8348/system_process I/SystemServer: StartMediaRouterService
09-17 21:45:16.460 8348-8348/system_process D/SystemServerTiming: StartMediaRouterService took to complete: 1ms
09-17 21:45:16.460 8348-8348/system_process I/SystemServer: StartFingerprintSensor
09-17 21:45:16.460 8348-8348/system_process I/SystemServiceManager: Starting com.android.server.biometrics.fingerprint.FingerprintService
09-17 21:45:16.463 8348-8445/system_process D/SystemServerInitThreadPool: Started executing FingerprintService.onStart
09-17 21:45:16.463 8348-8348/system_process D/SystemServerTiming: StartFingerprintSensor took to complete: 3ms
09-17 21:45:16.463 8348-8348/system_process I/SystemServer: StartBiometricService
09-17 21:45:16.463 8348-8445/system_process V/FingerprintService: mDaemon was null, reconnect to fingerprint
09-17 21:45:16.463 8348-8348/system_process I/SystemServiceManager: Starting com.android.server.biometrics.BiometricService
09-17 21:45:16.464 8348-8445/system_process I/android_os_HwBinder: HwBinder: Starting thread pool for getting: android.hardware.biometrics.fingerprint@2.1::IBiometricsFingerprint/default
09-17 21:45:16.465 8348-8348/system_process D/SystemServerTiming: StartBiometricService took to complete: 2ms
09-17 21:45:16.465 8348-8445/system_process V/FingerprintService: Fingerprint HAL id: 526284759040
09-17 21:45:16.465 8348-8348/system_process I/SystemServer: StartBackgroundDexOptService
09-17 21:45:16.465 8348-8348/system_process W/BackgroundDexOptService: SysProp pm.dexopt.downgrade_after_inactive_days not set
09-17 21:45:16.466 1147-1147/? I/[goodix][gf_hal]: [gf_hal_set_active_group] group_id=0
09-17 21:45:16.466 8348-8348/system_process D/SystemServerTiming: StartBackgroundDexOptService took to complete: 1ms
09-17 21:45:16.466 8348-8348/system_process I/SystemServer: StartDynamicCodeLoggingService
09-17 21:45:16.467 8348-8348/system_process D/SystemServerTiming: StartDynamicCodeLoggingService took to complete: 1ms
09-17 21:45:16.467 8348-8348/system_process I/SystemServer: StartPruneInstantAppsJobService
09-17 21:45:16.467 8348-8348/system_process D/SystemServerTiming: StartPruneInstantAppsJobService took to complete: 0ms
09-17 21:45:16.467 8348-8348/system_process I/SystemServer: StartShortcutServiceLifecycle
09-17 21:45:16.467 8348-8348/system_process I/SystemServiceManager: Starting com.android.server.pm.ShortcutService$Lifecycle
09-17 21:45:16.471 8348-8348/system_process D/SystemServerTiming: StartShortcutServiceLifecycle took to complete: 4ms
09-17 21:45:16.471 8348-8348/system_process I/SystemServer: StartLauncherAppsService
09-17 21:45:16.471 8348-8348/system_process I/SystemServiceManager: Starting com.android.server.pm.LauncherAppsService
09-17 21:45:16.473 8348-8348/system_process D/SystemServerTiming: StartLauncherAppsService took to complete: 2ms
09-17 21:45:16.473 8348-8348/system_process I/SystemServer: StartCrossProfileAppsService
09-17 21:45:16.473 8348-8348/system_process I/SystemServiceManager: Starting com.android.server.pm.CrossProfileAppsService
09-17 21:45:16.473 8348-8348/system_process D/SystemServerTiming: StartCrossProfileAppsService took to complete: 1ms
09-17 21:45:16.473 8348-8348/system_process I/SystemServer: StartMediaProjectionManager
09-17 21:45:16.474 8348-8348/system_process I/SystemServiceManager: Starting com.android.server.media.projection.MediaProjectionManagerService
09-17 21:45:16.476 8348-8348/system_process V/MediaRouter: Selecting route: RouteInfo{ name=Phone, description=null, status=null, category=RouteCategory{ name=System types=ROUTE_TYPE_LIVE_AUDIO ROUTE_TYPE_LIVE_VIDEO  groupable=false }, supportedTypes=ROUTE_TYPE_LIVE_AUDIO ROUTE_TYPE_LIVE_VIDEO , presentationDisplay=null }
09-17 21:45:16.477 8348-8348/system_process D/SystemServerTiming: StartMediaProjectionManager took to complete: 3ms
09-17 21:45:16.477 8348-8348/system_process I/SystemServer: StartSliceManagerService
09-17 21:45:16.477 8348-8348/system_process I/SystemServiceManager: Starting com.android.server.slice.SliceManagerService$Lifecycle
09-17 21:45:16.479 8348-8348/system_process D/SystemServerTiming: StartSliceManagerService took to complete: 2ms
09-17 21:45:16.479 8348-8348/system_process I/SystemServer: StartCameraServiceProxy
09-17 21:45:16.479 8348-8348/system_process I/SystemServiceManager: Starting com.android.server.camera.CameraServiceProxy
09-17 21:45:16.482 8348-8348/system_process D/SystemServerTiming: StartCameraServiceProxy took to complete: 3ms
09-17 21:45:16.482 8348-8348/system_process I/SystemServer: StartStatsCompanionService
09-17 21:45:16.482 8348-8348/system_process I/SystemServiceManager: Starting com.android.server.stats.StatsCompanionService$Lifecycle
09-17 21:45:16.484 8348-8348/system_process I/StatsCompanionService: register thermal listener successfully
09-17 21:45:16.489 8348-8348/system_process D/SystemServerTiming: StartStatsCompanionService took to complete: 7ms
09-17 21:45:16.489 8348-8348/system_process I/SystemServer: StartIncidentCompanionService
09-17 21:45:16.489 8348-8348/system_process I/SystemServiceManager: Starting com.android.server.incident.IncidentCompanionService
09-17 21:45:16.490 8348-8348/system_process D/SystemServerTiming: StartIncidentCompanionService took to complete: 1ms
09-17 21:45:16.514 8348-8445/system_process V/FingerprintService: Enumerating user(0)
09-17 21:45:16.515 8348-8445/system_process D/SystemServerInitThreadPool: Finished executing FingerprintService.onStart
09-17 21:45:16.528 8348-8348/system_process W/system_server: resources.arsc in APK '/data/app/com.eg.android.AlipayGphone-g2wGsn_Abpmx-VV8R0W5-w==/base.apk' is compressed.
09-17 21:45:16.530 937-1111/? I/ThermalEngine: vs_get_temperature: read[0] xo_therm 45000 mC, weight[0] 2
09-17 21:45:16.531 937-1111/? I/ThermalEngine: vs_get_temperature: read[1] quiet_therm 37000 mC, weight[1] 1
09-17 21:45:16.578 8348-8348/system_process I/SystemServer: StartMmsService
09-17 21:45:16.578 8348-8348/system_process I/SystemServiceManager: Starting com.android.server.MmsServiceBroker
09-17 21:45:16.579 8348-8348/system_process D/SystemServerTiming: StartMmsService took to complete: 1ms
09-17 21:45:16.579 8348-8348/system_process I/SystemServer: StartAutoFillService
09-17 21:45:16.579 8348-8348/system_process I/SystemServiceManager: Starting com.android.server.autofill.AutofillManagerService
09-17 21:45:16.580 8348-8348/system_process D/AutofillManagerService: setLogLevelFromSettings(): level=2, debug=true, verbose=false
    setMaxPartitionsFromSettings(): 10
    setMaxVisibleDatasetsFromSettings(): 0
09-17 21:45:16.581 8348-8348/system_process D/AutofillManagerServiceImpl: Reset component for user 0:
09-17 21:45:16.581 8348-8372/system_process D/AutofillUI: destroySaveUiUiThread(): already destroyed
09-17 21:45:16.582 8348-8348/system_process D/SystemServerTiming: StartAutoFillService took to complete: 3ms
09-17 21:45:16.582 8348-8348/system_process I/SystemServer: StartClipboardService
09-17 21:45:16.582 8348-8348/system_process I/SystemServiceManager: Starting com.android.server.clipboard.ClipboardService
09-17 21:45:16.582 8348-8348/system_process D/SystemServerTiming: StartClipboardService took to complete: 0ms
09-17 21:45:16.582 8348-8348/system_process I/SystemServer: AppServiceManager
09-17 21:45:16.582 8348-8348/system_process I/SystemServiceManager: Starting com.android.server.appbinding.AppBindingService$Lifecycle
09-17 21:45:16.583 8348-8348/system_process D/SystemServerTiming: AppServiceManager took to complete: 1ms
09-17 21:45:16.584 8348-8348/system_process I/LineageSystemServer: Attempting to start service org.lineageos.platform.internal.ProfileManagerService
09-17 21:45:16.587 8348-8348/system_process I/LineageSystemServer: Starting service org.lineageos.platform.internal.ProfileManagerService
09-17 21:45:16.587 8348-8348/system_process I/SystemServiceManager: Starting org.lineageos.platform.internal.ProfileManagerService
09-17 21:45:16.587 589-589/? E/ServiceManager: add_service('profile',9b) uid=1000 - ALREADY REGISTERED, OVERRIDE
09-17 21:45:16.587 589-589/? I/ServiceManager: service 'profile' died
09-17 21:45:16.589 8348-8348/system_process V/ProfileTriggerHelper: Enabling
09-17 21:45:16.590 8348-8348/system_process D/LineageProfileService: Found active: 0230226d-0d05-494a-a9bd-d222a1117655
09-17 21:45:16.591 8348-8348/system_process D/LineageProfileService: Set active profile to: 0230226d-0d05-494a-a9bd-d222a1117655 - Default
    Saving profile data...
09-17 21:45:16.592 8348-8348/system_process D/LineageProfileService: Save completed.
09-17 21:45:16.593 8348-8348/system_process I/LineageSystemServer: Attempting to start service org.lineageos.platform.internal.LineageHardwareService
09-17 21:45:16.594 8348-8348/system_process I/LineageSystemServer: Starting service org.lineageos.platform.internal.LineageHardwareService
09-17 21:45:16.594 8348-8348/system_process I/SystemServiceManager: Starting org.lineageos.platform.internal.LineageHardwareService
09-17 21:45:16.594 589-589/? E/ServiceManager: add_service('lineagehardware',9c) uid=1000 - ALREADY REGISTERED, OVERRIDE
09-17 21:45:16.594 589-589/? I/ServiceManager: service 'lineagehardware' died
09-17 21:45:16.594 8348-8348/system_process I/LineageSystemServer: Attempting to start service org.lineageos.platform.internal.PerformanceManagerService
09-17 21:45:16.600 8348-8348/system_process I/LineageSystemServer: Starting service org.lineageos.platform.internal.PerformanceManagerService
09-17 21:45:16.600 8348-8348/system_process I/SystemServiceManager: Starting org.lineageos.platform.internal.PerformanceManagerService
09-17 21:45:16.603 8348-8348/system_process I/LineageSystemServer: Attempting to start service org.lineageos.platform.internal.display.LiveDisplayService
09-17 21:45:16.609 8348-8348/system_process I/LineageSystemServer: Starting service org.lineageos.platform.internal.display.LiveDisplayService
09-17 21:45:16.609 8348-8348/system_process I/SystemServiceManager: Starting org.lineageos.platform.internal.display.LiveDisplayService
09-17 21:45:16.612 8348-8348/system_process I/LineageSystemServer: Attempting to start service org.lineageos.platform.internal.LineageAudioService
09-17 21:45:16.613 8348-8348/system_process I/LineageSystemServer: Starting service org.lineageos.platform.internal.LineageAudioService
09-17 21:45:16.613 8348-8348/system_process I/SystemServiceManager: Starting org.lineageos.platform.internal.LineageAudioService
09-17 21:45:16.615 8348-8348/system_process V/Riru: jniRegisterNativeMethods org/lineageos/platform/internal/LineageAudioService
09-17 21:45:16.616 8348-8348/system_process I/LineageSystemServer: Attempting to start service org.lineageos.platform.internal.TrustInterfaceService
09-17 21:45:16.618 8348-8348/system_process I/LineageSystemServer: Starting service org.lineageos.platform.internal.TrustInterfaceService
09-17 21:45:16.618 8348-8348/system_process I/SystemServiceManager: Starting org.lineageos.platform.internal.TrustInterfaceService
09-17 21:45:16.618 589-589/? E/ServiceManager: add_service('lineagetrust',a0) uid=1000 - ALREADY REGISTERED, OVERRIDE
09-17 21:45:16.618 589-589/? I/ServiceManager: service 'lineagetrust' died
09-17 21:45:16.622 8348-8348/system_process I/android_os_HwBinder: HwBinder: Starting thread pool for getting: vendor.lineage.trust@1.0::IUsbRestrict/default
09-17 21:45:16.626 8348-8348/system_process E/NotificationService: Suppressing notification from package by user request.
09-17 21:45:16.626 8348-8348/system_process I/LineageSystemServer: Attempting to start service org.lineageos.platform.internal.LineageSettingsService
09-17 21:45:16.627 8348-8348/system_process I/LineageSystemServer: Starting service org.lineageos.platform.internal.LineageSettingsService
09-17 21:45:16.627 8348-8348/system_process I/SystemServiceManager: Starting org.lineageos.platform.internal.LineageSettingsService
09-17 21:45:16.627 8348-8348/system_process I/SystemServer: MakeVibratorServiceReady
09-17 21:45:16.628 8348-8348/system_process D/SystemServerTiming: MakeVibratorServiceReady took to complete: 1ms
09-17 21:45:16.628 8348-8348/system_process I/SystemServer: MakeLockSettingsServiceReady
09-17 21:45:16.637 590-590/? I/hwservicemanager: getTransport: Cannot find entry android.hardware.weaver@1.0::IWeaver/default in either framework or device manifest.
09-17 21:45:16.638 8348-8348/system_process I/SyntheticPasswordManager: Device does not support weaver
09-17 21:45:16.639 590-590/? I/hwservicemanager: getTransport: Cannot find entry android.hardware.authsecret@1.0::IAuthSecret/default in either framework or device manifest.
09-17 21:45:16.640 8348-8348/system_process I/LockSettingsService: Device doesn't implement AuthSecret HAL
09-17 21:45:16.641 8348-8348/system_process E/LockSettingsStorage: Cannot read file java.io.FileNotFoundException: /data/system/gatekeeper.gesture.key: open failed: ENOENT (No such file or directory)
    Cannot read file java.io.FileNotFoundException: /data/system/gesture.key: open failed: ENOENT (No such file or directory)
09-17 21:45:16.641 8348-8348/system_process D/SystemServerTiming: MakeLockSettingsServiceReady took to complete: 14ms
09-17 21:45:16.642 8348-8348/system_process I/SystemServer: StartBootPhaseLockSettingsReady
09-17 21:45:16.642 8348-8348/system_process I/SystemServiceManager: Starting phase 480
09-17 21:45:16.644 8348-8348/system_process W/DevicePolicyManager: Trying to set ro.device_owner, but it has already been set?
09-17 21:45:16.645 8348-8427/system_process D/SystemServerInitThreadPool: Started executing DevicePolicyManager
09-17 21:45:16.646 8348-8348/system_process D/SystemServerTiming: StartBootPhaseLockSettingsReady took to complete: 4ms
09-17 21:45:16.646 8348-8348/system_process I/SystemServer: StartBootPhaseSystemServicesReady
09-17 21:45:16.646 8348-8348/system_process I/SystemServiceManager: Starting phase 500
09-17 21:45:16.646 8348-8427/system_process D/SystemServerInitThreadPool: Finished executing DevicePolicyManager
09-17 21:45:16.648 8348-8348/system_process D/AppStandbyController: Setting app idle enabled state
09-17 21:45:16.656 8348-8348/system_process D/TestHarnessModeService: Setting up test harness mode
    Getting PersistentDataBlockManagerInternal from LocalServices
09-17 21:45:16.670 8348-8348/system_process I/WifiService: WifiService starting up with Wi-Fi disabled
09-17 21:45:16.678 8348-8534/system_process I/android_os_HwBinder: HwBinder: Starting thread pool for getting: android.hidl.manager@1.2::IServiceManager/default
09-17 21:45:16.683 8348-8553/system_process D/HalDevMgr: IWifi registration notification: fqName=android.hardware.wifi@1.0::IWifi, name=default, preexisting=true
09-17 21:45:16.692 8348-8534/system_process I/android_os_HwBinder: HwBinder: Starting thread pool for getting: android.hardware.wifi@1.0::IWifi/default
09-17 21:45:16.698 8348-8534/system_process D/WificondControl: tearing down interfaces in wificond
09-17 21:45:16.712 8348-8348/system_process D/WifiController: isAirplaneModeOn = false, isWifiEnabled = false, isScanningAvailable = false, isLocationModeActive = false
09-17 21:45:16.715 8348-8348/system_process I/WifiScanningService: Starting wifiscanner
09-17 21:45:16.726 8348-8348/system_process I/EthernetServiceImpl: Starting Ethernet service
09-17 21:45:16.735 8348-8348/system_process D/Ethernet: Registering NetworkFactory
09-17 21:45:16.736 8348-8537/system_process D/ConnectivityService: Got NetworkFactory Messenger for Ethernet
09-17 21:45:16.736 8348-8348/system_process E/IpConfigStore: Error opening configuration file: java.io.FileNotFoundException: /data/misc/ethernet/ipconfig.txt: open failed: ENOENT (No such file or directory)
09-17 21:45:16.737 8348-8572/system_process D/Ethernet: got request NetworkRequest [ REQUEST id=1, [ Capabilities: INTERNET&NOT_RESTRICTED&TRUSTED&NOT_VPN] ] with score 0 and serial -1
09-17 21:45:16.738 8152-8152/? I/netd: interfaceGetList() -> {["rmnet_ipa0","p2p0","sit0","lo","wlan0","wlan1","bond0","ip6_vti0","dummy0","r_rmnet_data6","r_rmnet_data5","r_rmnet_data7","r_rmnet_data8","r_rmnet_data0","r_rmnet_data2","r_rmnet_data1","r_rmnet_data3","r_rmnet_data4","ip6tnl0","rmnet_data6","rmnet_data5","rmnet_data7","rmnet_data0","rmnet_data1","rmnet_data3","rmnet_data2","rmnet_data4","ip_vti0"]} <0.21ms>
09-17 21:45:16.739 8348-8572/system_process I/EthernetTracker: maybeTrackInterface rmnet_ipa0
    maybeTrackInterface p2p0
    maybeTrackInterface sit0
    maybeTrackInterface lo
    maybeTrackInterface wlan0
    maybeTrackInterface wlan1
    maybeTrackInterface bond0
    maybeTrackInterface ip6_vti0
09-17 21:45:16.740 8348-8572/system_process I/EthernetTracker: maybeTrackInterface dummy0
    maybeTrackInterface r_rmnet_data6
    maybeTrackInterface r_rmnet_data5
    maybeTrackInterface r_rmnet_data7
    maybeTrackInterface r_rmnet_data8
    maybeTrackInterface r_rmnet_data0
    maybeTrackInterface r_rmnet_data2
    maybeTrackInterface r_rmnet_data1
    maybeTrackInterface r_rmnet_data3
    maybeTrackInterface r_rmnet_data4
    maybeTrackInterface ip6tnl0
09-17 21:45:16.741 8348-8572/system_process I/EthernetTracker: maybeTrackInterface rmnet_data6
    maybeTrackInterface rmnet_data5
09-17 21:45:16.742 8348-8572/system_process I/EthernetTracker: maybeTrackInterface rmnet_data7
    maybeTrackInterface rmnet_data0
    maybeTrackInterface rmnet_data1
    maybeTrackInterface rmnet_data3
    maybeTrackInterface rmnet_data2
    maybeTrackInterface rmnet_data4
09-17 21:45:16.743 8348-8572/system_process I/EthernetTracker: maybeTrackInterface ip_vti0
09-17 21:45:16.750 8149-8207/? D/PermissionCache: checking android.permission.CAPTURE_AUDIO_HOTWORD for uid=1000 => granted (241 us)
09-17 21:45:16.751 8348-8348/system_process D/ContextHubSystemService: onBootPhase: PHASE_SYSTEM_SERVICES_READY
09-17 21:45:16.753 8348-8348/system_process I/PowerManagerService-JNI: Loaded power HAL service
09-17 21:45:16.757 8348-8348/system_process E/PerformanceManager: System is not ready, dropping profile request
    System is not ready, dropping profile request
09-17 21:45:16.758 8348-8348/system_process D/SystemServerTiming: StartBootPhaseSystemServicesReady took to complete: 112ms
09-17 21:45:16.758 8348-8348/system_process I/SystemServer: MakeWindowManagerServiceReady
09-17 21:45:16.773 590-590/? I/hwservicemanager: getTransport: Cannot find entry vendor.lineage.touch@1.0::IKeyDisabler/default in either framework or device manifest.
09-17 21:45:16.779 8348-8374/system_process I/ActivityTaskManager: Config changes=20 {1.0 ?mcc?mnc [en_US] ldltr sw432dp w432dp h792dp 400dpi nrml long port night finger -keyb/v/h -nav/h winConfig={ mBounds=Rect(0, 0 - 1080, 2160) mAppBounds=Rect(0, 0 - 1080, 2040) mWindowingMode=fullscreen mDisplayWindowingMode=fullscreen mActivityType=undefined mAlwaysOnTop=undefined mRotation=ROTATION_0} s.6}
09-17 21:45:16.799 8348-8374/system_process I/ActivityTaskManager: Override config changes=20 {1.0 ?mcc?mnc [en_US] ldltr sw432dp w432dp h792dp 400dpi nrml long port night finger -keyb/v/h -nav/h winConfig={ mBounds=Rect(0, 0 - 1080, 2160) mAppBounds=Rect(0, 0 - 1080, 2040) mWindowingMode=fullscreen mDisplayWindowingMode=fullscreen mActivityType=undefined mAlwaysOnTop=undefined mRotation=ROTATION_0} s.6} for displayId=0
09-17 21:45:16.807 8348-8348/system_process I/android_os_HwBinder: HwBinder: Starting thread pool for getting: android.hardware.configstore@1.0::ISurfaceFlingerConfigs/default
09-17 21:45:16.809 8348-8534/system_process D/WifiActiveModeWarden: received a message in WifiDisabledState: { when=0 what=3 target=com.android.internal.util.StateMachine$SmHandler }
    Switching from WifiDisabledState to WifiDisabled
    Entering WifiDisabledState
09-17 21:45:16.810 8348-8348/system_process I/android_os_HwBinder: HwBinder: Starting thread pool for getting: android.hardware.configstore@1.0::ISurfaceFlingerConfigs/default
09-17 21:45:16.811 8348-8348/system_process D/SystemServerTiming: MakeWindowManagerServiceReady took to complete: 53ms
09-17 21:45:16.811 8348-8348/system_process I/SystemServer: MakePowerManagerServiceReady
09-17 21:45:16.822 8348-8373/system_process I/DropBoxManagerService: add tag=system_server_strictmode isTagEnabled=true flags=0x2
09-17 21:45:16.831 8348-8373/system_process I/chatty: uid=1000(system) android.io identical 4 lines
09-17 21:45:16.833 8348-8373/system_process I/DropBoxManagerService: add tag=system_server_strictmode isTagEnabled=true flags=0x2
09-17 21:45:16.835 8348-8348/system_process E/DisplayPowerController: failed to set up display white-balance: java.lang.IllegalStateException: cannot find sensor com.google.sensor.color
09-17 21:45:16.836 8348-8373/system_process I/DropBoxManagerService: add tag=system_server_strictmode isTagEnabled=true flags=0x2
09-17 21:45:16.839 8348-8373/system_process I/chatty: uid=1000(system) android.io identical 1 line
09-17 21:45:16.841 8348-8373/system_process I/DropBoxManagerService: add tag=system_server_strictmode isTagEnabled=true flags=0x2
09-17 21:45:16.845 8348-8387/system_process W/KeyguardServiceDelegate: onScreenTurningOn(): no keyguard service!
09-17 21:45:16.845 8348-8373/system_process I/DropBoxManagerService: add tag=system_server_strictmode isTagEnabled=true flags=0x2
09-17 21:45:16.849 8348-8348/system_process D/SystemServerTiming: MakePowerManagerServiceReady took to complete: 38ms
09-17 21:45:16.849 8348-8348/system_process I/SystemServer: StartPermissionPolicyService
09-17 21:45:16.849 8348-8348/system_process I/SystemServiceManager: Starting com.android.server.policy.PermissionPolicyService
09-17 21:45:16.851 8348-8348/system_process D/SystemServerTiming: StartPermissionPolicyService took to complete: 2ms
09-17 21:45:16.851 8348-8348/system_process I/SystemServer: MakePackageManagerServiceReady
09-17 21:45:16.857 8348-8387/system_process V/DisplayPowerController: Brightness [128] reason changing to: 'override', previous reason: '0'.
