ng: StartMidiManager took to complete: 2ms
09-17 21:45:08.657 7920-7920/system_process I/SystemServer: StartAdbService
09-17 21:45:08.657 7920-7920/system_process I/SystemServiceManager: Starting com.android.server.adb.AdbService$Lifecycle
09-17 21:45:08.660 7920-7920/system_process D/SystemServerTiming: StartAdbService took to complete: 3ms
09-17 21:45:08.660 7920-7920/system_process I/SystemServer: StartUsbService
09-17 21:45:08.661 7920-7920/system_process I/SystemServiceManager: Starting com.android.server.usb.UsbService$Lifecycle
09-17 21:45:08.671 7920-7920/system_process E/UsbDeviceManager: failed to write to /sys/class/android_usb/android0/f_rndis/ethaddr
09-17 21:45:08.672 590-590/? I/hwservicemanager: getTransport: Cannot find entry android.hardware.usb.gadget@1.0::IUsbGadget/default in either framework or device manifest.
09-17 21:45:08.674 7920-7920/system_process I/UsbDeviceManager: USB GADGET HAL not present in the device
    java.util.NoSuchElementException
        at android.os.HwBinder.getService(Native Method)
        at android.hardware.usb.gadget.V1_0.IUsbGadget.getService(IUsbGadget.java:55)
        at android.hardware.usb.gadget.V1_0.IUsbGadget.getService(IUsbGadget.java:62)
        at com.android.server.usb.UsbDeviceManager.<init>(UsbDeviceManager.java:266)
        at com.android.server.usb.UsbService.<init>(UsbService.java:150)
        at com.android.server.usb.UsbService$Lifecycle.onStart(UsbService.java:84)
        at com.android.server.SystemServiceManager.startService(SystemServiceManager.java:130)
        at com.android.server.SystemServiceManager.startService(SystemServiceManager.java:117)
        at com.android.server.SystemServiceManager.startService(SystemServiceManager.java:76)
        at com.android.server.SystemServer.startOtherServices(SystemServer.java:1562)
        at com.android.server.SystemServer.run(SystemServer.java:529)
        at com.android.server.SystemServer.main(SystemServer.java:356)
        at java.lang.reflect.Method.invoke(Native Method)
        at com.android.internal.os.RuntimeInit$MethodAndArgsCaller.run(RuntimeInit.java:491)
        at com.android.internal.os.ZygoteInit.main(ZygoteInit.java:918)
09-17 21:45:08.674 7920-7920/system_process E/UsbDeviceManagerJNI: could not open control for mtp Permission denied
09-17 21:45:08.674 7920-7920/system_process E/UsbDeviceManager: Failed to open control for mtp
09-17 21:45:08.674 7920-7920/system_process E/UsbDeviceManagerJNI: could not open control for ptp Permission denied
09-17 21:45:08.674 7920-7920/system_process E/UsbDeviceManager: Failed to open control for ptp
09-17 21:45:08.696 7920-7920/system_process W/StorageManagerService: No primary storage defined yet; hacking together a stub
09-17 21:45:08.700 7920-7920/system_process I/android_os_HwBinder: HwBinder: Starting thread pool for getting: android.hidl.manager@1.0::IServiceManager/default
09-17 21:45:08.702 7920-7960/system_process I/UsbPortManager: Usb hal service started android.hardware.usb@1.0::IUsb default
09-17 21:45:08.703 7920-7920/system_process I/android_os_HwBinder: HwBinder: Starting thread pool for getting: android.hardware.usb@1.0::IUsb/default
09-17 21:45:08.705 804-804/? I/android.hardware.usb@1.0-service: otg_default
    canChangeMode: 0 canChagedata: 0 canChangePower:0
09-17 21:45:08.707 7920-7920/system_process D/SystemServerTiming: StartUsbService took to complete: 46ms
09-17 21:45:08.707 7920-7920/system_process I/SystemServer: StartSerialService
09-17 21:45:08.708 7920-7920/system_process D/SystemServerTiming: StartSerialService took to complete: 1ms
09-17 21:45:08.708 7920-7920/system_process I/SystemServer: StartHardwarePropertiesManagerService
09-17 21:45:08.708 590-590/? I/hwservicemanager: getTransport: Cannot find entry android.hardware.thermal@1.0::IThermal/default in either framework or device manifest.
09-17 21:45:08.708 7920-7920/system_process E/HardwarePropertiesManagerService-JNI: Unable to get Thermal service.
09-17 21:45:08.709 7920-7920/system_process D/SystemServerTiming: StartHardwarePropertiesManagerService took to complete: 1ms
09-17 21:45:08.709 7920-7920/system_process I/SystemServer: StartTwilightService
09-17 21:45:08.709 7920-7920/system_process I/SystemServiceManager: Starting com.android.server.twilight.TwilightService
09-17 21:45:08.709 7920-7920/system_process D/SystemServerTiming: StartTwilightService took to complete: 0ms
09-17 21:45:08.709 7920-7920/system_process I/SystemServer: StartColorDisplay
09-17 21:45:08.709 7920-7920/system_process I/SystemServiceManager: Starting com.android.server.display.color.ColorDisplayService
09-17 21:45:08.711 7920-7920/system_process D/SystemServerTiming: StartColorDisplay took to complete: 2ms
09-17 21:45:08.711 7920-7920/system_process I/SystemServer: StartJobScheduler
09-17 21:45:08.711 7920-7920/system_process I/SystemServiceManager: Starting com.android.server.job.JobSchedulerService
09-17 21:45:08.716 7920-7920/system_process D/JobStore: Start tag: job-info
09-17 21:45:08.718 7920-7920/system_process I/JobStore: Read 7 jobs
09-17 21:45:08.727 7920-7920/system_process D/SystemServerTiming: StartJobScheduler took to complete: 15ms
09-17 21:45:08.727 7920-7920/system_process I/SystemServer: StartSoundTrigger
09-17 21:45:08.727 7920-7920/system_process I/SystemServiceManager: Starting com.android.server.soundtrigger.SoundTriggerService
09-17 21:45:08.728 7920-7920/system_process D/SystemServerTiming: StartSoundTrigger took to complete: 1ms
09-17 21:45:08.728 7920-7920/system_process I/SystemServer: StartTrustManager
09-17 21:45:08.728 7920-7920/system_process I/SystemServiceManager: Starting com.android.server.trust.TrustManagerService
09-17 21:45:08.730 7920-7920/system_process D/SystemServerTiming: StartTrustManager took to complete: 2ms
09-17 21:45:08.730 7920-7920/system_process I/SystemServer: StartBackupManager
09-17 21:45:08.730 7920-7920/system_process I/SystemServiceManager: Starting com.android.server.backup.BackupManagerService$Lifecycle
09-17 21:45:08.732 7920-7920/system_process D/SystemServerTiming: StartBackupManager took to complete: 2ms
09-17 21:45:08.732 7920-7920/system_process I/SystemServer: StartAppWidgetService
09-17 21:45:08.732 7920-7920/system_process I/SystemServiceManager: Starting com.android.server.appwidget.AppWidgetService
09-17 21:45:08.735 7920-7920/system_process D/SystemServerTiming: StartAppWidgetService took to complete: 3ms
09-17 21:45:08.735 7920-7920/system_process I/SystemServer: StartRoleManagerService
09-17 21:45:08.738 7920-7920/system_process D/SystemServerTiming: StartRoleManagerService took to complete: 3ms
09-17 21:45:08.739 7920-7920/system_process I/SystemServer: StartVoiceRecognitionManager
09-17 21:45:08.739 7920-7920/system_process I/SystemServiceManager: Starting com.android.server.voiceinteraction.VoiceInteractionManagerService
09-17 21:45:08.742 7920-7920/system_process I/RoleUserState: Read roles.xml successfully
09-17 21:45:08.742 7920-7920/system_process W/VoiceInteractionManagerService: Unable to resolve default voice recognition service.
09-17 21:45:08.743 7920-7920/system_process D/SystemServerTiming: StartVoiceRecognitionManager took to complete: 4ms
09-17 21:45:08.743 7920-7920/system_process I/SystemServer: StartGestureLauncher
09-17 21:45:08.743 7920-7920/system_process I/SystemServiceManager: Starting com.android.server.GestureLauncherService
09-17 21:45:08.744 7920-7920/system_process D/SystemServerTiming: StartGestureLauncher took to complete: 1ms
09-17 21:45:08.744 7920-7920/system_process I/SystemServer: StartSensorNotification
09-17 21:45:08.744 7920-7920/system_process I/SystemServiceManager: Starting com.android.server.SensorNotificationService
09-17 21:45:08.744 7920-7920/system_process D/SystemServerTiming: StartSensorNotification took to complete: 0ms
09-17 21:45:08.744 7920-7920/system_process I/SystemServer: StartContextHubSystemService
09-17 21:45:08.744 7920-7920/system_process I/SystemServiceManager: Starting com.android.server.ContextHubSystemService
09-17 21:45:08.744 7920-7920/system_process D/SystemServerTiming: StartContextHubSystemService took to complete: 0ms
09-17 21:45:08.744 7920-7920/system_process I/SystemServer: StartDiskStatsService
09-17 21:45:08.744 7920-7950/system_process D/SystemServerInitThreadPool: Started executing Init ContextHubSystemService
09-17 21:45:08.745 590-590/? I/hwservicemanager: getTransport: Cannot find entry android.hardware.contexthub@1.0::IContexthub/default in either framework or device manifest.
09-17 21:45:08.745 7920-7950/system_process I/ContextHubService: Context Hub HAL service not found
09-17 21:45:08.745 7920-7950/system_process D/SystemServerInitThreadPool: Finished executing Init ContextHubSystemService
09-17 21:45:08.746 7920-7920/system_process D/SystemServerTiming: StartDiskStatsService took to complete: 2ms
09-17 21:45:08.746 7920-7920/system_process I/SystemServer: RuntimeService
09-17 21:45:08.746 7920-7920/system_process D/SystemServerTiming: RuntimeService took to complete: 0ms
09-17 21:45:08.746 7920-7920/system_process I/SystemServer: StartNetworkTimeUpdateService
09-17 21:45:08.747 7920-7920/system_process D/SystemServer: Using networkTimeUpdater class=class com.android.server.NewNetworkTimeUpdateService
09-17 21:45:08.747 7920-7920/system_process D/SystemServerTiming: StartNetworkTimeUpdateService took to complete: 1ms
09-17 21:45:08.747 7920-7920/system_process I/SystemServer: CertBlacklister
09-17 21:45:08.748 7920-7920/system_process D/SystemServerTiming: CertBlacklister took to complete: 1ms
09-17 21:45:08.748 7920-7920/system_process I/SystemServer: StartEmergencyAffordanceService
09-17 21:45:08.748 7920-7920/system_process I/SystemServiceManager: Starting com.android.server.emergency.EmergencyAffordanceService
09-17 21:45:08.749 7920-7920/system_process D/SystemServerTiming: StartEmergencyAffordanceService took to complete: 1ms
09-17 21:45:08.749 7920-7920/system_process I/SystemServer: StartDreamManager
09-17 21:45:08.749 7920-7920/system_process I/SystemServiceManager: Starting com.android.server.dreams.DreamManagerService
09-17 21:45:08.750 7920-7920/system_process D/SystemServerTiming: StartDreamManager took to complete: 1ms
09-17 21:45:08.750 7920-7920/system_process I/SystemServer: AddGraphicsStatsService
09-17 21:45:08.752 7920-7920/system_process D/SystemServerTiming: AddGraphicsStatsService took to complete: 2ms
09-17 21:45:08.752 7920-7920/system_process I/SystemServer: StartPrintManager
09-17 21:45:08.753 7920-7920/system_process I/SystemServiceManager: Starting com.android.server.print.PrintManagerService
09-17 21:45:08.755 7920-7920/system_process D/SystemServerTiming: StartPrintManager took to complete: 2ms
09-17 21:45:08.755 7920-7920/system_process I/SystemServer: StartCompanionDeviceManager
09-17 21:45:08.755 7920-7920/system_process I/SystemServiceManager: Starting com.android.server.companion.CompanionDeviceManagerService
09-17 21:45:08.757 7920-7920/system_process D/SystemServerTiming: StartCompanionDeviceManager took to complete: 2ms
09-17 21:45:08.757 7920-7920/system_process I/SystemServer: StartRestrictionManager
09-17 21:45:08.757 7920-7920/system_process I/SystemServiceManager: Starting com.android.server.restrictions.RestrictionsManagerService
09-17 21:45:08.757 7920-7920/system_process D/SystemServerTiming: StartRestrictionManager took to complete: 1ms
09-17 21:45:08.758 7920-7920/system_process I/SystemServer: StartMediaSessionService
09-17 21:45:08.758 7920-7920/system_process I/SystemServiceManager: Starting com.android.server.media.MediaSessionService
09-17 21:45:08.769 7920-7920/system_process D/SystemServerTiming: StartMediaSessionService took to complete: 11ms
09-17 21:45:08.769 7920-7920/system_process I/SystemServer: StartMediaResourceMonitor
09-17 21:45:08.769 7920-7920/system_process I/SystemServiceManager: Starting com.android.server.media.MediaResourceMonitorService
09-17 21:45:08.770 7920-7920/system_process D/SystemServerTiming: StartMediaResourceMonitor took to complete: 0ms
09-17 21:45:08.770 7920-7920/system_process I/SystemServer: StartMediaRouterService
09-17 21:45:08.772 7920-7920/system_process D/SystemServerTiming: StartMediaRouterService took to complete: 1ms
09-17 21:45:08.772 7920-7920/system_process I/SystemServer: StartFingerprintSensor
09-17 21:45:08.772 7920-7920/system_process I/SystemServiceManager: Starting com.android.server.biometrics.fingerprint.FingerprintService
09-17 21:45:08.775 7920-7920/system_process D/SystemServerTiming: StartFingerprintSensor took to complete: 3ms
09-17 21:45:08.775 7920-8016/system_process D/SystemServerInitThreadPool: Started executing FingerprintService.onStart
09-17 21:45:08.775 7920-7920/system_process I/SystemServer: StartBiometricService
09-17 21:45:08.775 7920-8016/system_process V/FingerprintService: mDaemon was null, reconnect to fingerprint
09-17 21:45:08.775 7920-7920/system_process I/SystemServiceManager: Starting com.android.server.biometrics.BiometricService
09-17 21:45:08.777 7920-8016/system_process I/android_os_HwBinder: HwBinder: Starting thread pool for getting: android.hardware.biometrics.fingerprint@2.1::IBiometricsFingerprint/default
09-17 21:45:08.777 7920-7920/system_process D/SystemServerTiming: StartBiometricService took to complete: 2ms
09-17 21:45:08.777 7920-8016/system_process V/FingerprintService: Fingerprint HAL id: 526284759040
09-17 21:45:08.777 7920-7920/system_process I/SystemServer: StartBackgroundDexOptService
09-17 21:45:08.778 7920-7920/system_process W/BackgroundDexOptService: SysProp pm.dexopt.downgrade_after_inactive_days not set
09-17 21:45:08.778 1147-1147/? I/[goodix][gf_hal]: [gf_hal_set_active_group] group_id=0
09-17 21:45:08.778 7920-7920/system_process D/SystemServerTiming: StartBackgroundDexOptService took to complete: 1ms
09-17 21:45:08.778 7920-7920/system_process I/SystemServer: StartDynamicCodeLoggingService
09-17 21:45:08.779 7920-7920/system_process D/SystemServerTiming: StartDynamicCodeLoggingService took to complete: 1ms
09-17 21:45:08.779 7920-7920/system_process I/SystemServer: StartPruneInstantAppsJobService
09-17 21:45:08.779 7920-7920/system_process D/SystemServerTiming: StartPruneInstantAppsJobService took to complete: 0ms
09-17 21:45:08.779 7920-7920/system_process I/SystemServer: StartShortcutServiceLifecycle
09-17 21:45:08.779 7920-7920/system_process I/SystemServiceManager: Starting com.android.server.pm.ShortcutService$Lifecycle
09-17 21:45:08.783 7920-7920/system_process D/SystemServerTiming: StartShortcutServiceLifecycle took to complete: 4ms
09-17 21:45:08.783 7920-7920/system_process I/SystemServer: StartLauncherAppsService
09-17 21:45:08.783 7920-7920/system_process I/SystemServiceManager: Starting com.android.server.pm.LauncherAppsService
09-17 21:45:08.784 7920-7920/system_process D/SystemServerTiming: StartLauncherAppsService took to complete: 1ms
09-17 21:45:08.784 7920-7920/system_process I/SystemServer: StartCrossProfileAppsService
09-17 21:45:08.784 7920-7920/system_process I/SystemServiceManager: Starting com.android.server.pm.CrossProfileAppsService
09-17 21:45:08.784 7920-7920/system_process D/SystemServerTiming: StartCrossProfileAppsService took to complete: 0ms
09-17 21:45:08.784 7920-7920/system_process I/SystemServer: StartMediaProjectionManager
09-17 21:45:08.785 7920-7920/system_process I/SystemServiceManager: Starting com.android.server.media.projection.MediaProjectionManagerService
09-17 21:45:08.787 7920-7920/system_process V/MediaRouter: Selecting route: RouteInfo{ name=Phone, description=null, status=null, category=RouteCategory{ name=System types=ROUTE_TYPE_LIVE_AUDIO ROUTE_TYPE_LIVE_VIDEO  groupable=false }, supportedTypes=ROUTE_TYPE_LIVE_AUDIO ROUTE_TYPE_LIVE_VIDEO , presentationDisplay=null }
09-17 21:45:08.788 7920-7920/system_process D/SystemServerTiming: StartMediaProjectionManager took to complete: 3ms
09-17 21:45:08.788 7920-7920/system_process I/SystemServer: StartSliceManagerService
09-17 21:45:08.788 7920-7920/system_process I/SystemServiceManager: Starting com.android.server.slice.SliceManagerService$Lifecycle
09-17 21:45:08.790 7920-7920/system_process D/SystemServerTiming: StartSliceManagerService took to complete: 2ms
09-17 21:45:08.790 7920-7920/system_process I/SystemServer: StartCameraServiceProxy
09-17 21:45:08.790 7920-7920/system_process I/SystemServiceManager: Starting com.android.server.camera.CameraServiceProxy
09-17 21:45:08.792 7920-7920/system_process D/SystemServerTiming: StartCameraServiceProxy took to complete: 3ms
09-17 21:45:08.793 7920-7920/system_process I/SystemServer: StartStatsCompanionService
09-17 21:45:08.793 7920-7920/system_process I/SystemServiceManager: Starting com.android.server.stats.StatsCompanionService$Lifecycle
09-17 21:45:08.795 7920-7920/system_process I/StatsCompanionService: register thermal listener successfully
09-17 21:45:08.799 7920-7920/system_process D/SystemServerTiming: StartStatsCompanionService took to complete: 6ms
09-17 21:45:08.799 7920-7920/system_process I/SystemServer: StartIncidentCompanionService
09-17 21:45:08.799 7920-7920/system_process I/SystemServiceManager: Starting com.android.server.incident.IncidentCompanionService
09-17 21:45:08.800 7920-7920/system_process D/SystemServerTiming: StartIncidentCompanionService took to complete: 1ms
09-17 21:45:08.819 7920-8016/system_process V/FingerprintService: Enumerating user(0)
09-17 21:45:08.820 7920-8016/system_process D/SystemServerInitThreadPool: Finished executing FingerprintService.onStart
09-17 21:45:08.830 7920-7920/system_process W/system_server: resources.arsc in APK '/data/app/com.eg.android.AlipayGphone-g2wGsn_Abpmx-VV8R0W5-w==/base.apk' is compressed.
09-17 21:45:08.883 7920-7920/system_process I/SystemServer: StartMmsService
09-17 21:45:08.884 7920-7920/system_process I/SystemServiceManager: Starting com.android.server.MmsServiceBroker
09-17 21:45:08.884 7920-7920/system_process D/SystemServerTiming: StartMmsService took to complete: 0ms
09-17 21:45:08.884 7920-7920/system_process I/SystemServer: StartAutoFillService
09-17 21:45:08.885 7920-7920/system_process I/SystemServiceManager: Starting com.android.server.autofill.AutofillManagerService
09-17 21:45:08.886 7920-7920/system_process D/AutofillManagerService: setLogLevelFromSettings(): level=2, debug=true, verbose=false
    setMaxPartitionsFromSettings(): 10
    setMaxVisibleDatasetsFromSettings(): 0
09-17 21:45:08.887 7920-7920/system_process D/AutofillManagerServiceImpl: Reset component for user 0:
09-17 21:45:08.887 7920-7944/system_process D/AutofillUI: destroySaveUiUiThread(): already destroyed
09-17 21:45:08.888 7920-7920/system_process D/SystemServerTiming: StartAutoFillService took to complete: 4ms
09-17 21:45:08.888 7920-7920/system_process I/SystemServer: StartClipboardService
09-17 21:45:08.888 7920-7920/system_process I/SystemServiceManager: Starting com.android.server.clipboard.ClipboardService
09-17 21:45:08.888 7920-7920/system_process D/SystemServerTiming: StartClipboardService took to complete: 0ms
09-17 21:45:08.888 7920-7920/system_process I/SystemServer: AppServiceManager
09-17 21:45:08.888 7920-7920/system_process I/SystemServiceManager: Starting com.android.server.appbinding.AppBindingService$Lifecycle
09-17 21:45:08.889 7920-7920/system_process D/SystemServerTiming: AppServiceManager took to complete: 1ms
09-17 21:45:08.890 7920-7920/system_process I/LineageSystemServer: Attempting to start service org.lineageos.platform.internal.ProfileManagerService
09-17 21:45:08.893 7920-7920/system_process I/LineageSystemServer: Starting service org.lineageos.platform.internal.ProfileManagerService
09-17 21:45:08.893 7920-7920/system_process I/SystemServiceManager: Starting org.lineageos.platform.internal.ProfileManagerService
09-17 21:45:08.894 589-589/? E/ServiceManager: add_service('profile',9b) uid=1000 - ALREADY REGISTERED, OVERRIDE
09-17 21:45:08.894 589-589/? I/ServiceManager: service 'profile' died
09-17 21:45:08.896 7920-7920/system_process V/ProfileTriggerHelper: Enabling
09-17 21:45:08.897 7920-7920/system_process D/LineageProfileService: Found active: 0230226d-0d05-494a-a9bd-d222a1117655
09-17 21:45:08.898 7920-7920/system_process D/LineageProfileService: Set active profile to: 0230226d-0d05-494a-a9bd-d222a1117655 - Default
    Saving profile data...
09-17 21:45:08.899 7920-7920/system_process D/LineageProfileService: Save completed.
09-17 21:45:08.899 7920-7920/system_process I/LineageSystemServer: Attempting to start service org.lineageos.platform.internal.LineageHardwareService
09-17 21:45:08.901 7920-7920/system_process I/LineageSystemServer: Starting service org.lineageos.platform.internal.LineageHardwareService
09-17 21:45:08.901 7920-7920/system_process I/SystemServiceManager: Starting org.lineageos.platform.internal.LineageHardwareService
09-17 21:45:08.901 589-589/? E/ServiceManager: add_service('lineagehardware',9c) uid=1000 - ALREADY REGISTERED, OVERRIDE
09-17 21:45:08.901 589-589/? I/ServiceManager: service 'lineagehardware' died
09-17 21:45:08.901 7920-7920/system_process I/LineageSystemServer: Attempting to start service org.lineageos.platform.internal.PerformanceManagerService
09-17 21:45:08.905 7920-7920/system_process I/LineageSystemServer: Starting service org.lineageos.platform.internal.PerformanceManagerService
09-17 21:45:08.905 7920-7920/system_process I/SystemServiceManager: Starting org.lineageos.platform.internal.PerformanceManagerService
09-17 21:45:08.907 7920-7920/system_process I/LineageSystemServer: Attempting to start service org.lineageos.platform.internal.display.LiveDisplayService
09-17 21:45:08.912 7920-7920/system_process I/LineageSystemServer: Starting service org.lineageos.platform.internal.display.LiveDisplayService
09-17 21:45:08.912 7920-7920/system_process I/SystemServiceManager: Starting org.lineageos.platform.internal.display.LiveDisplayService
09-17 21:45:08.913 7920-7920/system_process I/LineageSystemServer: Attempting to start service org.lineageos.platform.internal.LineageAudioService
09-17 21:45:08.914 7920-7920/system_process I/LineageSystemServer: Starting service org.lineageos.platform.internal.LineageAudioService
09-17 21:45:08.914 7920-7920/system_process I/SystemServiceManager: Starting org.lineageos.platform.internal.LineageAudioService
09-17 21:45:08.916 7920-7920/system_process V/Riru: jniRegisterNativeMethods org/lineageos/platform/internal/LineageAudioService
09-17 21:45:08.916 7920-7920/system_process I/LineageSystemServer: Attempting to start service org.lineageos.platform.internal.TrustInterfaceService
09-17 21:45:08.918 7920-7920/system_process I/LineageSystemServer: Starting service org.lineageos.platform.internal.TrustInterfaceService
09-17 21:45:08.918 7920-7920/system_process I/SystemServiceManager: Starting org.lineageos.platform.internal.TrustInterfaceService
09-17 21:45:08.918 589-589/? E/ServiceManager: add_service('lineagetrust',a0) uid=1000 - ALREADY REGISTERED, OVERRIDE
09-17 21:45:08.918 589-589/? I/ServiceManager: service 'lineagetrust' died
09-17 21:45:08.920 7920-7920/system_process I/android_os_HwBinder: HwBinder: Starting thread pool for getting: vendor.lineage.trust@1.0::IUsbRestrict/default
09-17 21:45:08.924 7920-7920/system_process E/NotificationService: Suppressing notification from package by user request.
09-17 21:45:08.924 7920-7920/system_process I/LineageSystemServer: Attempting to start service org.lineageos.platform.internal.LineageSettingsService
09-17 21:45:08.925 7920-7920/system_process I/LineageSystemServer: Starting service org.lineageos.platform.internal.LineageSettingsService
09-17 21:45:08.925 7920-7920/system_process I/SystemServiceManager: Starting org.lineageos.platform.internal.LineageSettingsService
09-17 21:45:08.925 7920-7920/system_process I/SystemServer: MakeVibratorServiceReady
09-17 21:45:08.926 7920-7920/system_process D/SystemServerTiming: MakeVibratorServiceReady took to complete: 1ms
09-17 21:45:08.926 7920-7920/system_process I/SystemServer: MakeLockSettingsServiceReady
09-17 21:45:08.932 590-590/? I/hwservicemanager: getTransport: Cannot find entry android.hardware.weaver@1.0::IWeaver/default in either framework or device manifest.
09-17 21:45:08.932 7920-7920/system_process I/SyntheticPasswordManager: Device does not support weaver
09-17 21:45:08.933 590-590/? I/hwservicemanager: getTransport: Cannot find entry android.hardware.authsecret@1.0::IAuthSecret/default in either framework or device manifest.
09-17 21:45:08.933 7920-7920/system_process I/LockSettingsService: Device doesn't implement AuthSecret HAL
09-17 21:45:08.934 7920-7920/system_process E/LockSettingsStorage: Cannot read file java.io.FileNotFoundException: /data/system/gatekeeper.gesture.key: open failed: ENOENT (No such file or directory)
09-17 21:45:08.935 7920-7920/system_process E/LockSettingsStorage: Cannot read file java.io.FileNotFoundException: /data/system/gesture.key: open failed: ENOENT (No such file or directory)
09-17 21:45:08.935 7920-7920/system_process D/SystemServerTiming: MakeLockSettingsServiceReady took to complete: 9ms
09-17 21:45:08.935 7920-7920/system_process I/SystemServer: StartBootPhaseLockSettingsReady
09-17 21:45:08.935 7920-7920/system_process I/SystemServiceManager: Starting phase 480
09-17 21:45:08.937 7920-7920/system_process W/DevicePolicyManager: Trying to set ro.device_owner, but it has already been set?
09-17 21:45:08.939 7920-7999/system_process D/SystemServerInitThreadPool: Started executing DevicePolicyManager
09-17 21:45:08.939 7920-7920/system_process D/SystemServerTiming: StartBootPhaseLockSettingsReady took to complete: 4ms
09-17 21:45:08.939 7920-7920/system_process I/SystemServer: StartBootPhaseSystemServicesReady
09-17 21:45:08.939 7920-7920/system_process I/SystemServiceManager: Starting phase 500
09-17 21:45:08.940 7920-7999/system_process D/SystemServerInitThreadPool: Finished executing DevicePolicyManager
09-17 21:45:08.940 7920-7920/system_process D/AppStandbyController: Setting app idle enabled state
09-17 21:45:08.946 7920-7920/system_process D/TestHarnessModeService: Setting up test harness mode
    Getting PersistentDataBlockManagerInternal from LocalServices
09-17 21:45:08.960 7920-7920/system_process I/WifiService: WifiService starting up with Wi-Fi disabled
09-17 21:45:08.967 7920-8106/system_process I/android_os_HwBinder: HwBinder: Starting thread pool for getting: android.hidl.manager@1.2::IServiceManager/default
09-17 21:45:08.972 7920-8121/system_process D/HalDevMgr: IWifi registration notification: fqName=android.hardware.wifi@1.0::IWifi, name=default, preexisting=true
09-17 21:45:08.979 7920-8106/system_process I/android_os_HwBinder: HwBinder: Starting thread pool for getting: android.hardware.wifi@1.0::IWifi/default
09-17 21:45:08.985 7920-8106/system_process D/WificondControl: tearing down interfaces in wificond
09-17 21:45:08.996 7920-7920/system_process D/WifiController: isAirplaneModeOn = false, isWifiEnabled = false, isScanningAvailable = false, isLocationModeActive = false
09-17 21:45:08.998 7920-7920/system_process I/WifiScanningService: Starting wifiscanner
09-17 21:45:09.003 7920-7920/system_process I/EthernetServiceImpl: Starting Ethernet service
09-17 21:45:09.013 7920-7920/system_process D/Ethernet: Registering NetworkFactory
09-17 21:45:09.014 7920-8109/system_process D/ConnectivityService: Got NetworkFactory Messenger for Ethernet
09-17 21:45:09.015 7920-7920/system_process E/IpConfigStore: Error opening configuration file: java.io.FileNotFoundException: /data/misc/ethernet/ipconfig.txt: open failed: ENOENT (No such file or directory)
09-17 21:45:09.016 7920-8140/system_process D/Ethernet: got request NetworkRequest [ REQUEST id=1, [ Capabilities: INTERNET&NOT_RESTRICTED&TRUSTED&NOT_VPN] ] with score 0 and serial -1
09-17 21:45:09.018 7724-7739/? I/netd: interfaceGetList() -> {["rmnet_ipa0","p2p0","sit0","lo","wlan0","wlan1","bond0","ip6_vti0","dummy0","r_rmnet_data6","r_rmnet_data5","r_rmnet_data7","r_rmnet_data8","r_rmnet_data0","r_rmnet_data2","r_rmnet_data1","r_rmnet_data3","r_rmnet_data4","ip6tnl0","rmnet_data6","rmnet_data5","rmnet_data7","rmnet_data0","rmnet_data1","rmnet_data3","rmnet_data2","rmnet_data4","ip_vti0"]} <0.61ms>
09-17 21:45:09.019 7920-8140/system_process I/EthernetTracker: maybeTrackInterface rmnet_ipa0
    maybeTrackInterface p2p0
09-17 21:45:09.020 7920-8140/system_process I/EthernetTracker: maybeTrackInterface sit0
    maybeTrackInterface lo
09-17 21:45:09.021 7920-8140/system_process I/EthernetTracker: maybeTrackInterface wlan0
    maybeTrackInterface wlan1
09-17 21:45:09.022 7920-8140/system_process I/EthernetTracker: maybeTrackInterface bond0
    maybeTrackInterface ip6_vti0
09-17 21:45:09.023 7920-8140/system_process I/EthernetTracker: maybeTrackInterface dummy0
    maybeTrackInterface r_rmnet_data6
    maybeTrackInterface r_rmnet_data5
09-17 21:45:09.024 7920-8140/system_process I/EthernetTracker: maybeTrackInterface r_rmnet_data7
    maybeTrackInterface r_rmnet_data8
    maybeTrackInterface r_rmnet_data0
    maybeTrackInterface r_rmnet_data2
09-17 21:45:09.025 7920-8140/system_process I/EthernetTracker: maybeTrackInterface r_rmnet_data1
    maybeTrackInterface r_rmnet_data3
    maybeTrackInterface r_rmnet_data4
    maybeTrackInterface ip6tnl0
09-17 21:45:09.026 7920-8140/system_process I/EthernetTracker: maybeTrackInterface rmnet_data6
    maybeTrackInterface rmnet_data5
09-17 21:45:09.027 7920-8140/system_process I/EthernetTracker: maybeTrackInterface rmnet_data7
    maybeTrackInterface rmnet_data0
09-17 21:45:09.028 7920-8140/system_process I/EthernetTracker: maybeTrackInterface rmnet_data1
    maybeTrackInterface rmnet_data3
09-17 21:45:09.029 7920-8140/system_process I/EthernetTracker: maybeTrackInterface rmnet_data2
    maybeTrackInterface rmnet_data4
    maybeTrackInterface ip_vti0
09-17 21:45:09.037 7721-7721/? D/PermissionCache: checking android.permission.CAPTURE_AUDIO_HOTWORD for uid=1000 => granted (188 us)
09-17 21:45:09.039 7920-7920/system_process D/ContextHubSystemService: onBootPhase: PHASE_SYSTEM_SERVICES_READY
09-17 21:45:09.041 7920-7920/system_process I/PowerManagerService-JNI: Loaded power HAL service
09-17 21:45:09.044 7920-7920/system_process E/PerformanceManager: System is not ready, dropping profile request
    System is not ready, dropping profile request
09-17 21:45:09.044 7920-7920/system_process D/SystemServerTiming: StartBootPhaseSystemServicesReady took to complete: 105ms
09-17 21:45:09.044 7920-7920/system_process I/SystemServer: MakeWindowManagerServiceReady
09-17 21:45:09.057 590-590/? I/hwservicemanager: getTransport: Cannot find entry vendor.lineage.touch@1.0::IKeyDisabler/default in either framework or device manifest.
09-17 21:45:09.063 7920-7946/system_process I/ActivityTaskManager: Config changes=20 {1.0 ?mcc?mnc [en_US] ldltr sw432dp w432dp h792dp 400dpi nrml long port night finger -keyb/v/h -nav/h winConfig={ mBounds=Rect(0, 0 - 1080, 2160) mAppBounds=Rect(0, 0 - 1080, 2040) mWindowingMode=fullscreen mDisplayWindowingMode=fullscreen mActivityType=undefined mAlwaysOnTop=undefined mRotation=ROTATION_0} s.6}
09-17 21:45:09.083 7920-7946/system_process I/ActivityTaskManager: Override config changes=20 {1.0 ?mcc?mnc [en_US] ldltr sw432dp w432dp h792dp 400dpi nrml long port night finger -keyb/v/h -nav/h winConfig={ mBounds=Rect(0, 0 - 1080, 2160) mAppBounds=Rect(0, 0 - 1080, 2040) mWindowingMode=fullscreen mDisplayWindowingMode=fullscreen mActivityType=undefined mAlwaysOnTop=undefined mRotation=ROTATION_0} s.6} for displayId=0
09-17 21:45:09.087 7920-8106/system_process D/WifiActiveModeWarden: received a message in WifiDisabledState: { when=-1ms what=3 target=com.android.internal.util.StateMachine$SmHandler }
    Switching from WifiDisabledState to WifiDisabled
    Entering WifiDisabledState
09-17 21:45:09.091 7920-7920/system_process I/android_os_HwBinder: HwBinder: Starting thread pool for getting: android.hardware.configstore@1.0::ISurfaceFlingerConfigs/default
09-17 21:45:09.094 7920-7920/system_process D/SystemServerTiming: MakeWindowManagerServiceReady took to complete: 50ms
09-17 21:45:09.095 7920-7920/system_process I/SystemServer: MakePowerManagerServiceReady
09-17 21:45:09.106 7920-7945/system_process I/DropBoxManagerService: add tag=system_server_strictmode isTagEnabled=true flags=0x2
09-17 21:45:09.107 7920-7920/system_process E/DisplayPowerController: failed to set up display white-balance: java.lang.IllegalStateException: cannot find sensor com.google.sensor.color
09-17 21:45:09.109 7920-7945/system_process I/DropBoxManagerService: add tag=system_server_strictmode isTagEnabled=true flags=0x2
09-17 21:45:09.114 7920-7945/system_process I/chatty: uid=1000(system) android.io identical 2 lines
09-17 21:45:09.116 7920-7945/system_process I/DropBoxManagerService: add tag=system_server_strictmode isTagEnabled=true flags=0x2
09-17 21:45:09.118 7920-7959/system_process W/KeyguardServiceDelegate: onScreenTurningOn(): no keyguard service!
09-17 21:45:09.119 7920-7920/system_process D/SystemServerTiming: MakePowerManagerServiceReady took to complete: 24ms
09-17 21:45:09.119 7920-7920/system_process I/SystemServer: StartPermissionPolicyService
09-17 21:45:09.119 7920-7920/system_process I/SystemServiceManager: Starting com.android.server.policy.PermissionPolicyService
09-17 21:45:09.120 7920-7945/system_process I/DropBoxManagerService: add tag=system_server_strictmode isTagEnabled=true flags=0x2
09-17 21:45:09.121 7920-7920/system_process D/SystemServerTiming: StartPermissionPolicyService took to complete: 2ms
09-17 21:45:09.121 7920-7920/system_process I/SystemServer: MakePackageManagerServiceReady
09-17 21:45:09.124 7920-7945/system_process I/DropBoxManagerService: add tag=system_server_strictmode isTagEnabled=true flags=0x2
09-17 21:45:09.127 7920-7945/system_process I/chatty: uid=1000(system) android.io identical 1 line
09-17 21:45:09.129 7920-7945/system_process I/DropBoxManagerService: add tag=system_server_strictmode isTagEnabled=true flags=0x2
09-17 21:45:09.131 7920-7959/system_process V/DisplayPowerController: Brightness [128] reason changing to: 'override', previous reason: '0'.
09-17 21:45:09.131 7920-7945/system_process I/DropBoxManagerService: add tag=system_server_strictmode isTagEnabled=true flags=0x2
09-17 21:45:09.133 7920-7920/system_process I/PackageManager: Un-granting permission android.permission.REQUEST_INSTALL_PACKAGES from package com.kiwibrowser.browser (protectionLevel=66 flags=0x30c83e44)
09-17 21:45:09.134 7920-7920/system_process I/PackageManager: Un-granting permission android.permission.SYSTEM_ALERT_WINDOW from package com.sohu.inputmethod.sogou (protectionLevel=1250 flags=0x38d83e44)
    Un-granting permission android.permission.WRITE_SETTINGS from package com.sohu.inputmethod.sogou (protectionLevel=1218 flags=0x38d83e44)
09-17 21:45:09.135 7920-7920/system_process I/PackageManager: Un-granting permission android.permission.READ_LOGS from package com.sohu.inputmethod.sogou (protectionLevel=50 flags=0x38d83e44)
    Un-granting permission android.permission.CLEAR_APP_CACHE from package com.sohu.inputmethod.sogou (protectionLevel=18 flags=0x38d83e44)
    Un-granting permission android.permission.REQUEST_INSTALL_PACKAGES from package com.sohu.inputmethod.sogou (protectionLevel=66 flags=0x38d83e44)
09-17 21:45:09.136 7920-7920/system_process I/PackageManager: Un-granting permission android.permission.PACKAGE_USAGE_STATS from package com.sohu.inputmethod.sogou (protectionLevel=114 flags=0x38d83e44)
09-17 21:45:09.142 7920-7920/system_process I/PackageManager: Un-granting permission android.permission.WRITE_SETTINGS from package com.tencent.mm (protectionLevel=1218 flags=0x30983e44)
09-17 21:45:09.143 7920-7920/system_process I/PackageManager: Un-granting permission android.permission.PACKAGE_USAGE_STATS from package com.tencent.mm (protectionLevel=114 flags=0x30983e44)
    Un-granting permission android.permission.SYSTEM_ALERT_WINDOW from package com.tencent.mm (protectionLevel=1250 flags=0x30983e44)
09-17 21:45:09.144 7920-7920/system_process I/PackageManager: Un-granting permission android.permission.REQUEST_INSTALL_PACKAGES from package com.tencent.mm (protectionLevel=66 flags=0x30983e44)
09-17 21:45:09.151 7920-7920/system_process I/PackageManager: Un-granting permission android.permission.REQUEST_INSTALL_PACKAGES from package com.apkpure.installer (protectionLevel=66 flags=0x3848be44)
09-17 21:45:09.152 7920-7920/system_process I/PackageManager: Un-granting permission android.permission.WRITE_SECURE_SETTINGS from package com.kieronquinn.app.darq (protectionLevel=50 flags=0x30c8be44)
09-17 21:45:09.154 7920-7920/system_process I/PackageManager: Un-granting permission android.permission.REQUEST_INSTALL_PACKAGES from package org.meowcat.edxposed.manager (protectionLevel=66 flags=0x28c83e44)
09-17 21:45:09.155 7920-7920/system_process I/PackageManager: Un-granting permission android.permission.WRITE_SETTINGS from package org.fdroid.fdroid (protectionLevel=1218 flags=0x38c8be44)
09-17 21:45:09.156 7920-7920/system_process I/PackageManager: Un-granting permission android.permission.SYSTEM_ALERT_WINDOW from package in.omerjerk.fullscreenimmersive (protectionLevel=1250 flags=0x38c8be44)
    Un-granting permission android.permission.MOUNT_UNMOUNT_FILESYSTEMS from package top.imlk.confesstalk (protectionLevel=18 flags=0x3848be44)
09-17 21:45:09.158 7920-7920/system_process I/PackageManager: Un-granting permission android.permission.REQUEST_INSTALL_PACKAGES from package com.findtheway (protectionLevel=66 flags=0x38c8be44)
    Un-granting permission android.permission.ACCESS_DOWNLOAD_MANAGER from package com.findtheway (protectionLevel=18 flags=0x38c8be44)
09-17 21:45:09.159 7920-7920/system_process I/PackageManager: Un-granting permission android.permission.MOUNT_UNMOUNT_FILESYSTEMS from package hdfg159.qqsendpoke (protectionLevel=18 flags=0x3848be44)
09-17 21:45:09.164 7920-7920/system_process I/PackageManager: Un-granting permission android.permission.CHANGE_CONFIGURATION from package com.tencent.mobileqq (protectionLevel=50 flags=0x38883e44)
09-17 21:45:09.165 7920-7920/system_process I/PackageManager: Un-granting permission android.permission.SYSTEM_ALERT_WINDOW from package com.tencent.mobileqq (protectionLevel=1250 flags=0x38883e44)
    Un-granting permission android.permission.WRITE_SETTINGS from package com.tencent.mobileqq (protectionLevel=1218 flags=0x38883e44)
    Un-granting permission android.permission.READ_LOGS from package com.tencent.mobileqq (protectionLevel=50 flags=0x38883e44)
09-17 21:45:09.166 7920-7920/system_process I/PackageManager: Un-granting permission android.permission.INTERACT_ACROSS_USERS from package com.tencent.mobileqq (protectionLevel=50 flags=0x38883e44)
    Un-granting permission com.android.launcher3.permission.READ_SETTINGS from package com.tencent.mobileqq (protectionLevel=18 flags=0x38883e44)
    Un-granting permission com.android.launcher3.permission.WRITE_SETTINGS from package com.tencent.mobileqq (protectionLevel=18 flags=0x38883e44)
09-17 21:45:09.167 7920-7920/system_process I/PackageManager: Un-granting permission android.permission.REQUEST_INSTALL_PACKAGES from package com.tencent.mobileqq (protectionLevel=66 flags=0x38883e44)
    Un-granting permission android.permission.SYSTEM_ALERT_WINDOW from package io.animal.monkey (protectionLevel=1250 flags=0x30c8be46)
09-17 21:45:09.168 7920-7920/system_process I/PackageManager: Un-granting permission android.permission.CAPTURE_SECURE_VIDEO_OUTPUT from package ai.lazero.lazero (protectionLevel=2 flags=0x30c8bf46)
    Un-granting permission android.permission.CAPTURE_VIDEO_OUTPUT from package ai.lazero.lazero (protectionLevel=2 flags=0x30c8bf46)
09-17 21:45:09.169 7920-7920/system_process I/PackageManager: Un-granting permission android.permission.SYSTEM_ALERT_WINDOW from package ai.lazero.lazero (protectionLevel=1250 flags=0x30c8bf46)
    Un-granting permission android.permission.INTERNAL_SYSTEM_WINDOW from package ai.lazero.lazero (protectionLevel=2 flags=0x30c8bf46)
    Un-granting permission android.permission.BIND_DEVICE_ADMIN from package ai.lazero.lazero (protectionLevel=2 flags=0x30c8bf46)
09-17 21:45:09.170 7920-7920/system_process I/PackageManager: Un-granting permission android.permission.BIND_ACCESSIBILITY_SERVICE from package ai.lazero.lazero (protectionLevel=2 flags=0x30c8bf46)
    Un-granting permission android.permission.DEVICE_POWER from package ai.lazero.lazero (protectionLevel=2 flags=0x30c8bf46)
    Un-granting permission android.permission.READ_FRAME_BUFFER from package ai.lazero.lazero (protectionLevel=2 flags=0x30c8bf46)
09-17 21:45:09.170 7920-7920/system_process W/PackageManager: Privileged permission android.permission.MOUNT_UNMOUNT_FILESYSTEMS for package ai.lazero.lazero - not in privapp-permissions whitelist
09-17 21:45:09.170 7920-7920/system_process I/PackageManager: Un-granting permission android.permission.MOUNT_UNMOUNT_FILESYSTEMS from package ai.lazero.lazero (protectionLevel=18 flags=0x30c8bf46)
09-17 21:45:09.170 7920-7920/system_process W/PackageManager: Privileged permission android.permission.CAPTURE_AUDIO_OUTPUT for package ai.lazero.lazero - not in privapp-permissions whitelist
09-17 21:45:09.170 7920-7920/system_process I/PackageManager: Un-granting permission android.permission.CAPTURE_AUDIO_OUTPUT from package ai.lazero.lazero (protectionLevel=18 flags=0x30c8bf46)
09-17 21:45:09.171 7920-7920/system_process I/PackageManager: Un-granting permission android.permission.BIND_JOB_SERVICE from package ai.lazero.lazero (protectionLevel=2 flags=0x30c8bf46)
09-17 21:45:09.172 7920-7920/system_process I/PackageManager: Un-granting permission android.permission.REQUEST_INSTALL_PACKAGES from package org.lineageos.jelly (protectionLevel=66 flags=0x30c8be45)
    Un-granting permission android.permission.READ_LOGS from package ru.uMcSebxc.QziYqbJtk (protectionLevel=50 flags=0x3098be44)
09-17 21:45:09.173 7920-7920/system_process I/PackageManager: Un-granting permission android.permission.INTERACT_ACROSS_USERS_FULL from package ru.uMcSebxc.QziYqbJtk (protectionLevel=258 flags=0x3098be44)
    Un-granting permission android.permission.SYSTEM_ALERT_WINDOW from package ru.uMcSebxc.QziYqbJtk (protectionLevel=1250 flags=0x3098be44)
09-17 21:45:09.174 7920-7920/system_process I/PackageManager: Un-granting permission android.permission.WRITE_SETTINGS from package ru.uMcSebxc.QziYqbJtk (protectionLevel=1218 flags=0x3098be44)
    Un-granting permission android.permission.REQUEST_INSTALL_PACKAGES from package ru.uMcSebxc.QziYqbJtk (protectionLevel=66 flags=0x3098be44)
09-17 21:45:09.175 7920-7920/system_process I/PackageManager: Un-granting permission android.permission.WRITE_MEDIA_STORAGE from package ru.uMcSebxc.QziYqbJtk (protectionLevel=18 flags=0x3098be44)
    Un-granting permission android.permission.BATTERY_STATS from package ru.uMcSebxc.QziYqbJtk (protectionLevel=50 flags=0x3098be44)
09-17 21:45:09.176 7920-7920/system_process I/PackageManager: Un-granting permission android.permission.PROVIDE_TRUST_AGENT from package li.lingfeng.ltweaks (protectionLevel=18 flags=0x30c8be44)
    Un-granting permission android.permission.REQUEST_INSTALL_PACKAGES from package com.topjohnwu.magisk (protectionLevel=66 flags=0x38c8be44)
09-17 21:45:09.177 7920-7920/system_process I/PackageManager: Un-granting permission android.permission.SYSTEM_ALERT_WINDOW from package com.dv.adm (protectionLevel=1250 flags=0x3888be44)
    Un-granting permission android.permission.REQUEST_INSTALL_PACKAGES from package com.dv.adm (protectionLevel=66 flags=0x3888be44)
09-17 21:45:09.178 7920-7920/system_process I/PackageManager: Un-granting permission android.permission.REQUEST_INSTALL_PACKAGES from package player.normal.np (protectionLevel=66 flags=0x38d8be44)
    Un-granting permission android.permission.READ_LOGS from package com.bigsing.fakemap (protectionLevel=50 flags=0x30c8be44)
09-17 21:45:09.179 7920-7920/system_process I/PackageManager: Un-granting permission android.permission.WRITE_SETTINGS from package com.bigsing.fakemap (protectionLevel=1218 flags=0x30c8be44)
    Un-granting permission android.permission.REQUEST_INSTALL_PACKAGES from package com.bigsing.fakemap (protectionLevel=66 flags=0x30c8be44)
09-17 21:45:09.182 7920-7920/system_process I/PackageManager: Un-granting permission android.permission.READ_LOGS from package com.taobao.idlefish (protectionLevel=50 flags=0x38d83e44)
    Un-granting permission android.permission.SYSTEM_ALERT_WINDOW from package com.taobao.idlefish (protectionLevel=1250 flags=0x38d83e44)
    Un-granting permission android.permission.WRITE_SETTINGS from package com.taobao.idlefish (protectionLevel=1218 flags=0x38d83e44)
09-17 21:45:09.183 7920-7920/system_process I/PackageManager: Un-granting permission android.permission.MOUNT_UNMOUNT_FILESYSTEMS from package com.taobao.idlefish (protectionLevel=18 flags=0x38d83e44)
    Un-granting permission android.permission.UPDATE_APP_OPS_STATS from package com.taobao.idlefish (protectionLevel=274 flags=0x38d83e44)
    Un-granting permission android.permission.BATTERY_STATS from package com.taobao.idlefish (protectionLevel=50 flags=0x38d83e44)
09-17 21:45:09.184 7920-7920/system_process I/PackageManager: Un-granting permission android.permission.REQUEST_INSTALL_PACKAGES from package com.taobao.idlefish (protectionLevel=66 flags=0x38d83e44)
    Un-granting permission android.permission.CAPTURE_VIDEO_OUTPUT from package com.taobao.idlefish (protectionLevel=2 flags=0x38d83e44)
    Un-granting permission android.permission.MANAGE_FINGERPRINT from package com.taobao.idlefish (protectionLevel=18 flags=0x38d83e44)
09-17 21:45:09.186 7920-7920/system_process I/PackageManager: Un-granting permission android.permission.WRITE_SETTINGS from package com.xda.nobar (protectionLevel=1218 flags=0x30d8be44)
    Un-granting permission android.permission.SYSTEM_ALERT_WINDOW from package com.xda.nobar (protectionLevel=1250 flags=0x30d8be44)
    Un-granting permission android.permission.PACKAGE_USAGE_STATS from package com.xda.nobar (protectionLevel=114 flags=0x30d8be44)
09-17 21:45:09.187 7920-7920/system_process I/PackageManager: Un-granting permission android.permission.MODIFY_PHONE_STATE from package com.df.callblocker (protectionLevel=18 flags=0x3888be44)
09-17 21:45:09.190 7920-7920/system_process I/PackageManager: Un-granting permission android.permission.READ_LOGS from package cn.soulapp.android (protectionLevel=50 flags=0x38d8be44)
09-17 21:45:09.191 7920-7920/system_process I/PackageManager: Un-granting permission android.permission.SET_DEBUG_APP from package cn.soulapp.android (protectionLevel=50 flags=0x38d8be44)
    Un-granting permission android.permission.SYSTEM_ALERT_WINDOW from package cn.soulapp.android (protectionLevel=1250 flags=0x38d8be44)
09-17 21:45:09.192 7920-7920/system_process I/PackageManager: Un-granting permission android.permission.REQUEST_INSTALL_PACKAGES from package cn.soulapp.android (protectionLevel=66 flags=0x38d8be44)
    Un-granting permission android.permission.MOUNT_UNMOUNT_FILESYSTEMS from package cn.soulapp.android (protectionLevel=18 flags=0x38d8be44)
    Un-granting permission android.permission.WRITE_SETTINGS from package cn.soulapp.android (protectionLevel=1218 flags=0x38d8be44)
    Un-granting permission android.permission.READ_PRIVILEGED_PHONE_STATE from package cn.soulapp.android (protectionLevel=18 flags=0x38d8be44)
09-17 21:45:09.194 7920-7920/system_process I/PackageManager: Un-granting permission android.permission.SYSTEM_ALERT_WINDOW from package biz.obake.team.touchprotector (protectionLevel=1250 flags=0x30883e44)
    Un-granting permission android.permission.WRITE_SETTINGS from package com.baidu.netdisk (protectionLevel=1218 flags=0x30d87e44)
09-17 21:45:09.195 7920-7920/system_process I/PackageManager: Un-granting permission android.permission.MOUNT_UNMOUNT_FILESYSTEMS from package com.baidu.netdisk (protectionLevel=18 flags=0x30d87e44)
    Un-granting permission android.permission.SYSTEM_ALERT_WINDOW from package com.baidu.netdisk (protectionLevel=1250 flags=0x30d87e44)
    Un-granting permission android.permission.READ_LOGS from package com.baidu.netdisk (protectionLevel=50 flags=0x30d87e44)
09-17 21:45:09.196 7920-7920/system_process I/PackageManager: Un-granting permission android.permission.CLEAR_APP_CACHE from package com.baidu.netdisk (protectionLevel=18 flags=0x30d87e44)
    Un-granting permission android.permission.REQUEST_INSTALL_PACKAGES from package com.baidu.netdisk (protectionLevel=66 flags=0x30d87e44)
    Un-granting permission android.permission.PACKAGE_USAGE_STATS from package com.baidu.netdisk (protectionLevel=114 flags=0x30d87e44)
    Un-granting permission com.android.launcher3.permission.READ_SETTINGS from package com.baidu.netdisk (protectionLevel=18 flags=0x30d87e44)
09-17 21:45:09.197 7920-7920/system_process I/PackageManager: Un-granting permission android.permission.WRITE_SETTINGS from package com.taobao.taobao (protectionLevel=1218 flags=0x30983e44)
    Un-granting permission android.permission.SYSTEM_ALERT_WINDOW from package com.taobao.taobao (protectionLevel=1250 flags=0x30983e44)
    Un-granting permission android.permission.GET_INTENT_SENDER_INTENT from package com.taobao.taobao (protectionLevel=2 flags=0x30983e44)
09-17 21:45:09.198 7920-7920/system_process I/PackageManager: Un-granting permission android.permission.WRITE_MEDIA_STORAGE from package com.taobao.taobao (protectionLevel=18 flags=0x30983e44)
    Un-granting permission android.permission.READ_LOGS from package com.taobao.taobao (protectionLevel=50 flags=0x30983e44)
    Un-granting permission android.permission.REQUEST_INSTALL_PACKAGES from package com.taobao.taobao (protectionLevel=66 flags=0x30983e44)
    Un-granting permission android.permission.MANAGE_FINGERPRINT from package com.taobao.taobao (protectionLevel=18 flags=0x30983e44)
